Component: ARM Compiler 5.06 update 6 (build 750) Tool: armlink [4d35ed]

==============================================================================

Section Cross References

    startup_stm32f103xe.o(RESET) refers to startup_stm32f103xe.o(STACK) for __initial_sp
    startup_stm32f103xe.o(RESET) refers to startup_stm32f103xe.o(.text) for Reset_Handler
    startup_stm32f103xe.o(RESET) refers to stm32f1xx_it.o(i.NMI_Handler) for NMI_Handler
    startup_stm32f103xe.o(RESET) refers to stm32f1xx_it.o(i.HardFault_Handler) for HardFault_Handler
    startup_stm32f103xe.o(RESET) refers to stm32f1xx_it.o(i.MemManage_Handler) for MemManage_Handler
    startup_stm32f103xe.o(RESET) refers to stm32f1xx_it.o(i.BusFault_Handler) for BusFault_Handler
    startup_stm32f103xe.o(RESET) refers to stm32f1xx_it.o(i.UsageFault_Handler) for UsageFault_Handler
    startup_stm32f103xe.o(RESET) refers to stm32f1xx_it.o(i.SVC_Handler) for SVC_Handler
    startup_stm32f103xe.o(RESET) refers to stm32f1xx_it.o(i.DebugMon_Handler) for DebugMon_Handler
    startup_stm32f103xe.o(RESET) refers to stm32f1xx_it.o(i.PendSV_Handler) for PendSV_Handler
    startup_stm32f103xe.o(RESET) refers to stm32f1xx_it.o(i.SysTick_Handler) for SysTick_Handler
    startup_stm32f103xe.o(RESET) refers to stm32f1xx_it.o(i.DMA1_Channel5_IRQHandler) for DMA1_Channel5_IRQHandler
    startup_stm32f103xe.o(RESET) refers to stm32f1xx_it.o(i.DMA1_Channel6_IRQHandler) for DMA1_Channel6_IRQHandler
    startup_stm32f103xe.o(RESET) refers to stm32f1xx_it.o(i.TIM3_IRQHandler) for TIM3_IRQHandler
    startup_stm32f103xe.o(RESET) refers to stm32f1xx_it.o(i.USART1_IRQHandler) for USART1_IRQHandler
    startup_stm32f103xe.o(RESET) refers to stm32f1xx_it.o(i.USART2_IRQHandler) for USART2_IRQHandler
    startup_stm32f103xe.o(RESET) refers to stm32f1xx_it.o(i.TIM5_IRQHandler) for TIM5_IRQHandler
    startup_stm32f103xe.o(.text) refers to system_stm32f1xx.o(i.SystemInit) for SystemInit
    startup_stm32f103xe.o(.text) refers to entry.o(.ARM.Collect$$$$00000000) for __main
    stm32f1xx_hal_tim_ex.o(i.HAL_TIMEx_ConfigCommutationEvent_DMA) refers to stm32f1xx_hal_tim_ex.o(i.TIMEx_DMACommutationCplt) for TIMEx_DMACommutationCplt
    stm32f1xx_hal_tim_ex.o(i.HAL_TIMEx_ConfigCommutationEvent_DMA) refers to stm32f1xx_hal_tim.o(i.TIM_DMAError) for TIM_DMAError
    stm32f1xx_hal_tim_ex.o(i.HAL_TIMEx_HallSensor_DeInit) refers to stm32f1xx_hal_tim_ex.o(i.HAL_TIMEx_HallSensor_MspDeInit) for HAL_TIMEx_HallSensor_MspDeInit
    stm32f1xx_hal_tim_ex.o(i.HAL_TIMEx_HallSensor_Init) refers to stm32f1xx_hal_tim_ex.o(i.HAL_TIMEx_HallSensor_MspInit) for HAL_TIMEx_HallSensor_MspInit
    stm32f1xx_hal_tim_ex.o(i.HAL_TIMEx_HallSensor_Init) refers to stm32f1xx_hal_tim.o(i.TIM_Base_SetConfig) for TIM_Base_SetConfig
    stm32f1xx_hal_tim_ex.o(i.HAL_TIMEx_HallSensor_Init) refers to stm32f1xx_hal_tim.o(i.TIM_TI1_SetConfig) for TIM_TI1_SetConfig
    stm32f1xx_hal_tim_ex.o(i.HAL_TIMEx_HallSensor_Init) refers to stm32f1xx_hal_tim.o(i.TIM_OC2_SetConfig) for TIM_OC2_SetConfig
    stm32f1xx_hal_tim_ex.o(i.HAL_TIMEx_HallSensor_Start) refers to stm32f1xx_hal_tim.o(i.TIM_CCxChannelCmd) for TIM_CCxChannelCmd
    stm32f1xx_hal_tim_ex.o(i.HAL_TIMEx_HallSensor_Start_DMA) refers to stm32f1xx_hal_tim.o(i.TIM_CCxChannelCmd) for TIM_CCxChannelCmd
    stm32f1xx_hal_tim_ex.o(i.HAL_TIMEx_HallSensor_Start_DMA) refers to stm32f1xx_hal_dma.o(i.HAL_DMA_Start_IT) for HAL_DMA_Start_IT
    stm32f1xx_hal_tim_ex.o(i.HAL_TIMEx_HallSensor_Start_DMA) refers to stm32f1xx_hal_tim.o(i.TIM_DMACaptureCplt) for TIM_DMACaptureCplt
    stm32f1xx_hal_tim_ex.o(i.HAL_TIMEx_HallSensor_Start_DMA) refers to stm32f1xx_hal_tim.o(i.TIM_DMAError) for TIM_DMAError
    stm32f1xx_hal_tim_ex.o(i.HAL_TIMEx_HallSensor_Start_IT) refers to stm32f1xx_hal_tim.o(i.TIM_CCxChannelCmd) for TIM_CCxChannelCmd
    stm32f1xx_hal_tim_ex.o(i.HAL_TIMEx_HallSensor_Stop) refers to stm32f1xx_hal_tim.o(i.TIM_CCxChannelCmd) for TIM_CCxChannelCmd
    stm32f1xx_hal_tim_ex.o(i.HAL_TIMEx_HallSensor_Stop_DMA) refers to stm32f1xx_hal_tim.o(i.TIM_CCxChannelCmd) for TIM_CCxChannelCmd
    stm32f1xx_hal_tim_ex.o(i.HAL_TIMEx_HallSensor_Stop_IT) refers to stm32f1xx_hal_tim.o(i.TIM_CCxChannelCmd) for TIM_CCxChannelCmd
    stm32f1xx_hal_tim_ex.o(i.HAL_TIMEx_OCN_Start) refers to stm32f1xx_hal_tim_ex.o(i.TIM_CCxNChannelCmd) for TIM_CCxNChannelCmd
    stm32f1xx_hal_tim_ex.o(i.HAL_TIMEx_OCN_Start_DMA) refers to stm32f1xx_hal_dma.o(i.HAL_DMA_Start_IT) for HAL_DMA_Start_IT
    stm32f1xx_hal_tim_ex.o(i.HAL_TIMEx_OCN_Start_DMA) refers to stm32f1xx_hal_tim_ex.o(i.TIM_CCxNChannelCmd) for TIM_CCxNChannelCmd
    stm32f1xx_hal_tim_ex.o(i.HAL_TIMEx_OCN_Start_DMA) refers to stm32f1xx_hal_tim.o(i.TIM_DMADelayPulseCplt) for TIM_DMADelayPulseCplt
    stm32f1xx_hal_tim_ex.o(i.HAL_TIMEx_OCN_Start_DMA) refers to stm32f1xx_hal_tim.o(i.TIM_DMAError) for TIM_DMAError
    stm32f1xx_hal_tim_ex.o(i.HAL_TIMEx_OCN_Start_IT) refers to stm32f1xx_hal_tim_ex.o(i.TIM_CCxNChannelCmd) for TIM_CCxNChannelCmd
[...]
    ../mathlib/atof.c                        0x00000000   Number         0  atof.o ABSOLUTE
    ../mathlib/cos_i.c                       0x00000000   Number         0  cos_i.o ABSOLUTE
    ../mathlib/dunder.c                      0x00000000   Number         0  dunder.o ABSOLUTE
    ../mathlib/fpclassify.c                  0x00000000   Number         0  fpclassify.o ABSOLUTE
    ../mathlib/poly.c                        0x00000000   Number         0  poly.o ABSOLUTE
    ../mathlib/rred.c                        0x00000000   Number         0  rred.o ABSOLUTE
    ../mathlib/sin.c                         0x00000000   Number         0  sin_x.o ABSOLUTE
    ../mathlib/sin.c                         0x00000000   Number         0  sin.o ABSOLUTE
    ../mathlib/sin_i.c                       0x00000000   Number         0  sin_i.o ABSOLUTE
    ../mathlib/sin_i.c                       0x00000000   Number         0  sin_i_x.o ABSOLUTE
    ..\Drivers\STM32F1xx_HAL_Driver\Src\stm32f1xx_hal.c 0x00000000   Number         0  stm32f1xx_hal.o ABSOLUTE
    ..\Drivers\STM32F1xx_HAL_Driver\Src\stm32f1xx_hal_cortex.c 0x00000000   Number         0  stm32f1xx_hal_cortex.o ABSOLUTE
    ..\Drivers\STM32F1xx_HAL_Driver\Src\stm32f1xx_hal_dma.c 0x00000000   Number         0  stm32f1xx_hal_dma.o ABSOLUTE
    ..\Drivers\STM32F1xx_HAL_Driver\Src\stm32f1xx_hal_flash.c 0x00000000   Number         0  stm32f1xx_hal_flash.o ABSOLUTE
    ..\Drivers\STM32F1xx_HAL_Driver\Src\stm32f1xx_hal_flash_ex.c 0x00000000   Number         0  stm32f1xx_hal_flash_ex.o ABSOLUTE
    ..\Drivers\STM32F1xx_HAL_Driver\Src\stm32f1xx_hal_gpio.c 0x00000000   Number         0  stm32f1xx_hal_gpio.o ABSOLUTE
    ..\Drivers\STM32F1xx_HAL_Driver\Src\stm32f1xx_hal_gpio_ex.c 0x00000000   Number         0  stm32f1xx_hal_gpio_ex.o ABSOLUTE
    ..\Drivers\STM32F1xx_HAL_Driver\Src\stm32f1xx_hal_pwr.c 0x00000000   Number         0  stm32f1xx_hal_pwr.o ABSOLUTE
    ..\Drivers\STM32F1xx_HAL_Driver\Src\stm32f1xx_hal_rcc.c 0x00000000   Number         0  stm32f1xx_hal_rcc.o ABSOLUTE
    ..\Drivers\STM32F1xx_HAL_Driver\Src\stm32f1xx_hal_rcc_ex.c 0x00000000   Number         0  stm32f1xx_hal_rcc_ex.o ABSOLUTE
    ..\Drivers\STM32F1xx_HAL_Driver\Src\stm32f1xx_hal_tim.c 0x00000000   Number         0  stm32f1xx_hal_tim.o ABSOLUTE
    ..\Drivers\STM32F1xx_HAL_Driver\Src\stm32f1xx_hal_tim_ex.c 0x00000000   Number         0  stm32f1xx_hal_tim_ex.o ABSOLUTE
    ..\Drivers\STM32F1xx_HAL_Driver\Src\stm32f1xx_hal_uart.c 0x00000000   Number         0  stm32f1xx_hal_uart.o ABSOLUTE
    ..\Src\dma.c                             0x00000000   Number         0  dma.o ABSOLUTE
    ..\Src\gpio.c                            0x00000000   Number         0  gpio.o ABSOLUTE
    ..\Src\gps.c                             0x00000000   Number         0  gps.o ABSOLUTE
    ..\Src\lcd.c                             0x00000000   Number         0  lcd.o ABSOLUTE
    ..\Src\main.c                            0x00000000   Number         0  main.o ABSOLUTE
    ..\Src\mpu6050.c                         0x00000000   Number         0  mpu6050.o ABSOLUTE
    ..\Src\stm32f1xx_hal_msp.c               0x00000000   Number         0  stm32f1xx_hal_msp.o ABSOLUTE
    ..\Src\stm32f1xx_it.c                    0x00000000   Number         0  stm32f1xx_it.o ABSOLUTE
    ..\Src\tim.c                             0x00000000   Number         0  tim.o ABSOLUTE
    ..\Src\usart.c                           0x00000000   Number         0  usart.o ABSOLUTE
    ..\\Src\\gps.c                           0x00000000   Number         0  gps.o ABSOLUTE
    ..\\Src\\lcd.c                           0x00000000   Number         0  lcd.o ABSOLUTE
    ..\\Src\\mpu6050.c                       0x00000000   Number         0  mpu6050.o ABSOLUTE
    ..\\Src\system_stm32f1xx.c               0x00000000   Number         0  system_stm32f1xx.o ABSOLUTE
    cdrcmple.s                               0x00000000   Number         0  cdrcmple.o ABSOLUTE
    dc.s                                     0x00000000   Number         0  dc.o ABSOLUTE
    handlers.s                               0x00000000   Number         0  handlers.o ABSOLUTE
    init.s                                   0x00000000   Number         0  init.o ABSOLUTE
    startup_stm32f103xe.s                    0x00000000   Number         0  startup_stm32f103xe.o ABSOLUTE
    RESET                                    0x08000000   Section      304  startup_stm32f103xe.o(RESET)
    .ARM.Collect$$$$00000000                 0x08000130   Section        0  entry.o(.ARM.Collect$$$$00000000)
    .ARM.Collect$$$$00000001                 0x08000130   Section        4  entry2.o(.ARM.Collect$$$$00000001)
    .ARM.Collect$$$$00000004                 0x08000134   Section        4  entry5.o(.ARM.Collect$$$$00000004)
    .ARM.Collect$$$$00000008                 0x08000138   Section        0  entry7b.o(.ARM.Collect$$$$00000008)
    .ARM.Collect$$$$0000000A                 0x08000138   Section        0  entry8b.o(.ARM.Collect$$$$0000000A)
    .ARM.Collect$$$$0000000B                 0x08000138   Section        8  entry9a.o(.ARM.Collect$$$$0000000B)
    .ARM.Collect$$$$0000000D                 0x08000140   Section        0  entry10a.o(.ARM.Collect$$$$0000000D)
    .ARM.Collect$$$$0000000F                 0x08000140   Section        0  entry11a.o(.ARM.Collect$$$$0000000F)
    .ARM.Collect$$$$00002712                 0x08000140   Section        4  entry2.o(.ARM.Collect$$$$00002712)
    __lit__00000000                          0x08000140   Data           4  entry2.o(.ARM.Collect$$$$00002712)
    .text                                    0x08000144   Section       36  startup_stm32f103xe.o(.text)
    .text                                    0x08000168   Section        0  llushr.o(.text)
    .text                                    0x08000188   Section        0  memcpya.o(.text)
    .text                                    0x080001ac   Section        0  memseta.o(.text)
    .text                                    0x080001d0   Section        0  strstr.o(.text)
    .text                                    0x080001f4   Section        0  fadd.o(.text)
    .text                                    0x080002a4   Section        0  dadd.o(.text)
    .text                                    0x080003f2   Section        0  dmul.o(.text)
    .text                                    0x080004d6   Section        0  ddiv.o(.text)
    .text                                    0x080005b4   Section        0  dscalb.o(.text)
    .text                                    0x080005e2   Section        0  ffltui.o(.text)
    .text                                    0x080005ec   Section        0  dflti.o(.text)
    .text                                    0x0800060e   Section        0  dfltui.o(.text)
    .text                                    0x08000628   Section        0  ffixui.o(.text)
    .text                                    0x08000650   Section        0  dfixui.o(.text)
    .text                                    0x08000682   Section        0  f2d.o(.text)
    .text                                    0x080006a8   Section        0  d2f.o(.text)
    .text                                    0x080006e0   Section        0  uidiv.o(.text)
    .text                                    0x0800070c   Section        0  uldiv.o(.text)
    .text                                    0x0800076e   Section        0  llshl.o(.text)
    .text                                    0x0800078c   Section        0  llsshr.o(.text)
    .text                                    0x080007b0   Section        0  strtod.o(.text)
    _local_sscanf                            0x080007b1   Thumb Code    54  strtod.o(.text)
    .text                                    0x0800084c   Section        0  fepilogue.o(.text)
    .text                                    0x0800084c   Section        0  iusefp.o(.text)
    .text                                    0x080008ba   Section        0  depilogue.o(.text)
    .text                                    0x08000974   Section        0  dfixul.o(.text)
    .text                                    0x080009a4   Section       48  cdrcmple.o(.text)
    .text                                    0x080009d4   Section       36  init.o(.text)
    .text                                    0x080009f8   Section        0  isspace_c.o(.text)
    .text                                    0x08000a04   Section        0  scanf_fp.o(.text)
    _fp_value                                0x08000a05   Thumb Code   296  scanf_fp.o(.text)
    .text                                    0x08000d64   Section        0  _sgetc.o(.text)
    .text                                    0x08000da4   Section        0  dfixi.o(.text)
    .text                                    0x08000de4   Section        0  ctype_c.o(.text)
    .text                                    0x08000e0c   Section        0  dfltul.o(.text)
    i.BusFault_Handler                       0x08000e24   Section        0  stm32f1xx_it.o(i.BusFault_Handler)
    i.DMA1_Channel5_IRQHandler               0x08000e28   Section        0  stm32f1xx_it.o(i.DMA1_Channel5_IRQHandler)
    i.DMA1_Channel6_IRQHandler               0x08000e34   Section        0  stm32f1xx_it.o(i.DMA1_Channel6_IRQHandler)
    i.DebugMon_Handler                       0x08000e40   Section        0  stm32f1xx_it.o(i.DebugMon_Handler)
    i.Du2Fen                                 0x08000e44   Section        0  main.o(i.Du2Fen)
    i.GPS_dataPrase                          0x08000ea8   Section        0  gps.o(i.GPS_dataPrase)
    i.HAL_DMA_Abort_IT                       0x0800121c   Section        0  stm32f1xx_hal_dma.o(i.HAL_DMA_Abort_IT)
    i.HAL_DMA_IRQHandler                     0x0800134c   Section        0  stm32f1xx_hal_dma.o(i.HAL_DMA_IRQHandler)
    i.HAL_DMA_Init                           0x08001594   Section        0  stm32f1xx_hal_dma.o(i.HAL_DMA_Init)
    i.HAL_Delay                              0x08001618   Section        0  stm32f1xx_hal.o(i.HAL_Delay)
    i.HAL_GPIO_Init                          0x0800163c   Section        0  stm32f1xx_hal_gpio.o(i.HAL_GPIO_Init)
    i.HAL_GPIO_WritePin                      0x08001824   Section        0  stm32f1xx_hal_gpio.o(i.HAL_GPIO_WritePin)
    i.HAL_GetTick                            0x08001830   Section        0  stm32f1xx_hal.o(i.HAL_GetTick)
    i.HAL_IncTick                            0x0800183c   Section        0  stm32f1xx_hal.o(i.HAL_IncTick)
    i.HAL_Init                               0x0800184c   Section        0  stm32f1xx_hal.o(i.HAL_Init)
    i.HAL_InitTick                           0x08001870   Section        0  stm32f1xx_hal.o(i.HAL_InitTick)
    i.HAL_MspInit                            0x080018b0   Section        0  stm32f1xx_hal_msp.o(i.HAL_MspInit)
    i.HAL_NVIC_EnableIRQ                     0x08001930   Section        0  stm32f1xx_hal_cortex.o(i.HAL_NVIC_EnableIRQ)
    i.HAL_NVIC_SetPriority                   0x08001948   Section        0  stm32f1xx_hal_cortex.o(i.HAL_NVIC_SetPriority)
    i.HAL_NVIC_SetPriorityGrouping           0x08001988   Section        0  stm32f1xx_hal_cortex.o(i.HAL_NVIC_SetPriorityGrouping)
    i.HAL_RCC_ClockConfig                    0x080019ac   Section        0  stm32f1xx_hal_rcc.o(i.HAL_RCC_ClockConfig)
    i.HAL_RCC_GetHCLKFreq                    0x08001b00   Section        0  stm32f1xx_hal_rcc.o(i.HAL_RCC_GetHCLKFreq)
    i.HAL_RCC_GetPCLK1Freq                   0x08001b0c   Section        0  stm32f1xx_hal_rcc.o(i.HAL_RCC_GetPCLK1Freq)
    i.HAL_RCC_GetPCLK2Freq                   0x08001b2c   Section        0  stm32f1xx_hal_rcc.o(i.HAL_RCC_GetPCLK2Freq)
    i.HAL_RCC_GetSysClockFreq                0x08001b4c   Section        0  stm32f1xx_hal_rcc.o(i.HAL_RCC_GetSysClockFreq)
    i.HAL_RCC_OscConfig                      0x08001bb8   Section        0  stm32f1xx_hal_rcc.o(i.HAL_RCC_OscConfig)
    i.HAL_SYSTICK_CLKSourceConfig            0x08001ebc   Section        0  stm32f1xx_hal_cortex.o(i.HAL_SYSTICK_CLKSourceConfig)
    i.HAL_SYSTICK_Callback                   0x08001ed4   Section        0  stm32f1xx_hal_cortex.o(i.HAL_SYSTICK_Callback)
    i.HAL_SYSTICK_Config                     0x08001ed6   Section        0  stm32f1xx_hal_cortex.o(i.HAL_SYSTICK_Config)
    i.HAL_SYSTICK_IRQHandler                 0x08001efe   Section        0  stm32f1xx_hal_cortex.o(i.HAL_SYSTICK_IRQHandler)
    i.HAL_TIMEx_BreakCallback                0x08001f06   Section        0  stm32f1xx_hal_tim_ex.o(i.HAL_TIMEx_BreakCallback)
    i.HAL_TIMEx_CommutationCallback          0x08001f08   Section        0  stm32f1xx_hal_tim_ex.o(i.HAL_TIMEx_CommutationCallback)
    i.HAL_TIMEx_MasterConfigSynchronization  0x08001f0a   Section        0  stm32f1xx_hal_tim_ex.o(i.HAL_TIMEx_MasterConfigSynchronization)
    i.HAL_TIM_Base_Init                      0x08001f5a   Section        0  stm32f1xx_hal_tim.o(i.HAL_TIM_Base_Init)
    i.HAL_TIM_Base_MspInit                   0x08001f90   Section        0  tim.o(i.HAL_TIM_Base_MspInit)
    i.HAL_TIM_Base_Start_IT                  0x08001fd0   Section        0  stm32f1xx_hal_tim.o(i.HAL_TIM_Base_Start_IT)
    i.HAL_TIM_Base_Stop_IT                   0x08001fe8   Section        0  stm32f1xx_hal_tim.o(i.HAL_TIM_Base_Stop_IT)
    i.HAL_TIM_ConfigClockSource              0x08002012   Section        0  stm32f1xx_hal_tim.o(i.HAL_TIM_ConfigClockSource)
    i.HAL_TIM_IC_CaptureCallback             0x08002104   Section        0  stm32f1xx_hal_tim.o(i.HAL_TIM_IC_CaptureCallback)
    i.HAL_TIM_IRQHandler                     0x08002106   Section        0  stm32f1xx_hal_tim.o(i.HAL_TIM_IRQHandler)
    i.HAL_TIM_OC_DelayElapsedCallback        0x0800226c   Section        0  stm32f1xx_hal_tim.o(i.HAL_TIM_OC_DelayElapsedCallback)
    i.HAL_TIM_PWM_PulseFinishedCallback      0x0800226e   Section        0  stm32f1xx_hal_tim.o(i.HAL_TIM_PWM_PulseFinishedCallback)
    i.HAL_TIM_PeriodElapsedCallback          0x08002270   Section        0  main.o(i.HAL_TIM_PeriodElapsedCallback)
    i.HAL_TIM_TriggerCallback                0x080022b8   Section        0  stm32f1xx_hal_tim.o(i.HAL_TIM_TriggerCallback)
    i.HAL_UART_ErrorCallback                 0x080022ba   Section        0  stm32f1xx_hal_uart.o(i.HAL_UART_ErrorCallback)
    i.HAL_UART_IRQHandler                    0x080022bc   Section        0  stm32f1xx_hal_uart.o(i.HAL_UART_IRQHandler)
    i.HAL_UART_Init                          0x080023cc   Section        0  stm32f1xx_hal_uart.o(i.HAL_UART_Init)
    i.HAL_UART_MspInit                       0x08002430   Section        0  usart.o(i.HAL_UART_MspInit)
    i.HAL_UART_RxCpltCallback                0x08002530   Section        0  stm32f1xx_hal_uart.o(i.HAL_UART_RxCpltCallback)
    i.HAL_UART_Transmit                      0x08002532   Section        0  stm32f1xx_hal_uart.o(i.HAL_UART_Transmit)
    i.HAL_UART_TxCpltCallback                0x080025ec   Section        0  stm32f1xx_hal_uart.o(i.HAL_UART_TxCpltCallback)
    i.HardFault_Handler                      0x080025ee   Section        0  stm32f1xx_it.o(i.HardFault_Handler)
    i.LCD_Clear                              0x080025f0   Section        0  lcd.o(i.LCD_Clear)
    i.LCD_Display_Dir                        0x08002670   Section        0  lcd.o(i.LCD_Display_Dir)
    i.LCD_Fast_DrawPoint                     0x080027a4   Section        0  lcd.o(i.LCD_Fast_DrawPoint)
    i.LCD_Init                               0x080029f4   Section        0  lcd.o(i.LCD_Init)
    i.LCD_RD_DATA                            0x080061f4   Section        0  lcd.o(i.LCD_RD_DATA)
    i.LCD_ReadReg                            0x08006264   Section        0  lcd.o(i.LCD_ReadReg)
    i.LCD_SSD_BackLightSet                   0x08006274   Section        0  lcd.o(i.LCD_SSD_BackLightSet)
    i.LCD_Scan_Dir                           0x08006310   Section        0  lcd.o(i.LCD_Scan_Dir)
    i.LCD_SetCursor                          0x08006660   Section        0  lcd.o(i.LCD_SetCursor)
    i.LCD_ShowChar                           0x080069ac   Section        0  lcd.o(i.LCD_ShowChar)
    i.LCD_ShowString                         0x08006a80   Section        0  lcd.o(i.LCD_ShowString)
    i.LCD_WR_DATAX                           0x08006ad4   Section        0  lcd.o(i.LCD_WR_DATAX)
    i.LCD_WR_REG                             0x08006af8   Section        0  lcd.o(i.LCD_WR_REG)
    i.LCD_WriteRAM_Prepare                   0x08006b1c   Section        0  lcd.o(i.LCD_WriteRAM_Prepare)
    i.LCD_WriteReg                           0x08006b28   Section        0  lcd.o(i.LCD_WriteReg)
    i.LED_Init                               0x08006b54   Section        0  gpio.o(i.LED_Init)
    i.MPU6050_Init                           0x08006bc8   Section        0  mpu6050.o(i.MPU6050_Init)
    i.MPU6050_PraseData                      0x08006bf4   Section        0  mpu6050.o(i.MPU6050_PraseData)
    i.MX_DMA_Init                            0x08006df0   Section        0  dma.o(i.MX_DMA_Init)
    i.MX_GPIO_Init                           0x08006e0c   Section        0  gpio.o(i.MX_GPIO_Init)
    i.MX_NVIC_Init                           0x08006e38   Section        0  main.o(i.MX_NVIC_Init)
    MX_NVIC_Init                             0x08006e39   Thumb Code   102  main.o(i.MX_NVIC_Init)
    i.MX_TIM3_Init                           0x08006ea0   Section        0  tim.o(i.MX_TIM3_Init)
    i.MX_TIM5_Init                           0x08006f18   Section        0  tim.o(i.MX_TIM5_Init)
    i.MX_USART1_UART_Init                    0x08006f8c   Section        0  usart.o(i.MX_USART1_UART_Init)
    i.MX_USART2_UART_Init                    0x08006fd8   Section        0  usart.o(i.MX_USART2_UART_Init)
    i.MemManage_Handler                      0x08007024   Section        0  stm32f1xx_it.o(i.MemManage_Handler)
    i.NMI_Handler                            0x08007026   Section        0  stm32f1xx_it.o(i.NMI_Handler)
    i.NVIC_SetPriority                       0x08007028   Section        0  stm32f1xx_hal_cortex.o(i.NVIC_SetPriority)
    NVIC_SetPriority                         0x08007029   Thumb Code    32  stm32f1xx_hal_cortex.o(i.NVIC_SetPriority)
    i.PendSV_Handler                         0x08007048   Section        0  stm32f1xx_it.o(i.PendSV_Handler)
    i.SVC_Handler                            0x0800704a   Section        0  stm32f1xx_it.o(i.SVC_Handler)
    i.SysTick_Handler                        0x0800704c   Section        0  stm32f1xx_it.o(i.SysTick_Handler)
    i.SystemClock_Config                     0x0800705a   Section        0  main.o(i.SystemClock_Config)
    i.SystemInit                             0x080070c4   Section        0  system_stm32f1xx.o(i.SystemInit)
    i.TIM3_IRQHandler                        0x0800710c   Section        0  stm32f1xx_it.o(i.TIM3_IRQHandler)
    i.TIM5_IRQHandler                        0x08007118   Section        0  stm32f1xx_it.o(i.TIM5_IRQHandler)
    i.TIM_Base_SetConfig                     0x08007124   Section        0  stm32f1xx_hal_tim.o(i.TIM_Base_SetConfig)
    i.TIM_ETR_SetConfig                      0x080071b0   Section        0  stm32f1xx_hal_tim.o(i.TIM_ETR_SetConfig)
    TIM_ETR_SetConfig                        0x080071b1   Thumb Code    20  stm32f1xx_hal_tim.o(i.TIM_ETR_SetConfig)
    i.TIM_ITRx_SetConfig                     0x080071c4   Section        0  stm32f1xx_hal_tim.o(i.TIM_ITRx_SetConfig)
    TIM_ITRx_SetConfig                       0x080071c5   Thumb Code    16  stm32f1xx_hal_tim.o(i.TIM_ITRx_SetConfig)
    i.TIM_TI1_ConfigInputStage               0x080071d4   Section        0  stm32f1xx_hal_tim.o(i.TIM_TI1_ConfigInputStage)
    TIM_TI1_ConfigInputStage                 0x080071d5   Thumb Code    34  stm32f1xx_hal_tim.o(i.TIM_TI1_ConfigInputStage)
    i.TIM_TI2_ConfigInputStage               0x080071f6   Section        0  stm32f1xx_hal_tim.o(i.TIM_TI2_ConfigInputStage)
    TIM_TI2_ConfigInputStage                 0x080071f7   Thumb Code    36  stm32f1xx_hal_tim.o(i.TIM_TI2_ConfigInputStage)
    i.UART_DMAAbortOnError                   0x0800721a   Section        0  stm32f1xx_hal_uart.o(i.UART_DMAAbortOnError)
    UART_DMAAbortOnError                     0x0800721b   Thumb Code    16  stm32f1xx_hal_uart.o(i.UART_DMAAbortOnError)
    i.UART_EndRxTransfer                     0x0800722a   Section        0  stm32f1xx_hal_uart.o(i.UART_EndRxTransfer)
    UART_EndRxTransfer                       0x0800722b   Thumb Code    28  stm32f1xx_hal_uart.o(i.UART_EndRxTransfer)
    i.UART_Receive_IT                        0x08007246   Section        0  stm32f1xx_hal_uart.o(i.UART_Receive_IT)
    UART_Receive_IT                          0x08007247   Thumb Code   150  stm32f1xx_hal_uart.o(i.UART_Receive_IT)
    i.UART_SetConfig                         0x080072dc   Section        0  stm32f1xx_hal_uart.o(i.UART_SetConfig)
    UART_SetConfig                           0x080072dd   Thumb Code   364  stm32f1xx_hal_uart.o(i.UART_SetConfig)
    i.UART_Transmit_IT                       0x0800744c   Section        0  stm32f1xx_hal_uart.o(i.UART_Transmit_IT)
    UART_Transmit_IT                         0x0800744d   Thumb Code    98  stm32f1xx_hal_uart.o(i.UART_Transmit_IT)
    i.UART_WaitOnFlagUntilTimeout            0x080074ae   Section        0  stm32f1xx_hal_uart.o(i.UART_WaitOnFlagUntilTimeout)
    UART_WaitOnFlagUntilTimeout              0x080074af   Thumb Code   100  stm32f1xx_hal_uart.o(i.UART_WaitOnFlagUntilTimeout)
    i.USART1_IRQHandler                      0x08007514   Section        0  stm32f1xx_it.o(i.USART1_IRQHandler)
    i.USART2_IRQHandler                      0x080075a8   Section        0  stm32f1xx_it.o(i.USART2_IRQHandler)
    i.UsageFault_Handler                     0x08007618   Section        0  stm32f1xx_it.o(i.UsageFault_Handler)
    i._Error_Handler                         0x0800761a   Section        0  main.o(i._Error_Handler)
    i.__0printf                              0x0800761c   Section        0  printfa.o(i.__0printf)
    i.__0sprintf                             0x0800763c   Section        0  printfa.o(i.__0sprintf)
    i.__ARM_fpclassify                       0x08007664   Section        0  fpclassify.o(i.__ARM_fpclassify)
    i.__ieee754_rem_pio2                     0x0800768c   Section        0  rred.o(i.__ieee754_rem_pio2)
    i.__kernel_cos                           0x08007a14   Section        0  cos_i.o(i.__kernel_cos)
    i.__kernel_poly                          0x08007b10   Section        0  poly.o(i.__kernel_poly)
    i.__kernel_sin                           0x08007bbc   Section        0  sin_i.o(i.__kernel_sin)
    i.__mathlib_dbl_infnan                   0x08007ca8   Section        0  dunder.o(i.__mathlib_dbl_infnan)
    i.__mathlib_dbl_invalid                  0x08007cae   Section        0  dunder.o(i.__mathlib_dbl_invalid)
    i.__mathlib_dbl_underflow                0x08007cbc   Section        0  dunder.o(i.__mathlib_dbl_underflow)
    i.__read_errno                           0x08007ccc   Section        0  errno.o(i.__read_errno)
    i.__scatterload_copy                     0x08007cd8   Section       14  handlers.o(i.__scatterload_copy)
    i.__scatterload_null                     0x08007ce6   Section        2  handlers.o(i.__scatterload_null)
    i.__scatterload_zeroinit                 0x08007ce8   Section       14  handlers.o(i.__scatterload_zeroinit)
    i.__set_errno                            0x08007cf8   Section        0  errno.o(i.__set_errno)
    i._fp_digits                             0x08007d04   Section        0  printfa.o(i._fp_digits)
    _fp_digits                               0x08007d05   Thumb Code   366  printfa.o(i._fp_digits)
    i._is_digit                              0x08007e88   Section        0  scanf_fp.o(i._is_digit)
    i._printf_core                           0x08007e98   Section        0  printfa.o(i._printf_core)
    _printf_core                             0x08007e99   Thumb Code  1744  printfa.o(i._printf_core)
    i._printf_post_padding                   0x08008574   Section        0  printfa.o(i._printf_post_padding)
    _printf_post_padding                     0x08008575   Thumb Code    36  printfa.o(i._printf_post_padding)
    i._printf_pre_padding                    0x08008598   Section        0  printfa.o(i._printf_pre_padding)
    _printf_pre_padding                      0x08008599   Thumb Code    46  printfa.o(i._printf_pre_padding)
    i._sputc                                 0x080085c6   Section        0  printfa.o(i._sputc)
    _sputc                                   0x080085c7   Thumb Code    10  printfa.o(i._sputc)
    i.atof                                   0x080085d0   Section        0  atof.o(i.atof)
    i.clrStruct                              0x080085fc   Section        0  gps.o(i.clrStruct)
    i.delay_us                               0x08008650   Section        0  lcd.o(i.delay_us)
    i.fputc                                  0x08008678   Section        0  usart.o(i.fputc)
    i.main                                   0x08008690   Section        0  main.o(i.main)
    i.sin                                    0x08008b54   Section        0  sin.o(i.sin)
    .constdata                               0x08008bf4   Section       16  system_stm32f1xx.o(.constdata)
    .constdata                               0x08008c04   Section        8  system_stm32f1xx.o(.constdata)
    .constdata                               0x08008c0c   Section     6080  lcd.o(.constdata)
    .constdata                               0x0800a3d0   Section       48  cos_i.o(.constdata)
    C                                        0x0800a3d0   Data          48  cos_i.o(.constdata)
    .constdata                               0x0800a400   Section      200  rred.o(.constdata)
    pio2s                                    0x0800a400   Data          48  rred.o(.constdata)
    twooverpi                                0x0800a430   Data         152  rred.o(.constdata)
    .constdata                               0x0800a4c8   Section       40  sin_i.o(.constdata)
    S                                        0x0800a4c8   Data          40  sin_i.o(.constdata)
    .constdata                               0x0800a4f0   Section       64  ctype_c.o(.constdata)
    .data                                    0x20000000   Section       12  stm32f1xx_hal.o(.data)
    .data                                    0x2000000c   Section        4  system_stm32f1xx.o(.data)
    .data                                    0x20000010   Section       40  main.o(.data)
    .data                                    0x20000038   Section        4  main.o(.data)
    .data                                    0x2000003c   Section        2  usart.o(.data)
    .data                                    0x2000003e   Section        1  usart.o(.data)
    .data                                    0x20000040   Section        8  mpu6050.o(.data)
    .data                                    0x20000048   Section        9  gps.o(.data)
    .data                                    0x20000054   Section        8  lcd.o(.data)
    .data                                    0x2000005c   Section        4  stdout.o(.data)
    .data                                    0x20000060   Section        4  errno.o(.data)
    _errno                                   0x20000060   Data           4  errno.o(.data)
    .bss                                     0x20000064   Section      240  main.o(.bss)
    ClearBuffer                              0x20000064   Data          30  main.o(.bss)
    MPU6050Buffer                            0x20000082   Data          30  main.o(.bss)
    MPU6050Buffer1                           0x200000a0   Data          30  main.o(.bss)
    .bss                                     0x20000154   Section      128  tim.o(.bss)
    .bss                                     0x200001d4   Section      256  usart.o(.bss)
    .bss                                     0x200002d4   Section      264  usart.o(.bss)
    .bss                                     0x200003dc   Section       11  stm32f1xx_it.o(.bss)
    .bss                                     0x200003e8   Section      102  mpu6050.o(.bss)
    temp                                     0x20000443   Data          11  mpu6050.o(.bss)
    .bss                                     0x2000044e   Section      536  gps.o(.bss)
    .bss                                     0x20000666   Section       14  lcd.o(.bss)
    STACK                                    0x20000678   Section     1024  startup_stm32f103xe.o(STACK)

    Global Symbols

    Symbol Name                              Value     Ov Type        Size  Object(Section)

    BuildAttributes$$THM_ISAv4$P$D$K$B$S$PE$A:L22UL41UL21$X:L11$S22US41US21$IEEE1$IW$USESV6$~STKCKD$USESV7$~SHL$OTIME$ROPI$IEEEX$EBA8$MICROLIB$REQ8$PRES8$EABIv2 0x00000000   Number         0  anon$$obj.o ABSOLUTE
    __ARM_use_no_argv                        0x00000000   Number         0  main.o ABSOLUTE
    _printf_a                                0x00000000   Number         0  stubs.o ABSOLUTE
    _printf_c                                0x00000000   Number         0  stubs.o ABSOLUTE
    _printf_charcount                        0x00000000   Number         0  stubs.o ABSOLUTE
    _printf_d                                0x00000000   Number         0  stubs.o ABSOLUTE
    _printf_e                                0x00000000   Number         0  stubs.o ABSOLUTE
    _printf_f                                0x00000000   Number         0  stubs.o ABSOLUTE
    _printf_flags                            0x00000000   Number         0  stubs.o ABSOLUTE
    _printf_fp_dec                           0x00000000   Number         0  stubs.o ABSOLUTE
    _printf_fp_hex                           0x00000000   Number         0  stubs.o ABSOLUTE
    _printf_g                                0x00000000   Number         0  stubs.o ABSOLUTE
    _printf_i                                0x00000000   Number         0  stubs.o ABSOLUTE
    _printf_int_dec                          0x00000000   Number         0  stubs.o ABSOLUTE
    _printf_l                                0x00000000   Number         0  stubs.o ABSOLUTE
    _printf_lc                               0x00000000   Number         0  stubs.o ABSOLUTE
    _printf_ll                               0x00000000   Number         0  stubs.o ABSOLUTE
    _printf_lld                              0x00000000   Number         0  stubs.o ABSOLUTE
    _printf_lli                              0x00000000   Number         0  stubs.o ABSOLUTE
    _printf_llo                              0x00000000   Number         0  stubs.o ABSOLUTE
    _printf_llu                              0x00000000   Number         0  stubs.o ABSOLUTE
    _printf_llx                              0x00000000   Number         0  stubs.o ABSOLUTE
    _printf_longlong_dec                     0x00000000   Number         0  stubs.o ABSOLUTE
    _printf_longlong_hex                     0x00000000   Number         0  stubs.o ABSOLUTE
    _printf_longlong_oct                     0x00000000   Number         0  stubs.o ABSOLUTE
    _printf_ls                               0x00000000   Number         0  stubs.o ABSOLUTE
    _printf_mbtowc                           0x00000000   Number         0  stubs.o ABSOLUTE
    _printf_n                                0x00000000   Number         0  stubs.o ABSOLUTE
    _printf_o                                0x00000000   Number         0  stubs.o ABSOLUTE
    _printf_p                                0x00000000   Number         0  stubs.o ABSOLUTE
    _printf_percent                          0x00000000   Number         0  stubs.o ABSOLUTE
    _printf_pre_padding                      0x00000000   Number         0  stubs.o ABSOLUTE
    _printf_return_value                     0x00000000   Number         0  stubs.o ABSOLUTE
    _printf_s                                0x00000000   Number         0  stubs.o ABSOLUTE
    _printf_sizespec                         0x00000000   Number         0  stubs.o ABSOLUTE
    _printf_str                              0x00000000   Number         0  stubs.o ABSOLUTE
    _printf_truncate_signed                  0x00000000   Number         0  stubs.o ABSOLUTE
    _printf_truncate_unsigned                0x00000000   Number         0  stubs.o ABSOLUTE
    _printf_u                                0x00000000   Number         0  stubs.o ABSOLUTE
    _printf_wc                               0x00000000   Number         0  stubs.o ABSOLUTE
    _printf_wctomb                           0x00000000   Number         0  stubs.o ABSOLUTE
    _printf_widthprec                        0x00000000   Number         0  stubs.o ABSOLUTE
    _printf_x                                0x00000000   Number         0  stubs.o ABSOLUTE
    __cpp_initialize__aeabi_                  - Undefined Weak Reference
    __cxa_finalize                            - Undefined Weak Reference
    __decompress                              - Undefined Weak Reference
    _clock_init                               - Undefined Weak Reference
    _microlib_exit                            - Undefined Weak Reference
    __Vectors_Size                           0x00000130   Number         0  startup_stm32f103xe.o ABSOLUTE
    __Vectors                                0x08000000   Data           4  startup_stm32f103xe.o(RESET)
    __Vectors_End                            0x08000130   Data           0  startup_stm32f103xe.o(RESET)
    __main                                   0x08000131   Thumb Code     0  entry.o(.ARM.Collect$$$$00000000)
    _main_stk                                0x08000131   Thumb Code     0  entry2.o(.ARM.Collect$$$$00000001)
    _main_scatterload                        0x08000135   Thumb Code     0  entry5.o(.ARM.Collect$$$$00000004)
    __main_after_scatterload                 0x08000139   Thumb Code     0  entry5.o(.ARM.Collect$$$$00000004)
    _main_clock                              0x08000139   Thumb Code     0  entry7b.o(.ARM.Collect$$$$00000008)
    _main_cpp_init                           0x08000139   Thumb Code     0  entry8b.o(.ARM.Collect$$$$0000000A)
    _main_init                               0x08000139   Thumb Code     0  entry9a.o(.ARM.Collect$$$$0000000B)
    __rt_final_cpp                           0x08000141   Thumb Code     0  entry10a.o(.ARM.Collect$$$$0000000D)
    __rt_final_exit                          0x08000141   Thumb Code     0  entry11a.o(.ARM.Collect$$$$0000000F)
    Reset_Handler                            0x08000145   Thumb Code     8  startup_stm32f103xe.o(.text)
    ADC1_2_IRQHandler                        0x0800015f   Thumb Code     0  startup_stm32f103xe.o(.text)
    ADC3_IRQHandler                          0x0800015f   Thumb Code     0  startup_stm32f103xe.o(.text)
    CAN1_RX1_IRQHandler                      0x0800015f   Thumb Code     0  startup_stm32f103xe.o(.text)
    CAN1_SCE_IRQHandler                      0x0800015f   Thumb Code     0  startup_stm32f103xe.o(.text)
    DMA1_Channel1_IRQHandler                 0x0800015f   Thumb Code     0  startup_stm32f103xe.o(.text)
    DMA1_Channel2_IRQHandler                 0x0800015f   Thumb Code     0  startup_stm32f103xe.o(.text)
    DMA1_Channel3_IRQHandler                 0x0800015f   Thumb Code     0  startup_stm32f103xe.o(.text)
    DMA1_Channel4_IRQHandler                 0x0800015f   Thumb Code     0  startup_stm32f103xe.o(.text)
    DMA1_Channel7_IRQHandler                 0x0800015f   Thumb Code     0  startup_stm32f103xe.o(.text)
    DMA2_Channel1_IRQHandler                 0x0800015f   Thumb Code     0  startup_stm32f103xe.o(.text)
    DMA2_Channel2_IRQHandler                 0x0800015f   Thumb Code     0  startup_stm32f103xe.o(.text)
    DMA2_Channel3_IRQHandler                 0x0800015f   Thumb Code     0  startup_stm32f103xe.o(.text)
    DMA2_Channel4_5_IRQHandler               0x0800015f   Thumb Code     0  startup_stm32f103xe.o(.text)
    EXTI0_IRQHandler                         0x0800015f   Thumb Code     0  startup_stm32f103xe.o(.text)
    EXTI15_10_IRQHandler                     0x0800015f   Thumb Code     0  startup_stm32f103xe.o(.text)
    EXTI1_IRQHandler                         0x0800015f   Thumb Code     0  startup_stm32f103xe.o(.text)
    EXTI2_IRQHandler                         0x0800015f   Thumb Code     0  startup_stm32f103xe.o(.text)
    EXTI3_IRQHandler                         0x0800015f   Thumb Code     0  startup_stm32f103xe.o(.text)
    EXTI4_IRQHandler                         0x0800015f   Thumb Code     0  startup_stm32f103xe.o(.text)
    EXTI9_5_IRQHandler                       0x0800015f   Thumb Code     0  startup_stm32f103xe.o(.text)
    FLASH_IRQHandler                         0x0800015f   Thumb Code     0  startup_stm32f103xe.o(.text)
    FSMC_IRQHandler                          0x0800015f   Thumb Code     0  startup_stm32f103xe.o(.text)
    I2C1_ER_IRQHandler                       0x0800015f   Thumb Code     0  startup_stm32f103xe.o(.text)
    I2C1_EV_IRQHandler                       0x0800015f   Thumb Code     0  startup_stm32f103xe.o(.text)
    I2C2_ER_IRQHandler                       0x0800015f   Thumb Code     0  startup_stm32f103xe.o(.text)
    I2C2_EV_IRQHandler                       0x0800015f   Thumb Code     0  startup_stm32f103xe.o(.text)
    PVD_IRQHandler                           0x0800015f   Thumb Code     0  startup_stm32f103xe.o(.text)
    RCC_IRQHandler                           0x0800015f   Thumb Code     0  startup_stm32f103xe.o(.text)
    RTC_Alarm_IRQHandler                     0x0800015f   Thumb Code     0  startup_stm32f103xe.o(.text)
    RTC_IRQHandler                           0x0800015f   Thumb Code     0  startup_stm32f103xe.o(.text)
    SDIO_IRQHandler                          0x0800015f   Thumb Code     0  startup_stm32f103xe.o(.text)
    SPI1_IRQHandler                          0x0800015f   Thumb Code     0  startup_stm32f103xe.o(.text)
    SPI2_IRQHandler                          0x0800015f   Thumb Code     0  startup_stm32f103xe.o(.text)
    SPI3_IRQHandler                          0x0800015f   Thumb Code     0  startup_stm32f103xe.o(.text)
    TAMPER_IRQHandler                        0x0800015f   Thumb Code     0  startup_stm32f103xe.o(.text)
    TIM1_BRK_IRQHandler                      0x0800015f   Thumb Code     0  startup_stm32f103xe.o(.text)
    TIM1_CC_IRQHandler                       0x0800015f   Thumb Code     0  startup_stm32f103xe.o(.text)
    TIM1_TRG_COM_IRQHandler                  0x0800015f   Thumb Code     0  startup_stm32f103xe.o(.text)
    TIM1_UP_IRQHandler                       0x0800015f   Thumb Code     0  startup_stm32f103xe.o(.text)
    TIM2_IRQHandler                          0x0800015f   Thumb Code     0  startup_stm32f103xe.o(.text)
    TIM4_IRQHandler                          0x0800015f   Thumb Code     0  startup_stm32f103xe.o(.text)
    TIM6_IRQHandler                          0x0800015f   Thumb Code     0  startup_stm32f103xe.o(.text)
    TIM7_IRQHandler                          0x0800015f   Thumb Code     0  startup_stm32f103xe.o(.text)
    TIM8_BRK_IRQHandler                      0x0800015f   Thumb Code     0  startup_stm32f103xe.o(.text)
    TIM8_CC_IRQHandler                       0x0800015f   Thumb Code     0  startup_stm32f103xe.o(.text)
    TIM8_TRG_COM_IRQHandler                  0x0800015f   Thumb Code     0  startup_stm32f103xe.o(.text)
    TIM8_UP_IRQHandler                       0x0800015f   Thumb Code     0  startup_stm32f103xe.o(.text)
    UART4_IRQHandler                         0x0800015f   Thumb Code     0  startup_stm32f103xe.o(.text)
    UART5_IRQHandler                         0x0800015f   Thumb Code     0  startup_stm32f103xe.o(.text)
    USART3_IRQHandler                        0x0800015f   Thumb Code     0  startup_stm32f103xe.o(.text)
    USBWakeUp_IRQHandler                     0x0800015f   Thumb Code     0  startup_stm32f103xe.o(.text)
    USB_HP_CAN1_TX_IRQHandler                0x0800015f   Thumb Code     0  startup_stm32f103xe.o(.text)
    USB_LP_CAN1_RX0_IRQHandler               0x0800015f   Thumb Code     0  startup_stm32f103xe.o(.text)
    WWDG_IRQHandler                          0x0800015f   Thumb Code     0  startup_stm32f103xe.o(.text)
    __aeabi_llsr                             0x08000169   Thumb Code    32  llushr.o(.text)
    _ll_ushift_r                             0x08000169   Thumb Code     0  llushr.o(.text)
    __aeabi_memcpy                           0x08000189   Thumb Code    36  memcpya.o(.text)
    __aeabi_memcpy4                          0x08000189   Thumb Code     0  memcpya.o(.text)
    __aeabi_memcpy8                          0x08000189   Thumb Code     0  memcpya.o(.text)
    __aeabi_memset                           0x080001ad   Thumb Code    14  memseta.o(.text)
    __aeabi_memset4                          0x080001ad   Thumb Code     0  memseta.o(.text)
    __aeabi_memset8                          0x080001ad   Thumb Code     0  memseta.o(.text)
    __aeabi_memclr                           0x080001bb   Thumb Code     4  memseta.o(.text)
    __aeabi_memclr4                          0x080001bb   Thumb Code     0  memseta.o(.text)
    __aeabi_memclr8                          0x080001bb   Thumb Code     0  memseta.o(.text)
    _memset$wrapper                          0x080001bf   Thumb Code    18  memseta.o(.text)
    strstr                                   0x080001d1   Thumb Code    36  strstr.o(.text)
    __aeabi_fadd                             0x080001f5   Thumb Code   164  fadd.o(.text)
    __aeabi_fsub                             0x08000299   Thumb Code     6  fadd.o(.text)
    __aeabi_frsub                            0x0800029f   Thumb Code     6  fadd.o(.text)
    __aeabi_dadd                             0x080002a5   Thumb Code   322  dadd.o(.text)
    __aeabi_dsub                             0x080003e7   Thumb Code     6  dadd.o(.text)
    __aeabi_drsub                            0x080003ed   Thumb Code     6  dadd.o(.text)
    __aeabi_dmul                             0x080003f3   Thumb Code   228  dmul.o(.text)
    __aeabi_ddiv                             0x080004d7   Thumb Code   222  ddiv.o(.text)
    __ARM_scalbn                             0x080005b5   Thumb Code    46  dscalb.o(.text)
    scalbn                                   0x080005b5   Thumb Code     0  dscalb.o(.text)
    __aeabi_ui2f                             0x080005e3   Thumb Code    10  ffltui.o(.text)
    __aeabi_i2d                              0x080005ed   Thumb Code    34  dflti.o(.text)
    __aeabi_ui2d                             0x0800060f   Thumb Code    26  dfltui.o(.text)
    __aeabi_f2uiz                            0x08000629   Thumb Code    40  ffixui.o(.text)
    __aeabi_d2uiz                            0x08000651   Thumb Code    50  dfixui.o(.text)
    __aeabi_f2d                              0x08000683   Thumb Code    38  f2d.o(.text)
    __aeabi_d2f                              0x080006a9   Thumb Code    56  d2f.o(.text)
    __aeabi_uidiv                            0x080006e1   Thumb Code     0  uidiv.o(.text)
    __aeabi_uidivmod                         0x080006e1   Thumb Code    44  uidiv.o(.text)
    __aeabi_uldivmod                         0x0800070d   Thumb Code    98  uldiv.o(.text)
    __aeabi_llsl                             0x0800076f   Thumb Code    30  llshl.o(.text)
    _ll_shift_l                              0x0800076f   Thumb Code     0  llshl.o(.text)
    __aeabi_lasr                             0x0800078d   Thumb Code    36  llsshr.o(.text)
    _ll_sshift_r                             0x0800078d   Thumb Code     0  llsshr.o(.text)
    __strtod_int                             0x080007e7   Thumb Code    90  strtod.o(.text)
    __I$use$fp                               0x0800084d   Thumb Code     0  iusefp.o(.text)
    _float_round                             0x0800084d   Thumb Code    18  fepilogue.o(.text)
    _float_epilogue                          0x0800085f   Thumb Code    92  fepilogue.o(.text)
    _double_round                            0x080008bb   Thumb Code    30  depilogue.o(.text)
    _double_epilogue                         0x080008d9   Thumb Code   156  depilogue.o(.text)
    __aeabi_d2ulz                            0x08000975   Thumb Code    48  dfixul.o(.text)
    __aeabi_cdrcmple                         0x080009a5   Thumb Code    48  cdrcmple.o(.text)
    __scatterload                            0x080009d5   Thumb Code    28  init.o(.text)
    __scatterload_rt2                        0x080009d5   Thumb Code     0  init.o(.text)
    isspace                                  0x080009f9   Thumb Code    10  isspace_c.o(.text)
    _scanf_real                              0x08000b2d   Thumb Code     0  scanf_fp.o(.text)
    _scanf_really_real                       0x08000b2d   Thumb Code   556  scanf_fp.o(.text)
    _sgetc                                   0x08000d65   Thumb Code    30  _sgetc.o(.text)
    _sbackspace                              0x08000d83   Thumb Code    34  _sgetc.o(.text)
    __aeabi_d2iz                             0x08000da5   Thumb Code    62  dfixi.o(.text)
    __ctype_lookup                           0x08000de5   Thumb Code    34  ctype_c.o(.text)
    __aeabi_ul2d                             0x08000e0d   Thumb Code    24  dfltul.o(.text)
    BusFault_Handler                         0x08000e25   Thumb Code     2  stm32f1xx_it.o(i.BusFault_Handler)
    DMA1_Channel5_IRQHandler                 0x08000e29   Thumb Code     6  stm32f1xx_it.o(i.DMA1_Channel5_IRQHandler)
    DMA1_Channel6_IRQHandler                 0x08000e35   Thumb Code     6  stm32f1xx_it.o(i.DMA1_Channel6_IRQHandler)
    DebugMon_Handler                         0x08000e41   Thumb Code     2  stm32f1xx_it.o(i.DebugMon_Handler)
    Du2Fen                                   0x08000e45   Thumb Code    96  main.o(i.Du2Fen)
    GPS_dataPrase                            0x08000ea9   Thumb Code   744  gps.o(i.GPS_dataPrase)
    HAL_DMA_Abort_IT                         0x0800121d   Thumb Code   296  stm32f1xx_hal_dma.o(i.HAL_DMA_Abort_IT)
    HAL_DMA_IRQHandler                       0x0800134d   Thumb Code   552  stm32f1xx_hal_dma.o(i.HAL_DMA_IRQHandler)
    HAL_DMA_Init                             0x08001595   Thumb Code   120  stm32f1xx_hal_dma.o(i.HAL_DMA_Init)
    HAL_Delay                                0x08001619   Thumb Code    32  stm32f1xx_hal.o(i.HAL_Delay)
    HAL_GPIO_Init                            0x0800163d   Thumb Code   446  stm32f1xx_hal_gpio.o(i.HAL_GPIO_Init)
    HAL_GPIO_WritePin                        0x08001825   Thumb Code    10  stm32f1xx_hal_gpio.o(i.HAL_GPIO_WritePin)
    HAL_GetTick                              0x08001831   Thumb Code     6  stm32f1xx_hal.o(i.HAL_GetTick)
    HAL_IncTick                              0x0800183d   Thumb Code    12  stm32f1xx_hal.o(i.HAL_IncTick)
    HAL_Init                                 0x0800184d   Thumb Code    32  stm32f1xx_hal.o(i.HAL_Init)
    HAL_InitTick                             0x08001871   Thumb Code    54  stm32f1xx_hal.o(i.HAL_InitTick)
    HAL_MspInit                              0x080018b1   Thumb Code   118  stm32f1xx_hal_msp.o(i.HAL_MspInit)
    HAL_NVIC_EnableIRQ                       0x08001931   Thumb Code    22  stm32f1xx_hal_cortex.o(i.HAL_NVIC_EnableIRQ)
    HAL_NVIC_SetPriority                     0x08001949   Thumb Code    60  stm32f1xx_hal_cortex.o(i.HAL_NVIC_SetPriority)
    HAL_NVIC_SetPriorityGrouping             0x08001989   Thumb Code    26  stm32f1xx_hal_cortex.o(i.HAL_NVIC_SetPriorityGrouping)
    HAL_RCC_ClockConfig                      0x080019ad   Thumb Code   322  stm32f1xx_hal_rcc.o(i.HAL_RCC_ClockConfig)
    HAL_RCC_GetHCLKFreq                      0x08001b01   Thumb Code     6  stm32f1xx_hal_rcc.o(i.HAL_RCC_GetHCLKFreq)
    HAL_RCC_GetPCLK1Freq                     0x08001b0d   Thumb Code    20  stm32f1xx_hal_rcc.o(i.HAL_RCC_GetPCLK1Freq)
    HAL_RCC_GetPCLK2Freq                     0x08001b2d   Thumb Code    20  stm32f1xx_hal_rcc.o(i.HAL_RCC_GetPCLK2Freq)
    HAL_RCC_GetSysClockFreq                  0x08001b4d   Thumb Code    74  stm32f1xx_hal_rcc.o(i.HAL_RCC_GetSysClockFreq)
    HAL_RCC_OscConfig                        0x08001bb9   Thumb Code   750  stm32f1xx_hal_rcc.o(i.HAL_RCC_OscConfig)
    HAL_SYSTICK_CLKSourceConfig              0x08001ebd   Thumb Code    24  stm32f1xx_hal_cortex.o(i.HAL_SYSTICK_CLKSourceConfig)
    HAL_SYSTICK_Callback                     0x08001ed5   Thumb Code     2  stm32f1xx_hal_cortex.o(i.HAL_SYSTICK_Callback)
    HAL_SYSTICK_Config                       0x08001ed7   Thumb Code    40  stm32f1xx_hal_cortex.o(i.HAL_SYSTICK_Config)
    HAL_SYSTICK_IRQHandler                   0x08001eff   Thumb Code     8  stm32f1xx_hal_cortex.o(i.HAL_SYSTICK_IRQHandler)
    HAL_TIMEx_BreakCallback                  0x08001f07   Thumb Code     2  stm32f1xx_hal_tim_ex.o(i.HAL_TIMEx_BreakCallback)
    HAL_TIMEx_CommutationCallback            0x08001f09   Thumb Code     2  stm32f1xx_hal_tim_ex.o(i.HAL_TIMEx_CommutationCallback)
    HAL_TIMEx_MasterConfigSynchronization    0x08001f0b   Thumb Code    80  stm32f1xx_hal_tim_ex.o(i.HAL_TIMEx_MasterConfigSynchronization)
    HAL_TIM_Base_Init                        0x08001f5b   Thumb Code    54  stm32f1xx_hal_tim.o(i.HAL_TIM_Base_Init)
    HAL_TIM_Base_MspInit                     0x08001f91   Thumb Code    52  tim.o(i.HAL_TIM_Base_MspInit)
    HAL_TIM_Base_Start_IT                    0x08001fd1   Thumb Code    24  stm32f1xx_hal_tim.o(i.HAL_TIM_Base_Start_IT)
    HAL_TIM_Base_Stop_IT                     0x08001fe9   Thumb Code    42  stm32f1xx_hal_tim.o(i.HAL_TIM_Base_Stop_IT)
    HAL_TIM_ConfigClockSource                0x08002013   Thumb Code   242  stm32f1xx_hal_tim.o(i.HAL_TIM_ConfigClockSource)
    HAL_TIM_IC_CaptureCallback               0x08002105   Thumb Code     2  stm32f1xx_hal_tim.o(i.HAL_TIM_IC_CaptureCallback)
    HAL_TIM_IRQHandler                       0x08002107   Thumb Code   358  stm32f1xx_hal_tim.o(i.HAL_TIM_IRQHandler)
    HAL_TIM_OC_DelayElapsedCallback          0x0800226d   Thumb Code     2  stm32f1xx_hal_tim.o(i.HAL_TIM_OC_DelayElapsedCallback)
    HAL_TIM_PWM_PulseFinishedCallback        0x0800226f   Thumb Code     2  stm32f1xx_hal_tim.o(i.HAL_TIM_PWM_PulseFinishedCallback)
    HAL_TIM_PeriodElapsedCallback            0x08002271   Thumb Code    54  main.o(i.HAL_TIM_PeriodElapsedCallback)
    HAL_TIM_TriggerCallback                  0x080022b9   Thumb Code     2  stm32f1xx_hal_tim.o(i.HAL_TIM_TriggerCallback)
    HAL_UART_ErrorCallback                   0x080022bb   Thumb Code     2  stm32f1xx_hal_uart.o(i.HAL_UART_ErrorCallback)
    HAL_UART_IRQHandler                      0x080022bd   Thumb Code   266  stm32f1xx_hal_uart.o(i.HAL_UART_IRQHandler)
    HAL_UART_Init                            0x080023cd   Thumb Code    98  stm32f1xx_hal_uart.o(i.HAL_UART_Init)
    HAL_UART_MspInit                         0x08002431   Thumb Code   216  usart.o(i.HAL_UART_MspInit)
    HAL_UART_RxCpltCallback                  0x08002531   Thumb Code     2  stm32f1xx_hal_uart.o(i.HAL_UART_RxCpltCallback)
    HAL_UART_Transmit                        0x08002533   Thumb Code   186  stm32f1xx_hal_uart.o(i.HAL_UART_Transmit)
    HAL_UART_TxCpltCallback                  0x080025ed   Thumb Code     2  stm32f1xx_hal_uart.o(i.HAL_UART_TxCpltCallback)
    HardFault_Handler                        0x080025ef   Thumb Code     2  stm32f1xx_it.o(i.HardFault_Handler)
    LCD_Clear                                0x080025f1   Thumb Code   116  lcd.o(i.LCD_Clear)
    LCD_Display_Dir                          0x08002671   Thumb Code   304  lcd.o(i.LCD_Display_Dir)
    LCD_Fast_DrawPoint                       0x080027a5   Thumb Code   578  lcd.o(i.LCD_Fast_DrawPoint)
    LCD_Init                                 0x080029f5   Thumb Code 14324  lcd.o(i.LCD_Init)
    LCD_RD_DATA                              0x080061f5   Thumb Code   100  lcd.o(i.LCD_RD_DATA)
    LCD_ReadReg                              0x08006265   Thumb Code    14  lcd.o(i.LCD_ReadReg)
    LCD_SSD_BackLightSet                     0x08006275   Thumb Code   142  lcd.o(i.LCD_SSD_BackLightSet)
    LCD_Scan_Dir                             0x08006311   Thumb Code   836  lcd.o(i.LCD_Scan_Dir)
    LCD_SetCursor                            0x08006661   Thumb Code   832  lcd.o(i.LCD_SetCursor)
    LCD_ShowChar                             0x080069ad   Thumb Code   190  lcd.o(i.LCD_ShowChar)
    LCD_ShowString                           0x08006a81   Thumb Code    84  lcd.o(i.LCD_ShowString)
    LCD_WR_DATAX                             0x08006ad5   Thumb Code    26  lcd.o(i.LCD_WR_DATAX)
    LCD_WR_REG                               0x08006af9   Thumb Code    26  lcd.o(i.LCD_WR_REG)
    LCD_WriteRAM_Prepare                     0x08006b1d   Thumb Code     8  lcd.o(i.LCD_WriteRAM_Prepare)
    LCD_WriteReg                             0x08006b29   Thumb Code    34  lcd.o(i.LCD_WriteReg)
    LED_Init                                 0x08006b55   Thumb Code   102  gpio.o(i.LED_Init)
    MPU6050_Init                             0x08006bc9   Thumb Code    36  mpu6050.o(i.MPU6050_Init)
    MPU6050_PraseData                        0x08006bf5   Thumb Code   484  mpu6050.o(i.MPU6050_PraseData)
    MX_DMA_Init                              0x08006df1   Thumb Code    22  dma.o(i.MX_DMA_Init)
    MX_GPIO_Init                             0x08006e0d   Thumb Code    38  gpio.o(i.MX_GPIO_Init)
    MX_TIM3_Init                             0x08006ea1   Thumb Code    96  tim.o(i.MX_TIM3_Init)
    MX_TIM5_Init                             0x08006f19   Thumb Code    92  tim.o(i.MX_TIM5_Init)
    MX_USART1_UART_Init                      0x08006f8d   Thumb Code    52  usart.o(i.MX_USART1_UART_Init)
    MX_USART2_UART_Init                      0x08006fd9   Thumb Code    52  usart.o(i.MX_USART2_UART_Init)
    MemManage_Handler                        0x08007025   Thumb Code     2  stm32f1xx_it.o(i.MemManage_Handler)
    NMI_Handler                              0x08007027   Thumb Code     2  stm32f1xx_it.o(i.NMI_Handler)
    PendSV_Handler                           0x08007049   Thumb Code     2  stm32f1xx_it.o(i.PendSV_Handler)
    SVC_Handler                              0x0800704b   Thumb Code     2  stm32f1xx_it.o(i.SVC_Handler)
    SysTick_Handler                          0x0800704d   Thumb Code    14  stm32f1xx_it.o(i.SysTick_Handler)
    SystemClock_Config                       0x0800705b   Thumb Code   104  main.o(i.SystemClock_Config)
    SystemInit                               0x080070c5   Thumb Code    56  system_stm32f1xx.o(i.SystemInit)
    TIM3_IRQHandler                          0x0800710d   Thumb Code     6  stm32f1xx_it.o(i.TIM3_IRQHandler)
    TIM5_IRQHandler                          0x08007119   Thumb Code     6  stm32f1xx_it.o(i.TIM5_IRQHandler)
    TIM_Base_SetConfig                       0x08007125   Thumb Code   120  stm32f1xx_hal_tim.o(i.TIM_Base_SetConfig)
    USART1_IRQHandler                        0x08007515   Thumb Code   128  stm32f1xx_it.o(i.USART1_IRQHandler)
    USART2_IRQHandler                        0x080075a9   Thumb Code    86  stm32f1xx_it.o(i.USART2_IRQHandler)
    UsageFault_Handler                       0x08007619   Thumb Code     2  stm32f1xx_it.o(i.UsageFault_Handler)
    _Error_Handler                           0x0800761b   Thumb Code     2  main.o(i._Error_Handler)
    __0printf                                0x0800761d   Thumb Code    22  printfa.o(i.__0printf)
    __1printf                                0x0800761d   Thumb Code     0  printfa.o(i.__0printf)
    __2printf                                0x0800761d   Thumb Code     0  printfa.o(i.__0printf)
    __c89printf                              0x0800761d   Thumb Code     0  printfa.o(i.__0printf)
    printf                                   0x0800761d   Thumb Code     0  printfa.o(i.__0printf)
    __0sprintf                               0x0800763d   Thumb Code    34  printfa.o(i.__0sprintf)
    __1sprintf                               0x0800763d   Thumb Code     0  printfa.o(i.__0sprintf)
    __2sprintf                               0x0800763d   Thumb Code     0  printfa.o(i.__0sprintf)
    __c89sprintf                             0x0800763d   Thumb Code     0  printfa.o(i.__0sprintf)
    sprintf                                  0x0800763d   Thumb Code     0  printfa.o(i.__0sprintf)
    __ARM_fpclassify                         0x08007665   Thumb Code    40  fpclassify.o(i.__ARM_fpclassify)
    __ieee754_rem_pio2                       0x0800768d   Thumb Code   828  rred.o(i.__ieee754_rem_pio2)
    __kernel_cos                             0x08007a15   Thumb Code   230  cos_i.o(i.__kernel_cos)
    __kernel_poly                            0x08007b11   Thumb Code   170  poly.o(i.__kernel_poly)
    __kernel_sin                             0x08007bbd   Thumb Code   224  sin_i.o(i.__kernel_sin)
    __mathlib_dbl_infnan                     0x08007ca9   Thumb Code     6  dunder.o(i.__mathlib_dbl_infnan)
    __mathlib_dbl_invalid                    0x08007caf   Thumb Code    12  dunder.o(i.__mathlib_dbl_invalid)
    __mathlib_dbl_underflow                  0x08007cbd   Thumb Code    10  dunder.o(i.__mathlib_dbl_underflow)
    __read_errno                             0x08007ccd   Thumb Code     6  errno.o(i.__read_errno)
    __scatterload_copy                       0x08007cd9   Thumb Code    14  handlers.o(i.__scatterload_copy)
    __scatterload_null                       0x08007ce7   Thumb Code     2  handlers.o(i.__scatterload_null)
    __scatterload_zeroinit                   0x08007ce9   Thumb Code    14  handlers.o(i.__scatterload_zeroinit)
    __set_errno                              0x08007cf9   Thumb Code     6  errno.o(i.__set_errno)
    _is_digit                                0x08007e89   Thumb Code    14  scanf_fp.o(i._is_digit)
    atof                                     0x080085d1   Thumb Code    42  atof.o(i.atof)
    clrStruct                                0x080085fd   Thumb Code    80  gps.o(i.clrStruct)
    delay_us                                 0x08008651   Thumb Code    32  lcd.o(i.delay_us)
    fputc                                    0x08008679   Thumb Code    18  usart.o(i.fputc)
    main                                     0x08008691   Thumb Code   964  main.o(i.main)
    sin                                      0x08008b55   Thumb Code   150  sin.o(i.sin)
    AHBPrescTable                            0x08008bf4   Data          16  system_stm32f1xx.o(.constdata)
    APBPrescTable                            0x08008c04   Data           8  system_stm32f1xx.o(.constdata)
    asc2_1206                                0x08008c0c   Data        1140  lcd.o(.constdata)
    asc2_1608                                0x08009080   Data        1520  lcd.o(.constdata)
    asc2_2412                                0x08009670   Data        3420  lcd.o(.constdata)
    __ctype_categories                       0x0800a4f0   Data          64  ctype_c.o(.constdata)
    Region$$Table$$Base                      0x0800a530   Number         0  anon$$obj.o(Region$$Table)
    Region$$Table$$Limit                     0x0800a550   Number         0  anon$$obj.o(Region$$Table)
    uwTickFreq                               0x20000000   Data           1  stm32f1xx_hal.o(.data)
    uwTickPrio                               0x20000004   Data           4  stm32f1xx_hal.o(.data)
    uwTick                                   0x20000008   Data           4  stm32f1xx_hal.o(.data)
    SystemCoreClock                          0x2000000c   Data           4  system_stm32f1xx.o(.data)
    gTim3Flag                                0x20000010   Data           1  main.o(.data)
    gTim3UpdataFlag                          0x20000011   Data           1  main.o(.data)
    gInitFlag                                0x20000012   Data           1  main.o(.data)
    gNGPSflag                                0x20000013   Data           1  main.o(.data)
    gTim3Cnt                                 0x20000014   Data           2  main.o(.data)
    gZangle                                  0x20000018   Data           4  main.o(.data)
    gSpeed                                   0x2000001c   Data           4  main.o(.data)
    gInslongitude                            0x20000020   Data           4  main.o(.data)
    gInslatitude                             0x20000024   Data           4  main.o(.data)
    gDistance                                0x20000028   Data           8  main.o(.data)
    gEarthRadio                              0x20000030   Data           8  main.o(.data)
    gAngle                                   0x20000038   Data           4  main.o(.data)
    gCount                                   0x2000003c   Data           2  usart.o(.data)
    gRevFlag                                 0x2000003e   Data           1  usart.o(.data)
    counter                                  0x20000040   Data           1  mpu6050.o(.data)
    sign                                     0x20000041   Data           1  mpu6050.o(.data)
    T                                        0x20000044   Data           4  mpu6050.o(.data)
    GPSDataFlag                              0x20000048   Data           1  gps.o(.data)
    GPGSAFlag                                0x20000049   Data           1  gps.o(.data)
    GPGSVFlag                                0x2000004a   Data           1  gps.o(.data)
    SIViewString                             0x2000004b   Data           2  gps.o(.data)
    PDOPString                               0x2000004d   Data           4  gps.o(.data)
    POINT_COLOR                              0x20000054   Data           2  lcd.o(.data)
    BACK_COLOR                               0x20000056   Data           2  lcd.o(.data)
    timeCnt                                  0x20000058   Data           4  lcd.o(.data)
    __stdout                                 0x2000005c   Data           4  stdout.o(.data)
    UTC                                      0x200000be   Data          30  main.o(.bss)
    LatLongInfo                              0x200000dc   Data          30  main.o(.bss)
    PositingInfo                             0x200000fa   Data          30  main.o(.bss)
    GroundSpeedInfo                          0x20000118   Data          30  main.o(.bss)
    GroundCourseinfo                         0x20000136   Data          30  main.o(.bss)
    htim3                                    0x20000154   Data          64  tim.o(.bss)
    htim5                                    0x20000194   Data          64  tim.o(.bss)
    RevRxDataBuffer                          0x200001d4   Data         256  usart.o(.bss)
    huart1                                   0x200002d4   Data          64  usart.o(.bss)
    huart2                                   0x20000314   Data          64  usart.o(.bss)
    hdma_usart1_rx                           0x20000354   Data          68  usart.o(.bss)
    hdma_usart2_rx                           0x20000398   Data          68  usart.o(.bss)
    temp                                     0x200003dc   Data          11  stm32f1xx_it.o(.bss)
    gMPU6050_Info                            0x200003e8   Data          44  mpu6050.o(.bss)
    a                                        0x20000414   Data          12  mpu6050.o(.bss)
    w                                        0x20000420   Data          12  mpu6050.o(.bss)
    angle                                    0x2000042c   Data          12  mpu6050.o(.bss)
    Re_buf                                   0x20000438   Data          11  mpu6050.o(.bss)
    Save_Data                                0x2000044e   Data         261  gps.o(.bss)
    GPGSABUffer                              0x20000553   Data          65  gps.o(.bss)
    GPGSVBuffer                              0x20000594   Data         210  gps.o(.bss)
    lcddev                                   0x20000666   Data          14  lcd.o(.bss)
    __initial_sp                             0x20000a78   Data           0  startup_stm32f103xe.o(STACK)



==============================================================================

Memory Map of the image

  Image Entry point : 0x08000131

  Load Region LR_IROM1 (Base: 0x08000000, Size: 0x0000a5b4, Max: 0x00040000, ABSOLUTE)

    Execution Region ER_IROM1 (Exec base: 0x08000000, Load base: 0x08000000, Size: 0x0000a550, Max: 0x00040000, ABSOLUTE)

    Exec Addr    Load Addr    Size         Type   Attr      Idx    E Section Name        Object

    0x08000000   0x08000000   0x00000130   Data   RO            3    RESET               startup_stm32f103xe.o
    0x08000130   0x08000130   0x00000000   Code   RO         2955  * .ARM.Collect$$$$00000000  mc_w.l(entry.o)
    0x08000130   0x08000130   0x00000004   Code   RO         3281    .ARM.Collect$$$$00000001  mc_w.l(entry2.o)
    0x08000134   0x08000134   0x00000004   Code   RO         3284    .ARM.Collect$$$$00000004  mc_w.l(entry5.o)
    0x08000138   0x08000138   0x00000000   Code   RO         3286    .ARM.Collect$$$$00000008  mc_w.l(entry7b.o)
    0x08000138   0x08000138   0x00000000   Code   RO         3288    .ARM.Collect$$$$0000000A  mc_w.l(entry8b.o)
    0x08000138   0x08000138   0x00000008   Code   RO         3289    .ARM.Collect$$$$0000000B  mc_w.l(entry9a.o)
    0x08000140   0x08000140   0x00000000   Code   RO         3291    .ARM.Collect$$$$0000000D  mc_w.l(entry10a.o)
    0x08000140   0x08000140   0x00000000   Code   RO         3293    .ARM.Collect$$$$0000000F  mc_w.l(entry11a.o)
    0x08000140   0x08000140   0x00000004   Code   RO         3282    .ARM.Collect$$$$00002712  mc_w.l(entry2.o)
    0x08000144   0x08000144   0x00000024   Code   RO            4    .text               startup_stm32f103xe.o
    0x08000168   0x08000168   0x00000020   Code   RO         2958    .text               mc_w.l(llushr.o)
    0x08000188   0x08000188   0x00000024   Code   RO         2960    .text               mc_w.l(memcpya.o)
    0x080001ac   0x080001ac   0x00000024   Code   RO         2962    .text               mc_w.l(memseta.o)
    0x080001d0   0x080001d0   0x00000024   Code   RO         2964    .text               mc_w.l(strstr.o)
    0x080001f4   0x080001f4   0x000000b0   Code   RO         3229    .text               mf_w.l(fadd.o)
    0x080002a4   0x080002a4   0x0000014e   Code   RO         3231    .text               mf_w.l(dadd.o)
    0x080003f2   0x080003f2   0x000000e4   Code   RO         3233    .text               mf_w.l(dmul.o)
    0x080004d6   0x080004d6   0x000000de   Code   RO         3235    .text               mf_w.l(ddiv.o)
    0x080005b4   0x080005b4   0x0000002e   Code   RO         3237    .text               mf_w.l(dscalb.o)
    0x080005e2   0x080005e2   0x0000000a   Code   RO         3239    .text               mf_w.l(ffltui.o)
    0x080005ec   0x080005ec   0x00000022   Code   RO         3241    .text               mf_w.l(dflti.o)
    0x0800060e   0x0800060e   0x0000001a   Code   RO         3243    .text               mf_w.l(dfltui.o)
    0x08000628   0x08000628   0x00000028   Code   RO         3245    .text               mf_w.l(ffixui.o)
    0x08000650   0x08000650   0x00000032   Code   RO         3247    .text               mf_w.l(dfixui.o)
    0x08000682   0x08000682   0x00000026   Code   RO         3249    .text               mf_w.l(f2d.o)
    0x080006a8   0x080006a8   0x00000038   Code   RO         3251    .text               mf_w.l(d2f.o)
    0x080006e0   0x080006e0   0x0000002c   Code   RO         3296    .text               mc_w.l(uidiv.o)
    0x0800070c   0x0800070c   0x00000062   Code   RO         3298    .text               mc_w.l(uldiv.o)
    0x0800076e   0x0800076e   0x0000001e   Code   RO         3300    .text               mc_w.l(llshl.o)
    0x0800078c   0x0800078c   0x00000024   Code   RO         3302    .text               mc_w.l(llsshr.o)
    0x080007b0   0x080007b0   0x0000009c   Code   RO         3311    .text               mc_w.l(strtod.o)
    0x0800084c   0x0800084c   0x00000000   Code   RO         3313    .text               mc_w.l(iusefp.o)
    0x0800084c   0x0800084c   0x0000006e   Code   RO         3314    .text               mf_w.l(fepilogue.o)
    0x080008ba   0x080008ba   0x000000ba   Code   RO         3316    .text               mf_w.l(depilogue.o)
    0x08000974   0x08000974   0x00000030   Code   RO         3318    .text               mf_w.l(dfixul.o)
    0x080009a4   0x080009a4   0x00000030   Code   RO         3320    .text               mf_w.l(cdrcmple.o)
    0x080009d4   0x080009d4   0x00000024   Code   RO         3326    .text               mc_w.l(init.o)
    0x080009f8   0x080009f8   0x0000000a   Code   RO         3328    .text               mc_w.l(isspace_c.o)
    0x08000a02   0x08000a02   0x00000002   PAD
    0x08000a04   0x08000a04   0x00000360   Code   RO         3330    .text               mc_w.l(scanf_fp.o)
    0x08000d64   0x08000d64   0x00000040   Code   RO         3334    .text               mc_w.l(_sgetc.o)
    0x08000da4   0x08000da4   0x0000003e   Code   RO         3336    .text               mf_w.l(dfixi.o)
    0x08000de2   0x08000de2   0x00000002   PAD
    0x08000de4   0x08000de4   0x00000028   Code   RO         3338    .text               mc_w.l(ctype_c.o)
    0x08000e0c   0x08000e0c   0x00000018   Code   RO         3341    .text               mf_w.l(dfltul.o)
    0x08000e24   0x08000e24   0x00000002   Code   RO         2524    i.BusFault_Handler  stm32f1xx_it.o
    0x08000e26   0x08000e26   0x00000002   PAD
    0x08000e28   0x08000e28   0x0000000c   Code   RO         2525    i.DMA1_Channel5_IRQHandler  stm32f1xx_it.o
    0x08000e34   0x08000e34   0x0000000c   Code   RO         2526    i.DMA1_Channel6_IRQHandler  stm32f1xx_it.o
    0x08000e40   0x08000e40   0x00000002   Code   RO         2527    i.DebugMon_Handler  stm32f1xx_it.o
    0x08000e42   0x08000e42   0x00000002   PAD
    0x08000e44   0x08000e44   0x00000064   Code   RO         2247    i.Du2Fen            main.o
    0x08000ea8   0x08000ea8   0x00000374   Code   RO         2684    i.GPS_dataPrase     gps.o
    0x0800121c   0x0800121c   0x00000130   Code   RO         1129    i.HAL_DMA_Abort_IT  stm32f1xx_hal_dma.o
    0x0800134c   0x0800134c   0x00000248   Code   RO         1133    i.HAL_DMA_IRQHandler  stm32f1xx_hal_dma.o
    0x08001594   0x08001594   0x00000084   Code   RO         1134    i.HAL_DMA_Init      stm32f1xx_hal_dma.o
    0x08001618   0x08001618   0x00000024   Code   RO         1346    i.HAL_Delay         stm32f1xx_hal.o
    0x0800163c   0x0800163c   0x000001e8   Code   RO          331    i.HAL_GPIO_Init     stm32f1xx_hal_gpio.o
    0x08001824   0x08001824   0x0000000a   Code   RO          335    i.HAL_GPIO_WritePin  stm32f1xx_hal_gpio.o
    0x0800182e   0x0800182e   0x00000002   PAD
    0x08001830   0x08001830   0x0000000c   Code   RO         1350    i.HAL_GetTick       stm32f1xx_hal.o
    0x0800183c   0x0800183c   0x00000010   Code   RO         1354    i.HAL_IncTick       stm32f1xx_hal.o
    0x0800184c   0x0800184c   0x00000024   Code   RO         1355    i.HAL_Init          stm32f1xx_hal.o
    0x08001870   0x08001870   0x00000040   Code   RO         1356    i.HAL_InitTick      stm32f1xx_hal.o
    0x080018b0   0x080018b0   0x00000080   Code   RO         2500    i.HAL_MspInit       stm32f1xx_hal_msp.o
    0x08001930   0x08001930   0x00000016   Code   RO         1224    i.HAL_NVIC_EnableIRQ  stm32f1xx_hal_cortex.o
    0x08001946   0x08001946   0x00000002   PAD
    0x08001948   0x08001948   0x00000040   Code   RO         1230    i.HAL_NVIC_SetPriority  stm32f1xx_hal_cortex.o
    0x08001988   0x08001988   0x00000024   Code   RO         1231    i.HAL_NVIC_SetPriorityGrouping  stm32f1xx_hal_cortex.o
    0x080019ac   0x080019ac   0x00000154   Code   RO         1026    i.HAL_RCC_ClockConfig  stm32f1xx_hal_rcc.o
    0x08001b00   0x08001b00   0x0000000c   Code   RO         1031    i.HAL_RCC_GetHCLKFreq  stm32f1xx_hal_rcc.o
    0x08001b0c   0x08001b0c   0x00000020   Code   RO         1033    i.HAL_RCC_GetPCLK1Freq  stm32f1xx_hal_rcc.o
    0x08001b2c   0x08001b2c   0x00000020   Code   RO         1034    i.HAL_RCC_GetPCLK2Freq  stm32f1xx_hal_rcc.o
    0x08001b4c   0x08001b4c   0x0000006c   Code   RO         1035    i.HAL_RCC_GetSysClockFreq  stm32f1xx_hal_rcc.o
    0x08001bb8   0x08001bb8   0x00000304   Code   RO         1038    i.HAL_RCC_OscConfig  stm32f1xx_hal_rcc.o
    0x08001ebc   0x08001ebc   0x00000018   Code   RO         1233    i.HAL_SYSTICK_CLKSourceConfig  stm32f1xx_hal_cortex.o
    0x08001ed4   0x08001ed4   0x00000002   Code   RO         1234    i.HAL_SYSTICK_Callback  stm32f1xx_hal_cortex.o
    0x08001ed6   0x08001ed6   0x00000028   Code   RO         1235    i.HAL_SYSTICK_Config  stm32f1xx_hal_cortex.o
    0x08001efe   0x08001efe   0x00000008   Code   RO         1236    i.HAL_SYSTICK_IRQHandler  stm32f1xx_hal_cortex.o
    0x08001f06   0x08001f06   0x00000002   Code   RO           13    i.HAL_TIMEx_BreakCallback  stm32f1xx_hal_tim_ex.o
    0x08001f08   0x08001f08   0x00000002   Code   RO           14    i.HAL_TIMEx_CommutationCallback  stm32f1xx_hal_tim_ex.o
    0x08001f0a   0x08001f0a   0x00000050   Code   RO           30    i.HAL_TIMEx_MasterConfigSynchronization  stm32f1xx_hal_tim_ex.o
    0x08001f5a   0x08001f5a   0x00000036   Code   RO          396    i.HAL_TIM_Base_Init  stm32f1xx_hal_tim.o
    0x08001f90   0x08001f90   0x00000040   Code   RO         2342    i.HAL_TIM_Base_MspInit  tim.o
    0x08001fd0   0x08001fd0   0x00000018   Code   RO          401    i.HAL_TIM_Base_Start_IT  stm32f1xx_hal_tim.o
    0x08001fe8   0x08001fe8   0x0000002a   Code   RO          404    i.HAL_TIM_Base_Stop_IT  stm32f1xx_hal_tim.o
    0x08002012   0x08002012   0x000000f2   Code   RO          405    i.HAL_TIM_ConfigClockSource  stm32f1xx_hal_tim.o
    0x08002104   0x08002104   0x00000002   Code   RO          425    i.HAL_TIM_IC_CaptureCallback  stm32f1xx_hal_tim.o
    0x08002106   0x08002106   0x00000166   Code   RO          438    i.HAL_TIM_IRQHandler  stm32f1xx_hal_tim.o
    0x0800226c   0x0800226c   0x00000002   Code   RO          441    i.HAL_TIM_OC_DelayElapsedCallback  stm32f1xx_hal_tim.o
    0x0800226e   0x0800226e   0x00000002   Code   RO          468    i.HAL_TIM_PWM_PulseFinishedCallback  stm32f1xx_hal_tim.o
    0x08002270   0x08002270   0x00000048   Code   RO         2248    i.HAL_TIM_PeriodElapsedCallback  main.o
    0x080022b8   0x080022b8   0x00000002   Code   RO          479    i.HAL_TIM_TriggerCallback  stm32f1xx_hal_tim.o
    0x080022ba   0x080022ba   0x00000002   Code   RO         1904    i.HAL_UART_ErrorCallback  stm32f1xx_hal_uart.o
    0x080022bc   0x080022bc   0x00000110   Code   RO         1907    i.HAL_UART_IRQHandler  stm32f1xx_hal_uart.o
    0x080023cc   0x080023cc   0x00000062   Code   RO         1908    i.HAL_UART_Init     stm32f1xx_hal_uart.o
    0x0800242e   0x0800242e   0x00000002   PAD
    0x08002430   0x08002430   0x00000100   Code   RO         2414    i.HAL_UART_MspInit  usart.o
    0x08002530   0x08002530   0x00000002   Code   RO         1914    i.HAL_UART_RxCpltCallback  stm32f1xx_hal_uart.o
    0x08002532   0x08002532   0x000000ba   Code   RO         1916    i.HAL_UART_Transmit  stm32f1xx_hal_uart.o
    0x080025ec   0x080025ec   0x00000002   Code   RO         1919    i.HAL_UART_TxCpltCallback  stm32f1xx_hal_uart.o
    0x080025ee   0x080025ee   0x00000002   Code   RO         2528    i.HardFault_Handler  stm32f1xx_it.o
    0x080025f0   0x080025f0   0x00000080   Code   RO         2723    i.LCD_Clear         lcd.o
    0x08002670   0x08002670   0x00000134   Code   RO         2727    i.LCD_Display_Dir   lcd.o
    0x080027a4   0x080027a4   0x00000250   Code   RO         2732    i.LCD_Fast_DrawPoint  lcd.o
    0x080029f4   0x080029f4   0x00003800   Code   RO         2734    i.LCD_Init          lcd.o
    0x080061f4   0x080061f4   0x00000070   Code   RO         2736    i.LCD_RD_DATA       lcd.o
    0x08006264   0x08006264   0x0000000e   Code   RO         2738    i.LCD_ReadReg       lcd.o
    0x08006272   0x08006272   0x00000002   PAD
    0x08006274   0x08006274   0x0000009c   Code   RO         2739    i.LCD_SSD_BackLightSet  lcd.o
    0x08006310   0x08006310   0x00000350   Code   RO         2740    i.LCD_Scan_Dir      lcd.o
    0x08006660   0x08006660   0x0000034c   Code   RO         2741    i.LCD_SetCursor     lcd.o
    0x080069ac   0x080069ac   0x000000d4   Code   RO         2743    i.LCD_ShowChar      lcd.o
    0x08006a80   0x08006a80   0x00000054   Code   RO         2745    i.LCD_ShowString    lcd.o
    0x08006ad4   0x08006ad4   0x00000024   Code   RO         2747    i.LCD_WR_DATAX      lcd.o
    0x08006af8   0x08006af8   0x00000024   Code   RO         2748    i.LCD_WR_REG        lcd.o
    0x08006b1c   0x08006b1c   0x0000000c   Code   RO         2750    i.LCD_WriteRAM_Prepare  lcd.o
    0x08006b28   0x08006b28   0x0000002c   Code   RO         2751    i.LCD_WriteReg      lcd.o
    0x08006b54   0x08006b54   0x00000074   Code   RO         2470    i.LED_Init          gpio.o
    0x08006bc8   0x08006bc8   0x0000002c   Code   RO         2640    i.MPU6050_Init      mpu6050.o
    0x08006bf4   0x08006bf4   0x000001fc   Code   RO         2641    i.MPU6050_PraseData  mpu6050.o
    0x08006df0   0x08006df0   0x0000001c   Code   RO         2389    i.MX_DMA_Init       dma.o
    0x08006e0c   0x08006e0c   0x0000002c   Code   RO         2471    i.MX_GPIO_Init      gpio.o
    0x08006e38   0x08006e38   0x00000066   Code   RO         2249    i.MX_NVIC_Init      main.o
    0x08006e9e   0x08006e9e   0x00000002   PAD
    0x08006ea0   0x08006ea0   0x00000078   Code   RO         2343    i.MX_TIM3_Init      tim.o
    0x08006f18   0x08006f18   0x00000074   Code   RO         2344    i.MX_TIM5_Init      tim.o
    0x08006f8c   0x08006f8c   0x0000004c   Code   RO         2415    i.MX_USART1_UART_Init  usart.o
    0x08006fd8   0x08006fd8   0x0000004c   Code   RO         2416    i.MX_USART2_UART_Init  usart.o
    0x08007024   0x08007024   0x00000002   Code   RO         2529    i.MemManage_Handler  stm32f1xx_it.o
    0x08007026   0x08007026   0x00000002   Code   RO         2530    i.NMI_Handler       stm32f1xx_it.o
    0x08007028   0x08007028   0x00000020   Code   RO         1237    i.NVIC_SetPriority  stm32f1xx_hal_cortex.o
    0x08007048   0x08007048   0x00000002   Code   RO         2531    i.PendSV_Handler    stm32f1xx_it.o
    0x0800704a   0x0800704a   0x00000002   Code   RO         2532    i.SVC_Handler       stm32f1xx_it.o
    0x0800704c   0x0800704c   0x0000000e   Code   RO         2533    i.SysTick_Handler   stm32f1xx_it.o
    0x0800705a   0x0800705a   0x00000068   Code   RO         2250    i.SystemClock_Config  main.o
    0x080070c2   0x080070c2   0x00000002   PAD
    0x080070c4   0x080070c4   0x00000048   Code   RO         2210    i.SystemInit        system_stm32f1xx.o
    0x0800710c   0x0800710c   0x0000000c   Code   RO         2534    i.TIM3_IRQHandler   stm32f1xx_it.o
    0x08007118   0x08007118   0x0000000c   Code   RO         2535    i.TIM5_IRQHandler   stm32f1xx_it.o
    0x08007124   0x08007124   0x0000008c   Code   RO          480    i.TIM_Base_SetConfig  stm32f1xx_hal_tim.o
    0x080071b0   0x080071b0   0x00000014   Code   RO          487    i.TIM_ETR_SetConfig  stm32f1xx_hal_tim.o
    0x080071c4   0x080071c4   0x00000010   Code   RO          488    i.TIM_ITRx_SetConfig  stm32f1xx_hal_tim.o
    0x080071d4   0x080071d4   0x00000022   Code   RO          494    i.TIM_TI1_ConfigInputStage  stm32f1xx_hal_tim.o
    0x080071f6   0x080071f6   0x00000024   Code   RO          496    i.TIM_TI2_ConfigInputStage  stm32f1xx_hal_tim.o
    0x0800721a   0x0800721a   0x00000010   Code   RO         1921    i.UART_DMAAbortOnError  stm32f1xx_hal_uart.o
    0x0800722a   0x0800722a   0x0000001c   Code   RO         1931    i.UART_EndRxTransfer  stm32f1xx_hal_uart.o
    0x08007246   0x08007246   0x00000096   Code   RO         1933    i.UART_Receive_IT   stm32f1xx_hal_uart.o
    0x080072dc   0x080072dc   0x00000170   Code   RO         1934    i.UART_SetConfig    stm32f1xx_hal_uart.o
    0x0800744c   0x0800744c   0x00000062   Code   RO         1935    i.UART_Transmit_IT  stm32f1xx_hal_uart.o
    0x080074ae   0x080074ae   0x00000064   Code   RO         1936    i.UART_WaitOnFlagUntilTimeout  stm32f1xx_hal_uart.o
    0x08007512   0x08007512   0x00000002   PAD
    0x08007514   0x08007514   0x00000094   Code   RO         2536    i.USART1_IRQHandler  stm32f1xx_it.o
    0x080075a8   0x080075a8   0x00000070   Code   RO         2537    i.USART2_IRQHandler  stm32f1xx_it.o
    0x08007618   0x08007618   0x00000002   Code   RO         2538    i.UsageFault_Handler  stm32f1xx_it.o
    0x0800761a   0x0800761a   0x00000002   Code   RO         2251    i._Error_Handler    main.o
    0x0800761c   0x0800761c   0x00000020   Code   RO         3201    i.__0printf         mc_w.l(printfa.o)
    0x0800763c   0x0800763c   0x00000028   Code   RO         3203    i.__0sprintf        mc_w.l(printfa.o)
    0x08007664   0x08007664   0x00000028   Code   RO         3322    i.__ARM_fpclassify  m_ws.l(fpclassify.o)
    0x0800768c   0x0800768c   0x00000388   Code   RO         3270    i.__ieee754_rem_pio2  m_ws.l(rred.o)
    0x08007a14   0x08007a14   0x000000fc   Code   RO         3253    i.__kernel_cos      m_ws.l(cos_i.o)
    0x08007b10   0x08007b10   0x000000aa   Code   RO         3324    i.__kernel_poly     m_ws.l(poly.o)
    0x08007bba   0x08007bba   0x00000002   PAD
    0x08007bbc   0x08007bbc   0x000000ec   Code   RO         3275    i.__kernel_sin      m_ws.l(sin_i.o)
    0x08007ca8   0x08007ca8   0x00000006   Code   RO         3257    i.__mathlib_dbl_infnan  m_ws.l(dunder.o)
    0x08007cae   0x08007cae   0x0000000c   Code   RO         3259    i.__mathlib_dbl_invalid  m_ws.l(dunder.o)
    0x08007cba   0x08007cba   0x00000002   PAD
    0x08007cbc   0x08007cbc   0x00000010   Code   RO         3262    i.__mathlib_dbl_underflow  m_ws.l(dunder.o)
    0x08007ccc   0x08007ccc   0x0000000c   Code   RO         3305    i.__read_errno      mc_w.l(errno.o)
    0x08007cd8   0x08007cd8   0x0000000e   Code   RO         3345    i.__scatterload_copy  mc_w.l(handlers.o)
    0x08007ce6   0x08007ce6   0x00000002   Code   RO         3346    i.__scatterload_null  mc_w.l(handlers.o)
    0x08007ce8   0x08007ce8   0x0000000e   Code   RO         3347    i.__scatterload_zeroinit  mc_w.l(handlers.o)
    0x08007cf6   0x08007cf6   0x00000002   PAD
    0x08007cf8   0x08007cf8   0x0000000c   Code   RO         3306    i.__set_errno       mc_w.l(errno.o)
    0x08007d04   0x08007d04   0x00000184   Code   RO         3208    i._fp_digits        mc_w.l(printfa.o)
    0x08007e88   0x08007e88   0x0000000e   Code   RO         3332    i._is_digit         mc_w.l(scanf_fp.o)
    0x08007e96   0x08007e96   0x00000002   PAD
    0x08007e98   0x08007e98   0x000006dc   Code   RO         3209    i._printf_core      mc_w.l(printfa.o)
    0x08008574   0x08008574   0x00000024   Code   RO         3210    i._printf_post_padding  mc_w.l(printfa.o)
    0x08008598   0x08008598   0x0000002e   Code   RO         3211    i._printf_pre_padding  mc_w.l(printfa.o)
    0x080085c6   0x080085c6   0x0000000a   Code   RO         3213    i._sputc            mc_w.l(printfa.o)
    0x080085d0   0x080085d0   0x0000002a   Code   RO         2944    i.atof              m_ws.l(atof.o)
    0x080085fa   0x080085fa   0x00000002   PAD
    0x080085fc   0x080085fc   0x00000054   Code   RO         2685    i.clrStruct         gps.o
    0x08008650   0x08008650   0x00000028   Code   RO         2752    i.delay_us          lcd.o
    0x08008678   0x08008678   0x00000018   Code   RO         2417    i.fputc             usart.o
    0x08008690   0x08008690   0x000004c4   Code   RO         2252    i.main              main.o
    0x08008b54   0x08008b54   0x000000a0   Code   RO         2948    i.sin               m_ws.l(sin.o)
    0x08008bf4   0x08008bf4   0x00000010   Data   RO         2211    .constdata          system_stm32f1xx.o
    0x08008c04   0x08008c04   0x00000008   Data   RO         2212    .constdata          system_stm32f1xx.o
    0x08008c0c   0x08008c0c   0x000017c0   Data   RO         2755    .constdata          lcd.o
    0x0800a3cc   0x0800a3cc   0x00000004   PAD
    0x0800a3d0   0x0800a3d0   0x00000030   Data   RO         3254    .constdata          m_ws.l(cos_i.o)
    0x0800a400   0x0800a400   0x000000c8   Data   RO         3272    .constdata          m_ws.l(rred.o)
    0x0800a4c8   0x0800a4c8   0x00000028   Data   RO         3276    .constdata          m_ws.l(sin_i.o)
    0x0800a4f0   0x0800a4f0   0x00000040   Data   RO         3339    .constdata          mc_w.l(ctype_c.o)
    0x0800a530   0x0800a530   0x00000020   Data   RO         3343    Region$$Table       anon$$obj.o


    Execution Region RW_IRAM1 (Exec base: 0x20000000, Load base: 0x0800a550, Size: 0x00000a78, Max: 0x0000c000, ABSOLUTE)

    Exec Addr    Load Addr    Size         Type   Attr      Idx    E Section Name        Object

    0x20000000   0x0800a550   0x0000000c   Data   RW         1362    .data               stm32f1xx_hal.o
    0x2000000c   0x0800a55c   0x00000004   Data   RW         2213    .data               system_stm32f1xx.o
    0x20000010   0x0800a560   0x00000028   Data   RW         2254    .data               main.o
    0x20000038   0x0800a588   0x00000004   Data   RW         2255    .data               main.o
    0x2000003c   0x0800a58c   0x00000002   Data   RW         2420    .data               usart.o
    0x2000003e   0x0800a58e   0x00000001   Data   RW         2421    .data               usart.o
    0x2000003f   0x0800a58f   0x00000001   PAD
    0x20000040   0x0800a590   0x00000008   Data   RW         2644    .data               mpu6050.o
    0x20000048   0x0800a598   0x00000009   Data   RW         2687    .data               gps.o
    0x20000051   0x0800a5a1   0x00000003   PAD
    0x20000054   0x0800a5a4   0x00000008   Data   RW         2756    .data               lcd.o
    0x2000005c   0x0800a5ac   0x00000004   Data   RW         3295    .data               mc_w.l(stdout.o)
    0x20000060   0x0800a5b0   0x00000004   Data   RW         3307    .data               mc_w.l(errno.o)
    0x20000064        -       0x000000f0   Zero   RW         2253    .bss                main.o
    0x20000154        -       0x00000080   Zero   RW         2345    .bss                tim.o
    0x200001d4        -       0x00000100   Zero   RW         2418    .bss                usart.o
    0x200002d4        -       0x00000108   Zero   RW         2419    .bss                usart.o
    0x200003dc        -       0x0000000b   Zero   RW         2539    .bss                stm32f1xx_it.o
    0x200003e7   0x0800a5b4   0x00000001   PAD
    0x200003e8        -       0x00000066   Zero   RW         2642    .bss                mpu6050.o
    0x2000044e        -       0x00000218   Zero   RW         2686    .bss                gps.o
    0x20000666        -       0x0000000e   Zero   RW         2754    .bss                lcd.o
    0x20000674   0x0800a5b4   0x00000004   PAD
    0x20000678        -       0x00000400   Zero   RW            1    STACK               startup_stm32f103xe.o


==============================================================================

Image component sizes


      Code (inc. data)   RO Data    RW Data    ZI Data      Debug   Object Name

        28          6          0          0          0        698   dma.o
       160         20          0          0          0       1330   gpio.o
       968        154          0          9        536       4451   gps.o
     17802        216       6080          8         14      22025   lcd.o
      1600        278          0         44        240       5052   main.o
       552         32          0          8        102       2447   mpu6050.o
        36          8        304          0       1024        792   startup_stm32f103xe.o
       164         28          0         12          0       3777   stm32f1xx_hal.o
       228         14          0          0          0      27313   stm32f1xx_hal_cortex.o
      1020         52          0          0          0       2823   stm32f1xx_hal_dma.o
       498         42          0          0          0       2860   stm32f1xx_hal_gpio.o
       128         10          0          0          0        854   stm32f1xx_hal_msp.o
      1296        104          0          0          0       5584   stm32f1xx_hal_rcc.o
       974         20          0          0          0       9910   stm32f1xx_hal_tim.o
        84          0          0          0          0     481218   stm32f1xx_hal_tim_ex.o
      1322         10          0          0          0       8927   stm32f1xx_hal_uart.o
       338         70          0          0         11       7515   stm32f1xx_it.o
        72         16         24          4          0       1135   system_stm32f1xx.o
       300         60          0          0        128       2183   tim.o
       432         94          0          3        520       2973   usart.o

    ----------------------------------------------------------------------
     28020       1234       6444         92       2580     593867   Object Totals
         0          0         32          0          0          0   (incl. Generated)
        18          0          4          4          5          0   (incl. Padding)

    ----------------------------------------------------------------------

      Code (inc. data)   RO Data    RW Data    ZI Data      Debug   Library Member Name

        42          0          0          0          0         84   atof.o
       252         22         48          0          0        124   cos_i.o
        34          6          0          0          0        204   dunder.o
        40          0          0          0          0         68   fpclassify.o
       170          0          0          0          0         96   poly.o
       904         76        200          0          0        140   rred.o
       160         10          0          0          0        108   sin.o
       236         12         40          0          0        128   sin_i.o
        64          0          0          0          0         84   _sgetc.o
        40          6         64          0          0         68   ctype_c.o
         0          0          0          0          0          0   entry.o
         0          0          0          0          0          0   entry10a.o
         0          0          0          0          0          0   entry11a.o
         8          4          0          0          0          0   entry2.o
         4          0          0          0          0          0   entry5.o
         0          0          0          0          0          0   entry7b.o
         0          0          0          0          0          0   entry8b.o
         8          4          0          0          0          0   entry9a.o
        24         12          0          4          0        136   errno.o
        30          0          0          0          0          0   handlers.o
        36          8          0          0          0         68   init.o
        10          0          0          0          0         68   isspace_c.o
         0          0          0          0          0          0   iusefp.o
        30          0          0          0          0         68   llshl.o
        36          0          0          0          0         68   llsshr.o
        32          0          0          0          0         68   llushr.o
        36          0          0          0          0         68   memcpya.o
        36          0          0          0          0        108   memseta.o
      2308         96          0          0          0        604   printfa.o
       878         12          0          0          0        216   scanf_fp.o
         0          0          0          4          0          0   stdout.o
        36          0          0          0          0         80   strstr.o
       156         12          0          0          0        120   strtod.o
        44          0          0          0          0         80   uidiv.o
        98          0          0          0          0         92   uldiv.o
        48          0          0          0          0         68   cdrcmple.o
        56          0          0          0          0         88   d2f.o
       334          0          0          0          0        148   dadd.o
       222          0          0          0          0        100   ddiv.o
       186          0          0          0          0        176   depilogue.o
        62          0          0          0          0         80   dfixi.o
        50          0          0          0          0         76   dfixui.o
        48          0          0          0          0         68   dfixul.o
        34          0          0          0          0         76   dflti.o
        26          0          0          0          0         76   dfltui.o
        24          0          0          0          0         76   dfltul.o
       228          0          0          0          0         96   dmul.o
        46          0          0          0          0         80   dscalb.o
        38          0          0          0          0         68   f2d.o
       176          0          0          0          0        140   fadd.o
       110          0          0          0          0        168   fepilogue.o
        40          0          0          0          0         68   ffixui.o
        10          0          0          0          0         68   ffltui.o

    ----------------------------------------------------------------------
      7504        280        352          8          0       4668   Library Totals
        14          0          0          0          0          0   (incl. Padding)

    ----------------------------------------------------------------------

      Code (inc. data)   RO Data    RW Data    ZI Data      Debug   Library Name

      1838        126        288          0          0        952   m_ws.l
      3914        154         64          8          0       1996   mc_w.l
      1738          0          0          0          0       1720   mf_w.l

    ----------------------------------------------------------------------
      7504        280        352          8          0       4668   Library Totals

    ----------------------------------------------------------------------

==============================================================================


      Code (inc. data)   RO Data    RW Data    ZI Data      Debug   

     35524       1514       6796        100       2580     590783   Grand Totals
     35524       1514       6796        100       2580     590783   ELF Image Totals
     35524       1514       6796        100          0          0   ROM Totals

==============================================================================

    Total RO  Size (Code + RO Data)                42320 (  41.33kB)
    Total RW  Size (RW Data + ZI Data)              2680 (   2.62kB)
    Total ROM Size (Code + RO Data + RW Data)      42420 (  41.43kB)

==============================================================================

