Component: ARM Compiler 5.06 update 6 (build 750) Tool: armlink [4d35ed]

==============================================================================

Section Cross References

    startup_stm32f103xe.o(RESET) refers to startup_stm32f103xe.o(STACK) for __initial_sp
    startup_stm32f103xe.o(RESET) refers to startup_stm32f103xe.o(.text) for Reset_Handler
    startup_stm32f103xe.o(RESET) refers to stm32f1xx_it.o(i.NMI_Handler) for NMI_Handler
    startup_stm32f103xe.o(RESET) refers to stm32f1xx_it.o(i.HardFault_Handler) for HardFault_Handler
    startup_stm32f103xe.o(RESET) refers to stm32f1xx_it.o(i.MemManage_Handler) for MemManage_Handler
    startup_stm32f103xe.o(RESET) refers to stm32f1xx_it.o(i.BusFault_Handler) for BusFault_Handler
    startup_stm32f103xe.o(RESET) refers to stm32f1xx_it.o(i.UsageFault_Handler) for UsageFault_Handler
    startup_stm32f103xe.o(RESET) refers to stm32f1xx_it.o(i.SVC_Handler) for SVC_Handler
    startup_stm32f103xe.o(RESET) refers to stm32f1xx_it.o(i.DebugMon_Handler) for DebugMon_Handler
    startup_stm32f103xe.o(RESET) refers to stm32f1xx_it.o(i.PendSV_Handler) for PendSV_Handler
    startup_stm32f103xe.o(RESET) refers to stm32f1xx_it.o(i.SysTick_Handler) for SysTick_Handler
    startup_stm32f103xe.o(RESET) refers to stm32f1xx_it.o(i.DMA1_Channel5_IRQHandler) for DMA1_Channel5_IRQHandler
    startup_stm32f103xe.o(RESET) refers to stm32f1xx_it.o(i.DMA1_Channel6_IRQHandler) for DMA1_Channel6_IRQHandler
    startup_stm32f103xe.o(RESET) refers to stm32f1xx_it.o(i.TIM3_IRQHandler) for TIM3_IRQHandler
    startup_stm32f103xe.o(RESET) refers to stm32f1xx_it.o(i.USART1_IRQHandler) for USART1_IRQHandler
    startup_stm32f103xe.o(RESET) refers to stm32f1xx_it.o(i.USART2_IRQHandler) for USART2_IRQHandler
    startup_stm32f103xe.o(RESET) refers to stm32f1xx_it.o(i.TIM5_IRQHandler) for TIM5_IRQHandler
    startup_stm32f103xe.o(.text) refers to system_stm32f1xx.o(i.SystemInit) for SystemInit
    startup_stm32f103xe.o(.text) refers to entry.o(.ARM.Collect$$$$00000000) for __main
    stm32f1xx_hal_tim_ex.o(i.HAL_TIMEx_ConfigCommutationEvent_DMA) refers to stm32f1xx_hal_tim_ex.o(i.TIMEx_DMACommutationCplt) for TIMEx_DMACommutationCplt
    stm32f1xx_hal_tim_ex.o(i.HAL_TIMEx_ConfigCommutationEvent_DMA) refers to stm32f1xx_hal_tim.o(i.TIM_DMAError) for TIM_DMAError
    stm32f1xx_hal_tim_ex.o(i.HAL_TIMEx_HallSensor_DeInit) refers to stm32f1xx_hal_tim_ex.o(i.HAL_TIMEx_HallSensor_MspDeInit) for HAL_TIMEx_HallSensor_MspDeInit
    stm32f1xx_hal_tim_ex.o(i.HAL_TIMEx_HallSensor_Init) refers to stm32f1xx_hal_tim_ex.o(i.HAL_TIMEx_HallSensor_MspInit) for HAL_TIMEx_HallSensor_MspInit
    stm32f1xx_hal_tim_ex.o(i.HAL_TIMEx_HallSensor_Init) refers to stm32f1xx_hal_tim.o(i.TIM_Base_SetConfig) for TIM_Base_SetConfig
    stm32f1xx_hal_tim_ex.o(i.HAL_TIMEx_HallSensor_Init) refers to stm32f1xx_hal_tim.o(i.TIM_TI1_SetConfig) for TIM_TI1_SetConfig
    stm32f1xx_hal_tim_ex.o(i.HAL_TIMEx_HallSensor_Init) refers to stm32f1xx_hal_tim.o(i.TIM_OC2_SetConfig) for TIM_OC2_SetConfig
    stm32f1xx_hal_tim_ex.o(i.HAL_TIMEx_HallSensor_Start) refers to stm32f1xx_hal_tim.o(i.TIM_CCxChannelCmd) for TIM_CCxChannelCmd
    stm32f1xx_hal_tim_ex.o(i.HAL_TIMEx_HallSensor_Start_DMA) refers to stm32f1xx_hal_tim.o(i.TIM_CCxChannelCmd) for TIM_CCxChannelCmd
    stm32f1xx_hal_tim_ex.o(i.HAL_TIMEx_HallSensor_Start_DMA) refers to stm32f1xx_hal_dma.o(i.HAL_DMA_Start_IT) for HAL_DMA_Start_IT
    stm32f1xx_hal_tim_ex.o(i.HAL_TIMEx_HallSensor_Start_DMA) refers to stm32f1xx_hal_tim.o(i.TIM_DMACaptureCplt) for TIM_DMACaptureCplt
    stm32f1xx_hal_tim_ex.o(i.HAL_TIMEx_HallSensor_Start_DMA) refers to stm32f1xx_hal_tim.o(i.TIM_DMAError) for TIM_DMAError
    stm32f1xx_hal_tim_ex.o(i.HAL_TIMEx_HallSensor_Start_IT) refers to stm32f1xx_hal_tim.o(i.TIM_CCxChannelCmd) for TIM_CCxChannelCmd
    stm32f1xx_hal_tim_ex.o(i.HAL_TIMEx_HallSensor_Stop) refers to stm32f1xx_hal_tim.o(i.TIM_CCxChannelCmd) for TIM_CCxChannelCmd
    stm32f1xx_hal_tim_ex.o(i.HAL_TIMEx_HallSensor_Stop_DMA) refers to stm32f1xx_hal_tim.o(i.TIM_CCxChannelCmd) for TIM_CCxChannelCmd
    stm32f1xx_hal_tim_ex.o(i.HAL_TIMEx_HallSensor_Stop_IT) refers to stm32f1xx_hal_tim.o(i.TIM_CCxChannelCmd) for TIM_CCxChannelCmd
    stm32f1xx_hal_tim_ex.o(i.HAL_TIMEx_OCN_Start) refers to stm32f1xx_hal_tim_ex.o(i.TIM_CCxNChannelCmd) for TIM_CCxNChannelCmd
    stm32f1xx_hal_tim_ex.o(i.HAL_TIMEx_OCN_Start_DMA) refers to stm32f1xx_hal_dma.o(i.HAL_DMA_Start_IT) for HAL_DMA_Start_IT
    stm32f1xx_hal_tim_ex.o(i.HAL_TIMEx_OCN_Start_DMA) refers to stm32f1xx_hal_tim_ex.o(i.TIM_CCxNChannelCmd) for TIM_CCxNChannelCmd
    stm32f1xx_hal_tim_ex.o(i.HAL_TIMEx_OCN_Start_DMA) refers to stm32f1xx_hal_tim.o(i.TIM_DMADelayPulseCplt) for TIM_DMADelayPulseCplt
    stm32f1xx_hal_tim_ex.o(i.HAL_TIMEx_OCN_Start_DMA) refers to stm32f1xx_hal_tim.o(i.TIM_DMAError) for TIM_DMAError
    stm32f1xx_hal_tim_ex.o(i.HAL_TIMEx_OCN_Start_IT) refers to stm32f1xx_hal_tim_ex.o(i.TIM_CCxNChannelCmd) for TIM_CCxNChannelCmd
[...]
    Removing stm32f1xx_hal_pwr.o(i.HAL_PWR_EnablePVD), (12 bytes).
    Removing stm32f1xx_hal_pwr.o(i.HAL_PWR_EnableSEVOnPend), (16 bytes).
    Removing stm32f1xx_hal_pwr.o(i.HAL_PWR_EnableSleepOnExit), (16 bytes).
    Removing stm32f1xx_hal_pwr.o(i.HAL_PWR_EnableWakeUpPin), (28 bytes).
    Removing stm32f1xx_hal_pwr.o(i.HAL_PWR_EnterSLEEPMode), (32 bytes).
    Removing stm32f1xx_hal_pwr.o(i.HAL_PWR_EnterSTANDBYMode), (32 bytes).
    Removing stm32f1xx_hal_pwr.o(i.HAL_PWR_EnterSTOPMode), (68 bytes).
    Removing stm32f1xx_hal_pwr.o(i.HAL_PWR_PVDCallback), (2 bytes).
    Removing stm32f1xx_hal_pwr.o(i.HAL_PWR_PVD_IRQHandler), (28 bytes).
    Removing stm32f1xx_hal_pwr.o(i.PWR_OverloadWfe), (6 bytes).
    Removing stm32f1xx_hal_uart.o(.rev16_text), (4 bytes).
    Removing stm32f1xx_hal_uart.o(.revsh_text), (4 bytes).
    Removing stm32f1xx_hal_uart.o(.rrx_text), (6 bytes).
    Removing stm32f1xx_hal_uart.o(i.HAL_HalfDuplex_EnableReceiver), (50 bytes).
    Removing stm32f1xx_hal_uart.o(i.HAL_HalfDuplex_EnableTransmitter), (50 bytes).
    Removing stm32f1xx_hal_uart.o(i.HAL_HalfDuplex_Init), (108 bytes).
    Removing stm32f1xx_hal_uart.o(i.HAL_LIN_Init), (122 bytes).
    Removing stm32f1xx_hal_uart.o(i.HAL_LIN_SendBreak), (46 bytes).
    Removing stm32f1xx_hal_uart.o(i.HAL_MultiProcessor_EnterMuteMode), (46 bytes).
    Removing stm32f1xx_hal_uart.o(i.HAL_MultiProcessor_ExitMuteMode), (46 bytes).
    Removing stm32f1xx_hal_uart.o(i.HAL_MultiProcessor_Init), (130 bytes).
    Removing stm32f1xx_hal_uart.o(i.HAL_UART_Abort), (104 bytes).
    Removing stm32f1xx_hal_uart.o(i.HAL_UART_AbortCpltCallback), (2 bytes).
    Removing stm32f1xx_hal_uart.o(i.HAL_UART_AbortReceive), (68 bytes).
    Removing stm32f1xx_hal_uart.o(i.HAL_UART_AbortReceiveCpltCallback), (2 bytes).
    Removing stm32f1xx_hal_uart.o(i.HAL_UART_AbortReceive_IT), (92 bytes).
    Removing stm32f1xx_hal_uart.o(i.HAL_UART_AbortTransmit), (58 bytes).
    Removing stm32f1xx_hal_uart.o(i.HAL_UART_AbortTransmitCpltCallback), (2 bytes).
    Removing stm32f1xx_hal_uart.o(i.HAL_UART_AbortTransmit_IT), (84 bytes).
    Removing stm32f1xx_hal_uart.o(i.HAL_UART_Abort_IT), (172 bytes).
    Removing stm32f1xx_hal_uart.o(i.HAL_UART_DMAPause), (102 bytes).
    Removing stm32f1xx_hal_uart.o(i.HAL_UART_DMAResume), (94 bytes).
    Removing stm32f1xx_hal_uart.o(i.HAL_UART_DMAStop), (88 bytes).
    Removing stm32f1xx_hal_uart.o(i.HAL_UART_DeInit), (40 bytes).
    Removing stm32f1xx_hal_uart.o(i.HAL_UART_GetError), (4 bytes).
    Removing stm32f1xx_hal_uart.o(i.HAL_UART_GetState), (10 bytes).
    Removing stm32f1xx_hal_uart.o(i.HAL_UART_MspDeInit), (2 bytes).
    Removing stm32f1xx_hal_uart.o(i.HAL_UART_MspInit), (2 bytes).
    Removing stm32f1xx_hal_uart.o(i.HAL_UART_Receive), (184 bytes).
    Removing stm32f1xx_hal_uart.o(i.HAL_UART_Receive_DMA), (152 bytes).
    Removing stm32f1xx_hal_uart.o(i.HAL_UART_Receive_IT), (82 bytes).
    Removing stm32f1xx_hal_uart.o(i.HAL_UART_RxHalfCpltCallback), (2 bytes).
    Removing stm32f1xx_hal_uart.o(i.HAL_UART_Transmit), (186 bytes).
    Removing stm32f1xx_hal_uart.o(i.HAL_UART_Transmit_DMA), (128 bytes).
    Removing stm32f1xx_hal_uart.o(i.HAL_UART_Transmit_IT), (62 bytes).
    Removing stm32f1xx_hal_uart.o(i.HAL_UART_TxHalfCpltCallback), (2 bytes).
    Removing stm32f1xx_hal_uart.o(i.UART_DMAError), (74 bytes).
    Removing stm32f1xx_hal_uart.o(i.UART_DMAReceiveCplt), (60 bytes).
    Removing stm32f1xx_hal_uart.o(i.UART_DMARxAbortCallback), (42 bytes).
    Removing stm32f1xx_hal_uart.o(i.UART_DMARxHalfCplt), (10 bytes).
    Removing stm32f1xx_hal_uart.o(i.UART_DMARxOnlyAbortCallback), (20 bytes).
    Removing stm32f1xx_hal_uart.o(i.UART_DMATransmitCplt), (46 bytes).
    Removing stm32f1xx_hal_uart.o(i.UART_DMATxAbortCallback), (42 bytes).
    Removing stm32f1xx_hal_uart.o(i.UART_DMATxHalfCplt), (10 bytes).
    Removing stm32f1xx_hal_uart.o(i.UART_DMATxOnlyAbortCallback), (20 bytes).
    Removing stm32f1xx_hal_uart.o(i.UART_EndTxTransfer), (18 bytes).
    Removing stm32f1xx_hal_uart.o(i.UART_WaitOnFlagUntilTimeout), (100 bytes).
    Removing system_stm32f1xx.o(.rev16_text), (4 bytes).
    Removing system_stm32f1xx.o(.revsh_text), (4 bytes).
    Removing system_stm32f1xx.o(.rrx_text), (6 bytes).
    Removing system_stm32f1xx.o(i.SystemCoreClockUpdate), (104 bytes).
    Removing main.o(.rev16_text), (4 bytes).
    Removing main.o(.revsh_text), (4 bytes).
    Removing main.o(.rrx_text), (6 bytes).
    Removing tim.o(.rev16_text), (4 bytes).
    Removing tim.o(.revsh_text), (4 bytes).
    Removing tim.o(.rrx_text), (6 bytes).
    Removing tim.o(i.HAL_TIM_Base_MspDeInit), (56 bytes).
    Removing dma.o(.rev16_text), (4 bytes).
    Removing dma.o(.revsh_text), (4 bytes).
    Removing dma.o(.rrx_text), (6 bytes).
    Removing usart.o(.rev16_text), (4 bytes).
    Removing usart.o(.revsh_text), (4 bytes).
    Removing usart.o(.rrx_text), (6 bytes).
    Removing usart.o(i.HAL_UART_MspDeInit), (100 bytes).
    Removing gpio.o(.rev16_text), (4 bytes).
    Removing gpio.o(.revsh_text), (4 bytes).
    Removing gpio.o(.rrx_text), (6 bytes).
    Removing stm32f1xx_hal_msp.o(.rev16_text), (4 bytes).
    Removing stm32f1xx_hal_msp.o(.revsh_text), (4 bytes).
    Removing stm32f1xx_hal_msp.o(.rrx_text), (6 bytes).
    Removing stm32f1xx_it.o(.rev16_text), (4 bytes).
    Removing stm32f1xx_it.o(.revsh_text), (4 bytes).
    Removing stm32f1xx_it.o(.rrx_text), (6 bytes).
    Removing mpu6050.o(.rev16_text), (4 bytes).
    Removing mpu6050.o(.revsh_text), (4 bytes).
    Removing mpu6050.o(.rrx_text), (6 bytes).
    Removing mpu6050.o(i.HAL_MPU6050_RxCpltCallback), (104 bytes).
    Removing mpu6050.o(.bss), (11 bytes).
    Removing mpu6050.o(.data), (2 bytes).
    Removing gps.o(.rev16_text), (4 bytes).
    Removing gps.o(.revsh_text), (4 bytes).
    Removing gps.o(.rrx_text), (6 bytes).
    Removing lcd.o(.rev16_text), (4 bytes).
    Removing lcd.o(.revsh_text), (4 bytes).
    Removing lcd.o(.rrx_text), (6 bytes).
    Removing lcd.o(i.LCD_BGR2RGB), (18 bytes).
    Removing lcd.o(i.LCD_Color_Fill), (116 bytes).
    Removing lcd.o(i.LCD_DisplayOff), (68 bytes).
    Removing lcd.o(i.LCD_DisplayOn), (72 bytes).
    Removing lcd.o(i.LCD_DrawLine), (154 bytes).
    Removing lcd.o(i.LCD_DrawPoint), (52 bytes).
    Removing lcd.o(i.LCD_DrawRectangle), (56 bytes).
    Removing lcd.o(i.LCD_Draw_Circle), (176 bytes).
    Removing lcd.o(i.LCD_Fill), (176 bytes).
    Removing lcd.o(i.LCD_Pow), (16 bytes).
    Removing lcd.o(i.LCD_ReadPoint), (388 bytes).
    Removing lcd.o(i.LCD_Set_Window), (828 bytes).
    Removing lcd.o(i.LCD_ShowNum), (118 bytes).
    Removing lcd.o(i.LCD_ShowxNum), (134 bytes).
    Removing lcd.o(i.LCD_WriteRAM), (36 bytes).
    Removing lcd.o(i.opt_delay), (8 bytes).

363 unused section(s) (total 21875 bytes) removed from the image.

==============================================================================

Image Symbol Table

    Local Symbols

    Symbol Name                              Value     Ov Type        Size  Object(Section)

    ..//Src/system_stm32f1xx.c               0x00000000   Number         0  system_stm32f1xx.o ABSOLUTE
    ../Drivers/STM32F1xx_HAL_Driver/Src/stm32f1xx_hal.c 0x00000000   Number         0  stm32f1xx_hal.o ABSOLUTE
    ../Drivers/STM32F1xx_HAL_Driver/Src/stm32f1xx_hal_cortex.c 0x00000000   Number         0  stm32f1xx_hal_cortex.o ABSOLUTE
    ../Drivers/STM32F1xx_HAL_Driver/Src/stm32f1xx_hal_dma.c 0x00000000   Number         0  stm32f1xx_hal_dma.o ABSOLUTE
    ../Drivers/STM32F1xx_HAL_Driver/Src/stm32f1xx_hal_flash.c 0x00000000   Number         0  stm32f1xx_hal_flash.o ABSOLUTE
    ../Drivers/STM32F1xx_HAL_Driver/Src/stm32f1xx_hal_flash_ex.c 0x00000000   Number         0  stm32f1xx_hal_flash_ex.o ABSOLUTE
    ../Drivers/STM32F1xx_HAL_Driver/Src/stm32f1xx_hal_gpio.c 0x00000000   Number         0  stm32f1xx_hal_gpio.o ABSOLUTE
    ../Drivers/STM32F1xx_HAL_Driver/Src/stm32f1xx_hal_gpio_ex.c 0x00000000   Number         0  stm32f1xx_hal_gpio_ex.o ABSOLUTE
    ../Drivers/STM32F1xx_HAL_Driver/Src/stm32f1xx_hal_pwr.c 0x00000000   Number         0  stm32f1xx_hal_pwr.o ABSOLUTE
    ../Drivers/STM32F1xx_HAL_Driver/Src/stm32f1xx_hal_rcc.c 0x00000000   Number         0  stm32f1xx_hal_rcc.o ABSOLUTE
    ../Drivers/STM32F1xx_HAL_Driver/Src/stm32f1xx_hal_rcc_ex.c 0x00000000   Number         0  stm32f1xx_hal_rcc_ex.o ABSOLUTE
    ../Drivers/STM32F1xx_HAL_Driver/Src/stm32f1xx_hal_tim.c 0x00000000   Number         0  stm32f1xx_hal_tim.o ABSOLUTE
    ../Drivers/STM32F1xx_HAL_Driver/Src/stm32f1xx_hal_tim_ex.c 0x00000000   Number         0  stm32f1xx_hal_tim_ex.o ABSOLUTE
    ../Drivers/STM32F1xx_HAL_Driver/Src/stm32f1xx_hal_uart.c 0x00000000   Number         0  stm32f1xx_hal_uart.o ABSOLUTE
    ../Src/dma.c                             0x00000000   Number         0  dma.o ABSOLUTE
    ../Src/gpio.c                            0x00000000   Number         0  gpio.o ABSOLUTE
    ../Src/main.c                            0x00000000   Number         0  main.o ABSOLUTE
    ../Src/stm32f1xx_hal_msp.c               0x00000000   Number         0  stm32f1xx_hal_msp.o ABSOLUTE
    ../Src/stm32f1xx_it.c                    0x00000000   Number         0  stm32f1xx_it.o ABSOLUTE
    ../Src/tim.c                             0x00000000   Number         0  tim.o ABSOLUTE
    ../Src/usart.c                           0x00000000   Number         0  usart.o ABSOLUTE
    ../clib/microlib/division.c              0x00000000   Number         0  uldiv.o ABSOLUTE
    ../clib/microlib/division.c              0x00000000   Number         0  uidiv.o ABSOLUTE
    ../clib/microlib/init/entry.s            0x00000000   Number         0  entry10b.o ABSOLUTE
    ../clib/microlib/init/entry.s            0x00000000   Number         0  entry9a.o ABSOLUTE
    ../clib/microlib/init/entry.s            0x00000000   Number         0  entry10a.o ABSOLUTE
    ../clib/microlib/init/entry.s            0x00000000   Number         0  entry7b.o ABSOLUTE
    ../clib/microlib/init/entry.s            0x00000000   Number         0  entry7a.o ABSOLUTE
    ../clib/microlib/init/entry.s            0x00000000   Number         0  entry9b.o ABSOLUTE
    ../clib/microlib/init/entry.s            0x00000000   Number         0  entry.o ABSOLUTE
    ../clib/microlib/init/entry.s            0x00000000   Number         0  entry5.o ABSOLUTE
    ../clib/microlib/init/entry.s            0x00000000   Number         0  entry8a.o ABSOLUTE
    ../clib/microlib/init/entry.s            0x00000000   Number         0  entry8b.o ABSOLUTE
    ../clib/microlib/init/entry.s            0x00000000   Number         0  entry11b.o ABSOLUTE
    ../clib/microlib/init/entry.s            0x00000000   Number         0  entry11a.o ABSOLUTE
    ../clib/microlib/init/entry.s            0x00000000   Number         0  entry2.o ABSOLUTE
    ../clib/microlib/longlong.c              0x00000000   Number         0  llushr.o ABSOLUTE
    ../clib/microlib/longlong.c              0x00000000   Number         0  llsshr.o ABSOLUTE
    ../clib/microlib/longlong.c              0x00000000   Number         0  llshl.o ABSOLUTE
    ../clib/microlib/printf/printf.c         0x00000000   Number         0  printf8.o ABSOLUTE
    ../clib/microlib/printf/printf.c         0x00000000   Number         0  printf0.o ABSOLUTE
    ../clib/microlib/printf/printf.c         0x00000000   Number         0  printf3.o ABSOLUTE
    ../clib/microlib/printf/printf.c         0x00000000   Number         0  printf7.o ABSOLUTE
    ../clib/microlib/printf/printf.c         0x00000000   Number         0  printf5.o ABSOLUTE
    ../clib/microlib/printf/printf.c         0x00000000   Number         0  printf4.o ABSOLUTE
    ../clib/microlib/printf/printf.c         0x00000000   Number         0  printfb.o ABSOLUTE
    ../clib/microlib/printf/printf.c         0x00000000   Number         0  printf1.o ABSOLUTE
    ../clib/microlib/printf/printf.c         0x00000000   Number         0  printf2.o ABSOLUTE
    ../clib/microlib/printf/printf.c         0x00000000   Number         0  printfa.o ABSOLUTE
    ../clib/microlib/printf/printf.c         0x00000000   Number         0  printf6.o ABSOLUTE
    ../clib/microlib/printf/stubs.s          0x00000000   Number         0  stubs.o ABSOLUTE
    ../clib/microlib/stdio/streams.c         0x00000000   Number         0  stdout.o ABSOLUTE
    ../clib/microlib/string/memcpy.c         0x00000000   Number         0  memcpyb.o ABSOLUTE
    ../clib/microlib/string/memcpy.c         0x00000000   Number         0  memcpya.o ABSOLUTE
    ../clib/microlib/string/memset.c         0x00000000   Number         0  memseta.o ABSOLUTE
    ../clib/microlib/string/strstr.c         0x00000000   Number         0  strstr.o ABSOLUTE
    ../clib/microlib/stubs.s                 0x00000000   Number         0  iusefp.o ABSOLUTE
    ../fplib/microlib/d2f.c                  0x00000000   Number         0  d2f.o ABSOLUTE
    ../fplib/microlib/f2d.c                  0x00000000   Number         0  f2d.o ABSOLUTE
    ../fplib/microlib/fpadd.c                0x00000000   Number         0  dadd.o ABSOLUTE
    ../fplib/microlib/fpdiv.c                0x00000000   Number         0  ddiv.o ABSOLUTE
    ../fplib/microlib/fpepilogue.c           0x00000000   Number         0  depilogue.o ABSOLUTE
    ../fplib/microlib/fpepilogue.c           0x00000000   Number         0  fepilogue.o ABSOLUTE
    ../fplib/microlib/fpfix.c                0x00000000   Number         0  dfixul.o ABSOLUTE
    ../fplib/microlib/fpfix.c                0x00000000   Number         0  dfixui.o ABSOLUTE
    ../fplib/microlib/fpflt.c                0x00000000   Number         0  dfltui.o ABSOLUTE
    ../fplib/microlib/fpflt.c                0x00000000   Number         0  dflti.o ABSOLUTE
    ../fplib/microlib/fpmul.c                0x00000000   Number         0  dmul.o ABSOLUTE
    ../fplib/microlib/fpscalb.c              0x00000000   Number         0  dscalb.o ABSOLUTE
    ..\Drivers\STM32F1xx_HAL_Driver\Src\stm32f1xx_hal.c 0x00000000   Number         0  stm32f1xx_hal.o ABSOLUTE
    ..\Drivers\STM32F1xx_HAL_Driver\Src\stm32f1xx_hal_cortex.c 0x00000000   Number         0  stm32f1xx_hal_cortex.o ABSOLUTE
    ..\Drivers\STM32F1xx_HAL_Driver\Src\stm32f1xx_hal_dma.c 0x00000000   Number         0  stm32f1xx_hal_dma.o ABSOLUTE
    ..\Drivers\STM32F1xx_HAL_Driver\Src\stm32f1xx_hal_flash.c 0x00000000   Number         0  stm32f1xx_hal_flash.o ABSOLUTE
    ..\Drivers\STM32F1xx_HAL_Driver\Src\stm32f1xx_hal_flash_ex.c 0x00000000   Number         0  stm32f1xx_hal_flash_ex.o ABSOLUTE
    ..\Drivers\STM32F1xx_HAL_Driver\Src\stm32f1xx_hal_gpio.c 0x00000000   Number         0  stm32f1xx_hal_gpio.o ABSOLUTE
    ..\Drivers\STM32F1xx_HAL_Driver\Src\stm32f1xx_hal_gpio_ex.c 0x00000000   Number         0  stm32f1xx_hal_gpio_ex.o ABSOLUTE
    ..\Drivers\STM32F1xx_HAL_Driver\Src\stm32f1xx_hal_pwr.c 0x00000000   Number         0  stm32f1xx_hal_pwr.o ABSOLUTE
    ..\Drivers\STM32F1xx_HAL_Driver\Src\stm32f1xx_hal_rcc.c 0x00000000   Number         0  stm32f1xx_hal_rcc.o ABSOLUTE
    ..\Drivers\STM32F1xx_HAL_Driver\Src\stm32f1xx_hal_rcc_ex.c 0x00000000   Number         0  stm32f1xx_hal_rcc_ex.o ABSOLUTE
    ..\Drivers\STM32F1xx_HAL_Driver\Src\stm32f1xx_hal_tim.c 0x00000000   Number         0  stm32f1xx_hal_tim.o ABSOLUTE
    ..\Drivers\STM32F1xx_HAL_Driver\Src\stm32f1xx_hal_tim_ex.c 0x00000000   Number         0  stm32f1xx_hal_tim_ex.o ABSOLUTE
    ..\Drivers\STM32F1xx_HAL_Driver\Src\stm32f1xx_hal_uart.c 0x00000000   Number         0  stm32f1xx_hal_uart.o ABSOLUTE
    ..\Src\dma.c                             0x00000000   Number         0  dma.o ABSOLUTE
    ..\Src\gpio.c                            0x00000000   Number         0  gpio.o ABSOLUTE
    ..\Src\gps.c                             0x00000000   Number         0  gps.o ABSOLUTE
    ..\Src\lcd.c                             0x00000000   Number         0  lcd.o ABSOLUTE
    ..\Src\main.c                            0x00000000   Number         0  main.o ABSOLUTE
    ..\Src\mpu6050.c                         0x00000000   Number         0  mpu6050.o ABSOLUTE
    ..\Src\stm32f1xx_hal_msp.c               0x00000000   Number         0  stm32f1xx_hal_msp.o ABSOLUTE
    ..\Src\stm32f1xx_it.c                    0x00000000   Number         0  stm32f1xx_it.o ABSOLUTE
    ..\Src\tim.c                             0x00000000   Number         0  tim.o ABSOLUTE
    ..\Src\usart.c                           0x00000000   Number         0  usart.o ABSOLUTE
    ..\\Src\\gps.c                           0x00000000   Number         0  gps.o ABSOLUTE
    ..\\Src\\lcd.c                           0x00000000   Number         0  lcd.o ABSOLUTE
    ..\\Src\\mpu6050.c                       0x00000000   Number         0  mpu6050.o ABSOLUTE
    ..\\Src\system_stm32f1xx.c               0x00000000   Number         0  system_stm32f1xx.o ABSOLUTE
    cdrcmple.s                               0x00000000   Number         0  cdrcmple.o ABSOLUTE
    dc.s                                     0x00000000   Number         0  dc.o ABSOLUTE
    handlers.s                               0x00000000   Number         0  handlers.o ABSOLUTE
    init.s                                   0x00000000   Number         0  init.o ABSOLUTE
    startup_stm32f103xe.s                    0x00000000   Number         0  startup_stm32f103xe.o ABSOLUTE
    RESET                                    0x08000000   Section      304  startup_stm32f103xe.o(RESET)
    .ARM.Collect$$$$00000000                 0x08000130   Section        0  entry.o(.ARM.Collect$$$$00000000)
    .ARM.Collect$$$$00000001                 0x08000130   Section        4  entry2.o(.ARM.Collect$$$$00000001)
    .ARM.Collect$$$$00000004                 0x08000134   Section        4  entry5.o(.ARM.Collect$$$$00000004)
    .ARM.Collect$$$$00000008                 0x08000138   Section        0  entry7b.o(.ARM.Collect$$$$00000008)
    .ARM.Collect$$$$0000000A                 0x08000138   Section        0  entry8b.o(.ARM.Collect$$$$0000000A)
    .ARM.Collect$$$$0000000B                 0x08000138   Section        8  entry9a.o(.ARM.Collect$$$$0000000B)
    .ARM.Collect$$$$0000000D                 0x08000140   Section        0  entry10a.o(.ARM.Collect$$$$0000000D)
    .ARM.Collect$$$$0000000F                 0x08000140   Section        0  entry11a.o(.ARM.Collect$$$$0000000F)
    .ARM.Collect$$$$00002712                 0x08000140   Section        4  entry2.o(.ARM.Collect$$$$00002712)
    __lit__00000000                          0x08000140   Data           4  entry2.o(.ARM.Collect$$$$00002712)
    .text                                    0x08000144   Section       36  startup_stm32f103xe.o(.text)
    .text                                    0x08000168   Section        0  llushr.o(.text)
    .text                                    0x08000188   Section        0  memcpya.o(.text)
    .text                                    0x080001ac   Section        0  memseta.o(.text)
    .text                                    0x080001d0   Section        0  strstr.o(.text)
    .text                                    0x080001f4   Section        0  dadd.o(.text)
    .text                                    0x08000342   Section        0  dmul.o(.text)
    .text                                    0x08000426   Section        0  ddiv.o(.text)
    .text                                    0x08000504   Section        0  dscalb.o(.text)
    .text                                    0x08000532   Section        0  dflti.o(.text)
    .text                                    0x08000554   Section        0  dfltui.o(.text)
    .text                                    0x0800056e   Section        0  dfixui.o(.text)
    .text                                    0x080005a0   Section        0  f2d.o(.text)
    .text                                    0x080005c6   Section        0  d2f.o(.text)
    .text                                    0x080005fe   Section        0  uidiv.o(.text)
    .text                                    0x0800062a   Section        0  uldiv.o(.text)
    .text                                    0x0800068c   Section        0  llshl.o(.text)
    .text                                    0x080006aa   Section        0  llsshr.o(.text)
    .text                                    0x080006ce   Section        0  iusefp.o(.text)
    .text                                    0x080006ce   Section        0  fepilogue.o(.text)
    .text                                    0x0800073c   Section        0  depilogue.o(.text)
    .text                                    0x080007f6   Section        0  dfixul.o(.text)
    .text                                    0x08000828   Section       48  cdrcmple.o(.text)
    .text                                    0x08000858   Section       36  init.o(.text)
    i.BusFault_Handler                       0x0800087c   Section        0  stm32f1xx_it.o(i.BusFault_Handler)
    i.DMA1_Channel5_IRQHandler               0x08000880   Section        0  stm32f1xx_it.o(i.DMA1_Channel5_IRQHandler)
    i.DMA1_Channel6_IRQHandler               0x0800088c   Section        0  stm32f1xx_it.o(i.DMA1_Channel6_IRQHandler)
    i.DebugMon_Handler                       0x08000898   Section        0  stm32f1xx_it.o(i.DebugMon_Handler)
    i.GPS_dataPrase                          0x0800089c   Section        0  gps.o(i.GPS_dataPrase)
    i.HAL_DMA_Abort_IT                       0x08000b30   Section        0  stm32f1xx_hal_dma.o(i.HAL_DMA_Abort_IT)
    i.HAL_DMA_IRQHandler                     0x08000c60   Section        0  stm32f1xx_hal_dma.o(i.HAL_DMA_IRQHandler)
    i.HAL_DMA_Init                           0x08000ea8   Section        0  stm32f1xx_hal_dma.o(i.HAL_DMA_Init)
    i.HAL_Delay                              0x08000f2c   Section        0  stm32f1xx_hal.o(i.HAL_Delay)
    i.HAL_GPIO_Init                          0x08000f50   Section        0  stm32f1xx_hal_gpio.o(i.HAL_GPIO_Init)
    i.HAL_GPIO_WritePin                      0x08001138   Section        0  stm32f1xx_hal_gpio.o(i.HAL_GPIO_WritePin)
    i.HAL_GetTick                            0x08001144   Section        0  stm32f1xx_hal.o(i.HAL_GetTick)
    i.HAL_IncTick                            0x08001150   Section        0  stm32f1xx_hal.o(i.HAL_IncTick)
    i.HAL_Init                               0x08001160   Section        0  stm32f1xx_hal.o(i.HAL_Init)
    i.HAL_InitTick                           0x08001184   Section        0  stm32f1xx_hal.o(i.HAL_InitTick)
    i.HAL_MspInit                            0x080011c4   Section        0  stm32f1xx_hal_msp.o(i.HAL_MspInit)
    i.HAL_NVIC_EnableIRQ                     0x08001244   Section        0  stm32f1xx_hal_cortex.o(i.HAL_NVIC_EnableIRQ)
    i.HAL_NVIC_SetPriority                   0x0800125c   Section        0  stm32f1xx_hal_cortex.o(i.HAL_NVIC_SetPriority)
    i.HAL_NVIC_SetPriorityGrouping           0x0800129c   Section        0  stm32f1xx_hal_cortex.o(i.HAL_NVIC_SetPriorityGrouping)
    i.HAL_RCC_ClockConfig                    0x080012c0   Section        0  stm32f1xx_hal_rcc.o(i.HAL_RCC_ClockConfig)
    i.HAL_RCC_GetHCLKFreq                    0x08001414   Section        0  stm32f1xx_hal_rcc.o(i.HAL_RCC_GetHCLKFreq)
    i.HAL_RCC_GetPCLK1Freq                   0x08001420   Section        0  stm32f1xx_hal_rcc.o(i.HAL_RCC_GetPCLK1Freq)
    i.HAL_RCC_GetPCLK2Freq                   0x08001440   Section        0  stm32f1xx_hal_rcc.o(i.HAL_RCC_GetPCLK2Freq)
    i.HAL_RCC_GetSysClockFreq                0x08001460   Section        0  stm32f1xx_hal_rcc.o(i.HAL_RCC_GetSysClockFreq)
    i.HAL_RCC_OscConfig                      0x080014cc   Section        0  stm32f1xx_hal_rcc.o(i.HAL_RCC_OscConfig)
    i.HAL_SYSTICK_CLKSourceConfig            0x080017d0   Section        0  stm32f1xx_hal_cortex.o(i.HAL_SYSTICK_CLKSourceConfig)
    i.HAL_SYSTICK_Callback                   0x080017e8   Section        0  stm32f1xx_hal_cortex.o(i.HAL_SYSTICK_Callback)
    i.HAL_SYSTICK_Config                     0x080017ea   Section        0  stm32f1xx_hal_cortex.o(i.HAL_SYSTICK_Config)
    i.HAL_SYSTICK_IRQHandler                 0x08001812   Section        0  stm32f1xx_hal_cortex.o(i.HAL_SYSTICK_IRQHandler)
    i.HAL_TIMEx_BreakCallback                0x0800181a   Section        0  stm32f1xx_hal_tim_ex.o(i.HAL_TIMEx_BreakCallback)
    i.HAL_TIMEx_CommutationCallback          0x0800181c   Section        0  stm32f1xx_hal_tim_ex.o(i.HAL_TIMEx_CommutationCallback)
    i.HAL_TIMEx_MasterConfigSynchronization  0x0800181e   Section        0  stm32f1xx_hal_tim_ex.o(i.HAL_TIMEx_MasterConfigSynchronization)
    i.HAL_TIM_Base_Init                      0x0800186e   Section        0  stm32f1xx_hal_tim.o(i.HAL_TIM_Base_Init)
    i.HAL_TIM_Base_MspInit                   0x080018a4   Section        0  tim.o(i.HAL_TIM_Base_MspInit)
    i.HAL_TIM_Base_Start_IT                  0x080018e4   Section        0  stm32f1xx_hal_tim.o(i.HAL_TIM_Base_Start_IT)
    i.HAL_TIM_Base_Stop_IT                   0x080018fc   Section        0  stm32f1xx_hal_tim.o(i.HAL_TIM_Base_Stop_IT)
    i.HAL_TIM_ConfigClockSource              0x08001926   Section        0  stm32f1xx_hal_tim.o(i.HAL_TIM_ConfigClockSource)
    i.HAL_TIM_IC_CaptureCallback             0x08001a18   Section        0  stm32f1xx_hal_tim.o(i.HAL_TIM_IC_CaptureCallback)
    i.HAL_TIM_IRQHandler                     0x08001a1a   Section        0  stm32f1xx_hal_tim.o(i.HAL_TIM_IRQHandler)
    i.HAL_TIM_OC_DelayElapsedCallback        0x08001b80   Section        0  stm32f1xx_hal_tim.o(i.HAL_TIM_OC_DelayElapsedCallback)
    i.HAL_TIM_PWM_PulseFinishedCallback      0x08001b82   Section        0  stm32f1xx_hal_tim.o(i.HAL_TIM_PWM_PulseFinishedCallback)
    i.HAL_TIM_PeriodElapsedCallback          0x08001b84   Section        0  main.o(i.HAL_TIM_PeriodElapsedCallback)
    i.HAL_TIM_TriggerCallback                0x08001bc8   Section        0  stm32f1xx_hal_tim.o(i.HAL_TIM_TriggerCallback)
    i.HAL_UART_ErrorCallback                 0x08001bca   Section        0  stm32f1xx_hal_uart.o(i.HAL_UART_ErrorCallback)
    i.HAL_UART_IRQHandler                    0x08001bcc   Section        0  stm32f1xx_hal_uart.o(i.HAL_UART_IRQHandler)
    i.HAL_UART_Init                          0x08001cdc   Section        0  stm32f1xx_hal_uart.o(i.HAL_UART_Init)
    i.HAL_UART_MspInit                       0x08001d40   Section        0  usart.o(i.HAL_UART_MspInit)
    i.HAL_UART_RxCpltCallback                0x08001e40   Section        0  stm32f1xx_hal_uart.o(i.HAL_UART_RxCpltCallback)
    i.HAL_UART_TxCpltCallback                0x08001e42   Section        0  stm32f1xx_hal_uart.o(i.HAL_UART_TxCpltCallback)
    i.HardFault_Handler                      0x08001e44   Section        0  stm32f1xx_it.o(i.HardFault_Handler)
    i.LCD_Clear                              0x08001e48   Section        0  lcd.o(i.LCD_Clear)
    i.LCD_Display_Dir                        0x08001ec8   Section        0  lcd.o(i.LCD_Display_Dir)
    i.LCD_Fast_DrawPoint                     0x08001ffc   Section        0  lcd.o(i.LCD_Fast_DrawPoint)
    i.LCD_Init                               0x0800224c   Section        0  lcd.o(i.LCD_Init)
    i.LCD_RD_DATA                            0x08005a4c   Section        0  lcd.o(i.LCD_RD_DATA)
    i.LCD_ReadReg                            0x08005abc   Section        0  lcd.o(i.LCD_ReadReg)
    i.LCD_SSD_BackLightSet                   0x08005acc   Section        0  lcd.o(i.LCD_SSD_BackLightSet)
    i.LCD_Scan_Dir                           0x08005b68   Section        0  lcd.o(i.LCD_Scan_Dir)
    i.LCD_SetCursor                          0x08005eb8   Section        0  lcd.o(i.LCD_SetCursor)
    i.LCD_ShowChar                           0x08006204   Section        0  lcd.o(i.LCD_ShowChar)
    i.LCD_ShowString                         0x080062d8   Section        0  lcd.o(i.LCD_ShowString)
    i.LCD_WR_DATAX                           0x0800632c   Section        0  lcd.o(i.LCD_WR_DATAX)
    i.LCD_WR_REG                             0x08006350   Section        0  lcd.o(i.LCD_WR_REG)
    i.LCD_WriteRAM_Prepare                   0x08006374   Section        0  lcd.o(i.LCD_WriteRAM_Prepare)
    i.LCD_WriteReg                           0x08006380   Section        0  lcd.o(i.LCD_WriteReg)
    i.LED_Init                               0x080063ac   Section        0  gpio.o(i.LED_Init)
    i.MPU6050_Init                           0x08006420   Section        0  mpu6050.o(i.MPU6050_Init)
    i.MPU6050_PraseData                      0x0800644c   Section        0  mpu6050.o(i.MPU6050_PraseData)
    i.MX_DMA_Init                            0x08006648   Section        0  dma.o(i.MX_DMA_Init)
    i.MX_GPIO_Init                           0x08006664   Section        0  gpio.o(i.MX_GPIO_Init)
    i.MX_NVIC_Init                           0x08006690   Section        0  main.o(i.MX_NVIC_Init)
    MX_NVIC_Init                             0x08006691   Thumb Code   102  main.o(i.MX_NVIC_Init)
    i.MX_TIM3_Init                           0x080066f8   Section        0  tim.o(i.MX_TIM3_Init)
    i.MX_TIM5_Init                           0x08006770   Section        0  tim.o(i.MX_TIM5_Init)
    i.MX_USART1_UART_Init                    0x080067e4   Section        0  usart.o(i.MX_USART1_UART_Init)
    i.MX_USART2_UART_Init                    0x08006830   Section        0  usart.o(i.MX_USART2_UART_Init)
    i.MemManage_Handler                      0x0800687c   Section        0  stm32f1xx_it.o(i.MemManage_Handler)
    i.NMI_Handler                            0x0800687e   Section        0  stm32f1xx_it.o(i.NMI_Handler)
    i.NVIC_SetPriority                       0x08006880   Section        0  stm32f1xx_hal_cortex.o(i.NVIC_SetPriority)
    NVIC_SetPriority                         0x08006881   Thumb Code    32  stm32f1xx_hal_cortex.o(i.NVIC_SetPriority)
    i.PendSV_Handler                         0x080068a0   Section        0  stm32f1xx_it.o(i.PendSV_Handler)
    i.SVC_Handler                            0x080068a2   Section        0  stm32f1xx_it.o(i.SVC_Handler)
    i.SysTick_Handler                        0x080068a4   Section        0  stm32f1xx_it.o(i.SysTick_Handler)
    i.SystemClock_Config                     0x080068b2   Section        0  main.o(i.SystemClock_Config)
    i.SystemInit                             0x0800691c   Section        0  system_stm32f1xx.o(i.SystemInit)
    i.TIM3_IRQHandler                        0x08006964   Section        0  stm32f1xx_it.o(i.TIM3_IRQHandler)
    i.TIM5_IRQHandler                        0x08006970   Section        0  stm32f1xx_it.o(i.TIM5_IRQHandler)
    i.TIM_Base_SetConfig                     0x0800697c   Section        0  stm32f1xx_hal_tim.o(i.TIM_Base_SetConfig)
    i.TIM_ETR_SetConfig                      0x08006a08   Section        0  stm32f1xx_hal_tim.o(i.TIM_ETR_SetConfig)
    TIM_ETR_SetConfig                        0x08006a09   Thumb Code    20  stm32f1xx_hal_tim.o(i.TIM_ETR_SetConfig)
    i.TIM_ITRx_SetConfig                     0x08006a1c   Section        0  stm32f1xx_hal_tim.o(i.TIM_ITRx_SetConfig)
    TIM_ITRx_SetConfig                       0x08006a1d   Thumb Code    16  stm32f1xx_hal_tim.o(i.TIM_ITRx_SetConfig)
    i.TIM_TI1_ConfigInputStage               0x08006a2c   Section        0  stm32f1xx_hal_tim.o(i.TIM_TI1_ConfigInputStage)
    TIM_TI1_ConfigInputStage                 0x08006a2d   Thumb Code    34  stm32f1xx_hal_tim.o(i.TIM_TI1_ConfigInputStage)
    i.TIM_TI2_ConfigInputStage               0x08006a4e   Section        0  stm32f1xx_hal_tim.o(i.TIM_TI2_ConfigInputStage)
    TIM_TI2_ConfigInputStage                 0x08006a4f   Thumb Code    36  stm32f1xx_hal_tim.o(i.TIM_TI2_ConfigInputStage)
    i.UART_DMAAbortOnError                   0x08006a72   Section        0  stm32f1xx_hal_uart.o(i.UART_DMAAbortOnError)
    UART_DMAAbortOnError                     0x08006a73   Thumb Code    16  stm32f1xx_hal_uart.o(i.UART_DMAAbortOnError)
    i.UART_EndRxTransfer                     0x08006a82   Section        0  stm32f1xx_hal_uart.o(i.UART_EndRxTransfer)
    UART_EndRxTransfer                       0x08006a83   Thumb Code    28  stm32f1xx_hal_uart.o(i.UART_EndRxTransfer)
    i.UART_Receive_IT                        0x08006a9e   Section        0  stm32f1xx_hal_uart.o(i.UART_Receive_IT)
    UART_Receive_IT                          0x08006a9f   Thumb Code   150  stm32f1xx_hal_uart.o(i.UART_Receive_IT)
    i.UART_SetConfig                         0x08006b34   Section        0  stm32f1xx_hal_uart.o(i.UART_SetConfig)
    UART_SetConfig                           0x08006b35   Thumb Code   364  stm32f1xx_hal_uart.o(i.UART_SetConfig)
    i.UART_Transmit_IT                       0x08006ca4   Section        0  stm32f1xx_hal_uart.o(i.UART_Transmit_IT)
    UART_Transmit_IT                         0x08006ca5   Thumb Code    98  stm32f1xx_hal_uart.o(i.UART_Transmit_IT)
    i.USART1_IRQHandler                      0x08006d08   Section        0  stm32f1xx_it.o(i.USART1_IRQHandler)
    i.USART2_IRQHandler                      0x08006d9c   Section        0  stm32f1xx_it.o(i.USART2_IRQHandler)
    i.UsageFault_Handler                     0x08006e0c   Section        0  stm32f1xx_it.o(i.UsageFault_Handler)
    i._Error_Handler                         0x08006e0e   Section        0  main.o(i._Error_Handler)
    i.__0printf                              0x08006e10   Section        0  printfa.o(i.__0printf)
    i.__0sprintf                             0x08006e30   Section        0  printfa.o(i.__0sprintf)
    i.__scatterload_copy                     0x08006e58   Section       14  handlers.o(i.__scatterload_copy)
    i.__scatterload_null                     0x08006e66   Section        2  handlers.o(i.__scatterload_null)
    i.__scatterload_zeroinit                 0x08006e68   Section       14  handlers.o(i.__scatterload_zeroinit)
    i._fp_digits                             0x08006e78   Section        0  printfa.o(i._fp_digits)
    _fp_digits                               0x08006e79   Thumb Code   366  printfa.o(i._fp_digits)
    i._printf_core                           0x08006ffc   Section        0  printfa.o(i._printf_core)
    _printf_core                             0x08006ffd   Thumb Code  1744  printfa.o(i._printf_core)
    i._printf_post_padding                   0x080076d8   Section        0  printfa.o(i._printf_post_padding)
    _printf_post_padding                     0x080076d9   Thumb Code    36  printfa.o(i._printf_post_padding)
    i._printf_pre_padding                    0x080076fc   Section        0  printfa.o(i._printf_pre_padding)
    _printf_pre_padding                      0x080076fd   Thumb Code    46  printfa.o(i._printf_pre_padding)
    i._sputc                                 0x0800772a   Section        0  printfa.o(i._sputc)
    _sputc                                   0x0800772b   Thumb Code    10  printfa.o(i._sputc)
    i.clrStruct                              0x08007734   Section        0  gps.o(i.clrStruct)
    i.delay_us                               0x08007788   Section        0  lcd.o(i.delay_us)
    i.fputc                                  0x080077b0   Section        0  usart.o(i.fputc)
    i.main                                   0x080077c8   Section        0  main.o(i.main)
    .constdata                               0x08007a8c   Section       16  system_stm32f1xx.o(.constdata)
    .constdata                               0x08007a9c   Section        8  system_stm32f1xx.o(.constdata)
    .constdata                               0x08007aa4   Section     6080  lcd.o(.constdata)
    .data                                    0x20000000   Section       12  stm32f1xx_hal.o(.data)
    .data                                    0x2000000c   Section        4  system_stm32f1xx.o(.data)
    .data                                    0x20000010   Section        4  main.o(.data)
    .data                                    0x20000014   Section        2  usart.o(.data)
    .data                                    0x20000016   Section        1  usart.o(.data)
    .data                                    0x20000018   Section        8  mpu6050.o(.data)
    .data                                    0x20000020   Section        9  gps.o(.data)
    .data                                    0x2000002c   Section        8  lcd.o(.data)
    .data                                    0x20000034   Section        4  stdout.o(.data)
    .bss                                     0x20000038   Section      240  main.o(.bss)
    ClearBuffer                              0x20000038   Data          30  main.o(.bss)
    MPU6050Buffer                            0x20000056   Data          30  main.o(.bss)
    MPU6050Buffer1                           0x20000074   Data          30  main.o(.bss)
    .bss                                     0x20000128   Section      128  tim.o(.bss)
    .bss                                     0x200001a8   Section      256  usart.o(.bss)
    .bss                                     0x200002a8   Section      264  usart.o(.bss)
    .bss                                     0x200003b0   Section       11  stm32f1xx_it.o(.bss)
    .bss                                     0x200003bc   Section      102  mpu6050.o(.bss)
    temp                                     0x20000417   Data          11  mpu6050.o(.bss)
    .bss                                     0x20000422   Section      536  gps.o(.bss)
    .bss                                     0x2000063a   Section       14  lcd.o(.bss)
    STACK                                    0x20000648   Section     1024  startup_stm32f103xe.o(STACK)

    Global Symbols

    Symbol Name                              Value     Ov Type        Size  Object(Section)

    BuildAttributes$$THM_ISAv4$P$D$K$B$S$PE$A:L22UL41UL21$X:L11$S22US41US21$IEEE1$IW$USESV6$~STKCKD$USESV7$~SHL$OTIME$ROPI$EBA8$MICROLIB$REQ8$PRES8$EABIv2 0x00000000   Number         0  anon$$obj.o ABSOLUTE
    __ARM_use_no_argv                        0x00000000   Number         0  main.o ABSOLUTE
    _printf_a                                0x00000000   Number         0  stubs.o ABSOLUTE
    _printf_c                                0x00000000   Number         0  stubs.o ABSOLUTE
    _printf_charcount                        0x00000000   Number         0  stubs.o ABSOLUTE
    _printf_d                                0x00000000   Number         0  stubs.o ABSOLUTE
    _printf_e                                0x00000000   Number         0  stubs.o ABSOLUTE
    _printf_f                                0x00000000   Number         0  stubs.o ABSOLUTE
    _printf_flags                            0x00000000   Number         0  stubs.o ABSOLUTE
    _printf_fp_dec                           0x00000000   Number         0  stubs.o ABSOLUTE
    _printf_fp_hex                           0x00000000   Number         0  stubs.o ABSOLUTE
    _printf_g                                0x00000000   Number         0  stubs.o ABSOLUTE
    _printf_i                                0x00000000   Number         0  stubs.o ABSOLUTE
    _printf_int_dec                          0x00000000   Number         0  stubs.o ABSOLUTE
    _printf_l                                0x00000000   Number         0  stubs.o ABSOLUTE
    _printf_lc                               0x00000000   Number         0  stubs.o ABSOLUTE
    _printf_ll                               0x00000000   Number         0  stubs.o ABSOLUTE
    _printf_lld                              0x00000000   Number         0  stubs.o ABSOLUTE
    _printf_lli                              0x00000000   Number         0  stubs.o ABSOLUTE
    _printf_llo                              0x00000000   Number         0  stubs.o ABSOLUTE
    _printf_llu                              0x00000000   Number         0  stubs.o ABSOLUTE
    _printf_llx                              0x00000000   Number         0  stubs.o ABSOLUTE
    _printf_longlong_dec                     0x00000000   Number         0  stubs.o ABSOLUTE
    _printf_longlong_hex                     0x00000000   Number         0  stubs.o ABSOLUTE
    _printf_longlong_oct                     0x00000000   Number         0  stubs.o ABSOLUTE
    _printf_ls                               0x00000000   Number         0  stubs.o ABSOLUTE
    _printf_mbtowc                           0x00000000   Number         0  stubs.o ABSOLUTE
    _printf_n                                0x00000000   Number         0  stubs.o ABSOLUTE
    _printf_o                                0x00000000   Number         0  stubs.o ABSOLUTE
    _printf_p                                0x00000000   Number         0  stubs.o ABSOLUTE
    _printf_percent                          0x00000000   Number         0  stubs.o ABSOLUTE
    _printf_pre_padding                      0x00000000   Number         0  stubs.o ABSOLUTE
    _printf_return_value                     0x00000000   Number         0  stubs.o ABSOLUTE
    _printf_s                                0x00000000   Number         0  stubs.o ABSOLUTE
    _printf_sizespec                         0x00000000   Number         0  stubs.o ABSOLUTE
    _printf_str                              0x00000000   Number         0  stubs.o ABSOLUTE
    _printf_truncate_signed                  0x00000000   Number         0  stubs.o ABSOLUTE
    _printf_truncate_unsigned                0x00000000   Number         0  stubs.o ABSOLUTE
    _printf_u                                0x00000000   Number         0  stubs.o ABSOLUTE
    _printf_wc                               0x00000000   Number         0  stubs.o ABSOLUTE
    _printf_wctomb                           0x00000000   Number         0  stubs.o ABSOLUTE
    _printf_widthprec                        0x00000000   Number         0  stubs.o ABSOLUTE
    _printf_x                                0x00000000   Number         0  stubs.o ABSOLUTE
    __cpp_initialize__aeabi_                  - Undefined Weak Reference
    __cxa_finalize                            - Undefined Weak Reference
    __decompress                              - Undefined Weak Reference
    _clock_init                               - Undefined Weak Reference
    _microlib_exit                            - Undefined Weak Reference
    __Vectors_Size                           0x00000130   Number         0  startup_stm32f103xe.o ABSOLUTE
    __Vectors                                0x08000000   Data           4  startup_stm32f103xe.o(RESET)
    __Vectors_End                            0x08000130   Data           0  startup_stm32f103xe.o(RESET)
    __main                                   0x08000131   Thumb Code     0  entry.o(.ARM.Collect$$$$00000000)
    _main_stk                                0x08000131   Thumb Code     0  entry2.o(.ARM.Collect$$$$00000001)
    _main_scatterload                        0x08000135   Thumb Code     0  entry5.o(.ARM.Collect$$$$00000004)
    __main_after_scatterload                 0x08000139   Thumb Code     0  entry5.o(.ARM.Collect$$$$00000004)
    _main_clock                              0x08000139   Thumb Code     0  entry7b.o(.ARM.Collect$$$$00000008)
    _main_cpp_init                           0x08000139   Thumb Code     0  entry8b.o(.ARM.Collect$$$$0000000A)
    _main_init                               0x08000139   Thumb Code     0  entry9a.o(.ARM.Collect$$$$0000000B)
    __rt_final_cpp                           0x08000141   Thumb Code     0  entry10a.o(.ARM.Collect$$$$0000000D)
    __rt_final_exit                          0x08000141   Thumb Code     0  entry11a.o(.ARM.Collect$$$$0000000F)
    Reset_Handler                            0x08000145   Thumb Code     8  startup_stm32f103xe.o(.text)
    ADC1_2_IRQHandler                        0x0800015f   Thumb Code     0  startup_stm32f103xe.o(.text)
    ADC3_IRQHandler                          0x0800015f   Thumb Code     0  startup_stm32f103xe.o(.text)
    CAN1_RX1_IRQHandler                      0x0800015f   Thumb Code     0  startup_stm32f103xe.o(.text)
    CAN1_SCE_IRQHandler                      0x0800015f   Thumb Code     0  startup_stm32f103xe.o(.text)
    DMA1_Channel1_IRQHandler                 0x0800015f   Thumb Code     0  startup_stm32f103xe.o(.text)
    DMA1_Channel2_IRQHandler                 0x0800015f   Thumb Code     0  startup_stm32f103xe.o(.text)
    DMA1_Channel3_IRQHandler                 0x0800015f   Thumb Code     0  startup_stm32f103xe.o(.text)
    DMA1_Channel4_IRQHandler                 0x0800015f   Thumb Code     0  startup_stm32f103xe.o(.text)
    DMA1_Channel7_IRQHandler                 0x0800015f   Thumb Code     0  startup_stm32f103xe.o(.text)
    DMA2_Channel1_IRQHandler                 0x0800015f   Thumb Code     0  startup_stm32f103xe.o(.text)
    DMA2_Channel2_IRQHandler                 0x0800015f   Thumb Code     0  startup_stm32f103xe.o(.text)
    DMA2_Channel3_IRQHandler                 0x0800015f   Thumb Code     0  startup_stm32f103xe.o(.text)
    DMA2_Channel4_5_IRQHandler               0x0800015f   Thumb Code     0  startup_stm32f103xe.o(.text)
    EXTI0_IRQHandler                         0x0800015f   Thumb Code     0  startup_stm32f103xe.o(.text)
    EXTI15_10_IRQHandler                     0x0800015f   Thumb Code     0  startup_stm32f103xe.o(.text)
    EXTI1_IRQHandler                         0x0800015f   Thumb Code     0  startup_stm32f103xe.o(.text)
    EXTI2_IRQHandler                         0x0800015f   Thumb Code     0  startup_stm32f103xe.o(.text)
    EXTI3_IRQHandler                         0x0800015f   Thumb Code     0  startup_stm32f103xe.o(.text)
    EXTI4_IRQHandler                         0x0800015f   Thumb Code     0  startup_stm32f103xe.o(.text)
    EXTI9_5_IRQHandler                       0x0800015f   Thumb Code     0  startup_stm32f103xe.o(.text)
    FLASH_IRQHandler                         0x0800015f   Thumb Code     0  startup_stm32f103xe.o(.text)
    FSMC_IRQHandler                          0x0800015f   Thumb Code     0  startup_stm32f103xe.o(.text)
    I2C1_ER_IRQHandler                       0x0800015f   Thumb Code     0  startup_stm32f103xe.o(.text)
    I2C1_EV_IRQHandler                       0x0800015f   Thumb Code     0  startup_stm32f103xe.o(.text)
    I2C2_ER_IRQHandler                       0x0800015f   Thumb Code     0  startup_stm32f103xe.o(.text)
    I2C2_EV_IRQHandler                       0x0800015f   Thumb Code     0  startup_stm32f103xe.o(.text)
    PVD_IRQHandler                           0x0800015f   Thumb Code     0  startup_stm32f103xe.o(.text)
    RCC_IRQHandler                           0x0800015f   Thumb Code     0  startup_stm32f103xe.o(.text)
    RTC_Alarm_IRQHandler                     0x0800015f   Thumb Code     0  startup_stm32f103xe.o(.text)
    RTC_IRQHandler                           0x0800015f   Thumb Code     0  startup_stm32f103xe.o(.text)
    SDIO_IRQHandler                          0x0800015f   Thumb Code     0  startup_stm32f103xe.o(.text)
    SPI1_IRQHandler                          0x0800015f   Thumb Code     0  startup_stm32f103xe.o(.text)
    SPI2_IRQHandler                          0x0800015f   Thumb Code     0  startup_stm32f103xe.o(.text)
    SPI3_IRQHandler                          0x0800015f   Thumb Code     0  startup_stm32f103xe.o(.text)
    TAMPER_IRQHandler                        0x0800015f   Thumb Code     0  startup_stm32f103xe.o(.text)
    TIM1_BRK_IRQHandler                      0x0800015f   Thumb Code     0  startup_stm32f103xe.o(.text)
    TIM1_CC_IRQHandler                       0x0800015f   Thumb Code     0  startup_stm32f103xe.o(.text)
    TIM1_TRG_COM_IRQHandler                  0x0800015f   Thumb Code     0  startup_stm32f103xe.o(.text)
    TIM1_UP_IRQHandler                       0x0800015f   Thumb Code     0  startup_stm32f103xe.o(.text)
    TIM2_IRQHandler                          0x0800015f   Thumb Code     0  startup_stm32f103xe.o(.text)
    TIM4_IRQHandler                          0x0800015f   Thumb Code     0  startup_stm32f103xe.o(.text)
    TIM6_IRQHandler                          0x0800015f   Thumb Code     0  startup_stm32f103xe.o(.text)
    TIM7_IRQHandler                          0x0800015f   Thumb Code     0  startup_stm32f103xe.o(.text)
    TIM8_BRK_IRQHandler                      0x0800015f   Thumb Code     0  startup_stm32f103xe.o(.text)
    TIM8_CC_IRQHandler                       0x0800015f   Thumb Code     0  startup_stm32f103xe.o(.text)
    TIM8_TRG_COM_IRQHandler                  0x0800015f   Thumb Code     0  startup_stm32f103xe.o(.text)
    TIM8_UP_IRQHandler                       0x0800015f   Thumb Code     0  startup_stm32f103xe.o(.text)
    UART4_IRQHandler                         0x0800015f   Thumb Code     0  startup_stm32f103xe.o(.text)
    UART5_IRQHandler                         0x0800015f   Thumb Code     0  startup_stm32f103xe.o(.text)
    USART3_IRQHandler                        0x0800015f   Thumb Code     0  startup_stm32f103xe.o(.text)
    USBWakeUp_IRQHandler                     0x0800015f   Thumb Code     0  startup_stm32f103xe.o(.text)
    USB_HP_CAN1_TX_IRQHandler                0x0800015f   Thumb Code     0  startup_stm32f103xe.o(.text)
    USB_LP_CAN1_RX0_IRQHandler               0x0800015f   Thumb Code     0  startup_stm32f103xe.o(.text)
    WWDG_IRQHandler                          0x0800015f   Thumb Code     0  startup_stm32f103xe.o(.text)
    __aeabi_llsr                             0x08000169   Thumb Code    32  llushr.o(.text)
    _ll_ushift_r                             0x08000169   Thumb Code     0  llushr.o(.text)
    __aeabi_memcpy                           0x08000189   Thumb Code    36  memcpya.o(.text)
    __aeabi_memcpy4                          0x08000189   Thumb Code     0  memcpya.o(.text)
    __aeabi_memcpy8                          0x08000189   Thumb Code     0  memcpya.o(.text)
    __aeabi_memset                           0x080001ad   Thumb Code    14  memseta.o(.text)
    __aeabi_memset4                          0x080001ad   Thumb Code     0  memseta.o(.text)
    __aeabi_memset8                          0x080001ad   Thumb Code     0  memseta.o(.text)
    __aeabi_memclr                           0x080001bb   Thumb Code     4  memseta.o(.text)
    __aeabi_memclr4                          0x080001bb   Thumb Code     0  memseta.o(.text)
    __aeabi_memclr8                          0x080001bb   Thumb Code     0  memseta.o(.text)
    _memset$wrapper                          0x080001bf   Thumb Code    18  memseta.o(.text)
    strstr                                   0x080001d1   Thumb Code    36  strstr.o(.text)
    __aeabi_dadd                             0x080001f5   Thumb Code   322  dadd.o(.text)
    __aeabi_dsub                             0x08000337   Thumb Code     6  dadd.o(.text)
    __aeabi_drsub                            0x0800033d   Thumb Code     6  dadd.o(.text)
    __aeabi_dmul                             0x08000343   Thumb Code   228  dmul.o(.text)
    __aeabi_ddiv                             0x08000427   Thumb Code   222  ddiv.o(.text)
    __ARM_scalbn                             0x08000505   Thumb Code    46  dscalb.o(.text)
    scalbn                                   0x08000505   Thumb Code     0  dscalb.o(.text)
    __aeabi_i2d                              0x08000533   Thumb Code    34  dflti.o(.text)
    __aeabi_ui2d                             0x08000555   Thumb Code    26  dfltui.o(.text)
    __aeabi_d2uiz                            0x0800056f   Thumb Code    50  dfixui.o(.text)
    __aeabi_f2d                              0x080005a1   Thumb Code    38  f2d.o(.text)
    __aeabi_d2f                              0x080005c7   Thumb Code    56  d2f.o(.text)
    __aeabi_uidiv                            0x080005ff   Thumb Code     0  uidiv.o(.text)
    __aeabi_uidivmod                         0x080005ff   Thumb Code    44  uidiv.o(.text)
    __aeabi_uldivmod                         0x0800062b   Thumb Code    98  uldiv.o(.text)
    __aeabi_llsl                             0x0800068d   Thumb Code    30  llshl.o(.text)
    _ll_shift_l                              0x0800068d   Thumb Code     0  llshl.o(.text)
    __aeabi_lasr                             0x080006ab   Thumb Code    36  llsshr.o(.text)
    _ll_sshift_r                             0x080006ab   Thumb Code     0  llsshr.o(.text)
    __I$use$fp                               0x080006cf   Thumb Code     0  iusefp.o(.text)
    _float_round                             0x080006cf   Thumb Code    18  fepilogue.o(.text)
    _float_epilogue                          0x080006e1   Thumb Code    92  fepilogue.o(.text)
    _double_round                            0x0800073d   Thumb Code    30  depilogue.o(.text)
    _double_epilogue                         0x0800075b   Thumb Code   156  depilogue.o(.text)
    __aeabi_d2ulz                            0x080007f7   Thumb Code    48  dfixul.o(.text)
    __aeabi_cdrcmple                         0x08000829   Thumb Code    48  cdrcmple.o(.text)
    __scatterload                            0x08000859   Thumb Code    28  init.o(.text)
    __scatterload_rt2                        0x08000859   Thumb Code     0  init.o(.text)
    BusFault_Handler                         0x0800087d   Thumb Code     2  stm32f1xx_it.o(i.BusFault_Handler)
    DMA1_Channel5_IRQHandler                 0x08000881   Thumb Code     6  stm32f1xx_it.o(i.DMA1_Channel5_IRQHandler)
    DMA1_Channel6_IRQHandler                 0x0800088d   Thumb Code     6  stm32f1xx_it.o(i.DMA1_Channel6_IRQHandler)
    DebugMon_Handler                         0x08000899   Thumb Code     2  stm32f1xx_it.o(i.DebugMon_Handler)
    GPS_dataPrase                            0x0800089d   Thumb Code   556  gps.o(i.GPS_dataPrase)
    HAL_DMA_Abort_IT                         0x08000b31   Thumb Code   296  stm32f1xx_hal_dma.o(i.HAL_DMA_Abort_IT)
    HAL_DMA_IRQHandler                       0x08000c61   Thumb Code   552  stm32f1xx_hal_dma.o(i.HAL_DMA_IRQHandler)
    HAL_DMA_Init                             0x08000ea9   Thumb Code   120  stm32f1xx_hal_dma.o(i.HAL_DMA_Init)
    HAL_Delay                                0x08000f2d   Thumb Code    32  stm32f1xx_hal.o(i.HAL_Delay)
    HAL_GPIO_Init                            0x08000f51   Thumb Code   446  stm32f1xx_hal_gpio.o(i.HAL_GPIO_Init)
    HAL_GPIO_WritePin                        0x08001139   Thumb Code    10  stm32f1xx_hal_gpio.o(i.HAL_GPIO_WritePin)
    HAL_GetTick                              0x08001145   Thumb Code     6  stm32f1xx_hal.o(i.HAL_GetTick)
    HAL_IncTick                              0x08001151   Thumb Code    12  stm32f1xx_hal.o(i.HAL_IncTick)
    HAL_Init                                 0x08001161   Thumb Code    32  stm32f1xx_hal.o(i.HAL_Init)
    HAL_InitTick                             0x08001185   Thumb Code    54  stm32f1xx_hal.o(i.HAL_InitTick)
    HAL_MspInit                              0x080011c5   Thumb Code   118  stm32f1xx_hal_msp.o(i.HAL_MspInit)
    HAL_NVIC_EnableIRQ                       0x08001245   Thumb Code    22  stm32f1xx_hal_cortex.o(i.HAL_NVIC_EnableIRQ)
    HAL_NVIC_SetPriority                     0x0800125d   Thumb Code    60  stm32f1xx_hal_cortex.o(i.HAL_NVIC_SetPriority)
    HAL_NVIC_SetPriorityGrouping             0x0800129d   Thumb Code    26  stm32f1xx_hal_cortex.o(i.HAL_NVIC_SetPriorityGrouping)
    HAL_RCC_ClockConfig                      0x080012c1   Thumb Code   322  stm32f1xx_hal_rcc.o(i.HAL_RCC_ClockConfig)
    HAL_RCC_GetHCLKFreq                      0x08001415   Thumb Code     6  stm32f1xx_hal_rcc.o(i.HAL_RCC_GetHCLKFreq)
    HAL_RCC_GetPCLK1Freq                     0x08001421   Thumb Code    20  stm32f1xx_hal_rcc.o(i.HAL_RCC_GetPCLK1Freq)
    HAL_RCC_GetPCLK2Freq                     0x08001441   Thumb Code    20  stm32f1xx_hal_rcc.o(i.HAL_RCC_GetPCLK2Freq)
    HAL_RCC_GetSysClockFreq                  0x08001461   Thumb Code    74  stm32f1xx_hal_rcc.o(i.HAL_RCC_GetSysClockFreq)
    HAL_RCC_OscConfig                        0x080014cd   Thumb Code   750  stm32f1xx_hal_rcc.o(i.HAL_RCC_OscConfig)
    HAL_SYSTICK_CLKSourceConfig              0x080017d1   Thumb Code    24  stm32f1xx_hal_cortex.o(i.HAL_SYSTICK_CLKSourceConfig)
    HAL_SYSTICK_Callback                     0x080017e9   Thumb Code     2  stm32f1xx_hal_cortex.o(i.HAL_SYSTICK_Callback)
    HAL_SYSTICK_Config                       0x080017eb   Thumb Code    40  stm32f1xx_hal_cortex.o(i.HAL_SYSTICK_Config)
    HAL_SYSTICK_IRQHandler                   0x08001813   Thumb Code     8  stm32f1xx_hal_cortex.o(i.HAL_SYSTICK_IRQHandler)
    HAL_TIMEx_BreakCallback                  0x0800181b   Thumb Code     2  stm32f1xx_hal_tim_ex.o(i.HAL_TIMEx_BreakCallback)
    HAL_TIMEx_CommutationCallback            0x0800181d   Thumb Code     2  stm32f1xx_hal_tim_ex.o(i.HAL_TIMEx_CommutationCallback)
    HAL_TIMEx_MasterConfigSynchronization    0x0800181f   Thumb Code    80  stm32f1xx_hal_tim_ex.o(i.HAL_TIMEx_MasterConfigSynchronization)
    HAL_TIM_Base_Init                        0x0800186f   Thumb Code    54  stm32f1xx_hal_tim.o(i.HAL_TIM_Base_Init)
    HAL_TIM_Base_MspInit                     0x080018a5   Thumb Code    52  tim.o(i.HAL_TIM_Base_MspInit)
    HAL_TIM_Base_Start_IT                    0x080018e5   Thumb Code    24  stm32f1xx_hal_tim.o(i.HAL_TIM_Base_Start_IT)
    HAL_TIM_Base_Stop_IT                     0x080018fd   Thumb Code    42  stm32f1xx_hal_tim.o(i.HAL_TIM_Base_Stop_IT)
    HAL_TIM_ConfigClockSource                0x08001927   Thumb Code   242  stm32f1xx_hal_tim.o(i.HAL_TIM_ConfigClockSource)
    HAL_TIM_IC_CaptureCallback               0x08001a19   Thumb Code     2  stm32f1xx_hal_tim.o(i.HAL_TIM_IC_CaptureCallback)
    HAL_TIM_IRQHandler                       0x08001a1b   Thumb Code   358  stm32f1xx_hal_tim.o(i.HAL_TIM_IRQHandler)
    HAL_TIM_OC_DelayElapsedCallback          0x08001b81   Thumb Code     2  stm32f1xx_hal_tim.o(i.HAL_TIM_OC_DelayElapsedCallback)
    HAL_TIM_PWM_PulseFinishedCallback        0x08001b83   Thumb Code     2  stm32f1xx_hal_tim.o(i.HAL_TIM_PWM_PulseFinishedCallback)
    HAL_TIM_PeriodElapsedCallback            0x08001b85   Thumb Code    52  main.o(i.HAL_TIM_PeriodElapsedCallback)
    HAL_TIM_TriggerCallback                  0x08001bc9   Thumb Code     2  stm32f1xx_hal_tim.o(i.HAL_TIM_TriggerCallback)
    HAL_UART_ErrorCallback                   0x08001bcb   Thumb Code     2  stm32f1xx_hal_uart.o(i.HAL_UART_ErrorCallback)
    HAL_UART_IRQHandler                      0x08001bcd   Thumb Code   266  stm32f1xx_hal_uart.o(i.HAL_UART_IRQHandler)
    HAL_UART_Init                            0x08001cdd   Thumb Code    98  stm32f1xx_hal_uart.o(i.HAL_UART_Init)
    HAL_UART_MspInit                         0x08001d41   Thumb Code   216  usart.o(i.HAL_UART_MspInit)
    HAL_UART_RxCpltCallback                  0x08001e41   Thumb Code     2  stm32f1xx_hal_uart.o(i.HAL_UART_RxCpltCallback)
    HAL_UART_TxCpltCallback                  0x08001e43   Thumb Code     2  stm32f1xx_hal_uart.o(i.HAL_UART_TxCpltCallback)
    HardFault_Handler                        0x08001e45   Thumb Code     2  stm32f1xx_it.o(i.HardFault_Handler)
    LCD_Clear                                0x08001e49   Thumb Code   116  lcd.o(i.LCD_Clear)
    LCD_Display_Dir                          0x08001ec9   Thumb Code   304  lcd.o(i.LCD_Display_Dir)
    LCD_Fast_DrawPoint                       0x08001ffd   Thumb Code   578  lcd.o(i.LCD_Fast_DrawPoint)
    LCD_Init                                 0x0800224d   Thumb Code 14324  lcd.o(i.LCD_Init)
    LCD_RD_DATA                              0x08005a4d   Thumb Code   100  lcd.o(i.LCD_RD_DATA)
    LCD_ReadReg                              0x08005abd   Thumb Code    14  lcd.o(i.LCD_ReadReg)
    LCD_SSD_BackLightSet                     0x08005acd   Thumb Code   142  lcd.o(i.LCD_SSD_BackLightSet)
    LCD_Scan_Dir                             0x08005b69   Thumb Code   836  lcd.o(i.LCD_Scan_Dir)
    LCD_SetCursor                            0x08005eb9   Thumb Code   832  lcd.o(i.LCD_SetCursor)
    LCD_ShowChar                             0x08006205   Thumb Code   190  lcd.o(i.LCD_ShowChar)
    LCD_ShowString                           0x080062d9   Thumb Code    84  lcd.o(i.LCD_ShowString)
    LCD_WR_DATAX                             0x0800632d   Thumb Code    26  lcd.o(i.LCD_WR_DATAX)
    LCD_WR_REG                               0x08006351   Thumb Code    26  lcd.o(i.LCD_WR_REG)
    LCD_WriteRAM_Prepare                     0x08006375   Thumb Code     8  lcd.o(i.LCD_WriteRAM_Prepare)
    LCD_WriteReg                             0x08006381   Thumb Code    34  lcd.o(i.LCD_WriteReg)
    LED_Init                                 0x080063ad   Thumb Code   102  gpio.o(i.LED_Init)
    MPU6050_Init                             0x08006421   Thumb Code    36  mpu6050.o(i.MPU6050_Init)
    MPU6050_PraseData                        0x0800644d   Thumb Code   484  mpu6050.o(i.MPU6050_PraseData)
    MX_DMA_Init                              0x08006649   Thumb Code    22  dma.o(i.MX_DMA_Init)
    MX_GPIO_Init                             0x08006665   Thumb Code    38  gpio.o(i.MX_GPIO_Init)
    MX_TIM3_Init                             0x080066f9   Thumb Code    96  tim.o(i.MX_TIM3_Init)
    MX_TIM5_Init                             0x08006771   Thumb Code    92  tim.o(i.MX_TIM5_Init)
    MX_USART1_UART_Init                      0x080067e5   Thumb Code    52  usart.o(i.MX_USART1_UART_Init)
    MX_USART2_UART_Init                      0x08006831   Thumb Code    52  usart.o(i.MX_USART2_UART_Init)
    MemManage_Handler                        0x0800687d   Thumb Code     2  stm32f1xx_it.o(i.MemManage_Handler)
    NMI_Handler                              0x0800687f   Thumb Code     2  stm32f1xx_it.o(i.NMI_Handler)
    PendSV_Handler                           0x080068a1   Thumb Code     2  stm32f1xx_it.o(i.PendSV_Handler)
    SVC_Handler                              0x080068a3   Thumb Code     2  stm32f1xx_it.o(i.SVC_Handler)
    SysTick_Handler                          0x080068a5   Thumb Code    14  stm32f1xx_it.o(i.SysTick_Handler)
    SystemClock_Config                       0x080068b3   Thumb Code   104  main.o(i.SystemClock_Config)
    SystemInit                               0x0800691d   Thumb Code    56  system_stm32f1xx.o(i.SystemInit)
    TIM3_IRQHandler                          0x08006965   Thumb Code     6  stm32f1xx_it.o(i.TIM3_IRQHandler)
    TIM5_IRQHandler                          0x08006971   Thumb Code     6  stm32f1xx_it.o(i.TIM5_IRQHandler)
    TIM_Base_SetConfig                       0x0800697d   Thumb Code   120  stm32f1xx_hal_tim.o(i.TIM_Base_SetConfig)
    USART1_IRQHandler                        0x08006d09   Thumb Code   128  stm32f1xx_it.o(i.USART1_IRQHandler)
    USART2_IRQHandler                        0x08006d9d   Thumb Code    86  stm32f1xx_it.o(i.USART2_IRQHandler)
    UsageFault_Handler                       0x08006e0d   Thumb Code     2  stm32f1xx_it.o(i.UsageFault_Handler)
    _Error_Handler                           0x08006e0f   Thumb Code     2  main.o(i._Error_Handler)
    __0printf                                0x08006e11   Thumb Code    22  printfa.o(i.__0printf)
    __1printf                                0x08006e11   Thumb Code     0  printfa.o(i.__0printf)
    __2printf                                0x08006e11   Thumb Code     0  printfa.o(i.__0printf)
    __c89printf                              0x08006e11   Thumb Code     0  printfa.o(i.__0printf)
    printf                                   0x08006e11   Thumb Code     0  printfa.o(i.__0printf)
    __0sprintf                               0x08006e31   Thumb Code    34  printfa.o(i.__0sprintf)
    __1sprintf                               0x08006e31   Thumb Code     0  printfa.o(i.__0sprintf)
    __2sprintf                               0x08006e31   Thumb Code     0  printfa.o(i.__0sprintf)
    __c89sprintf                             0x08006e31   Thumb Code     0  printfa.o(i.__0sprintf)
    sprintf                                  0x08006e31   Thumb Code     0  printfa.o(i.__0sprintf)
    __scatterload_copy                       0x08006e59   Thumb Code    14  handlers.o(i.__scatterload_copy)
    __scatterload_null                       0x08006e67   Thumb Code     2  handlers.o(i.__scatterload_null)
    __scatterload_zeroinit                   0x08006e69   Thumb Code    14  handlers.o(i.__scatterload_zeroinit)
    clrStruct                                0x08007735   Thumb Code    80  gps.o(i.clrStruct)
    delay_us                                 0x08007789   Thumb Code    32  lcd.o(i.delay_us)
    fputc                                    0x080077b1   Thumb Code    18  usart.o(i.fputc)
    main                                     0x080077c9   Thumb Code   604  main.o(i.main)
    AHBPrescTable                            0x08007a8c   Data          16  system_stm32f1xx.o(.constdata)
    APBPrescTable                            0x08007a9c   Data           8  system_stm32f1xx.o(.constdata)
    asc2_1206                                0x08007aa4   Data        1140  lcd.o(.constdata)
    asc2_1608                                0x08007f18   Data        1520  lcd.o(.constdata)
    asc2_2412                                0x08008508   Data        3420  lcd.o(.constdata)
    Region$$Table$$Base                      0x08009264   Number         0  anon$$obj.o(Region$$Table)
    Region$$Table$$Limit                     0x08009284   Number         0  anon$$obj.o(Region$$Table)
    uwTickFreq                               0x20000000   Data           1  stm32f1xx_hal.o(.data)
    uwTickPrio                               0x20000004   Data           4  stm32f1xx_hal.o(.data)
    uwTick                                   0x20000008   Data           4  stm32f1xx_hal.o(.data)
    SystemCoreClock                          0x2000000c   Data           4  system_stm32f1xx.o(.data)
    gTim3Flag                                0x20000010   Data           1  main.o(.data)
    gTim3Cnt                                 0x20000012   Data           2  main.o(.data)
    gCount                                   0x20000014   Data           2  usart.o(.data)
    gRevFlag                                 0x20000016   Data           1  usart.o(.data)
    counter                                  0x20000018   Data           1  mpu6050.o(.data)
    sign                                     0x20000019   Data           1  mpu6050.o(.data)
    T                                        0x2000001c   Data           4  mpu6050.o(.data)
    GPSDataFlag                              0x20000020   Data           1  gps.o(.data)
    GPGSAFlag                                0x20000021   Data           1  gps.o(.data)
    GPGSVFlag                                0x20000022   Data           1  gps.o(.data)
    SIViewString                             0x20000023   Data           2  gps.o(.data)
    PDOPString                               0x20000025   Data           4  gps.o(.data)
    POINT_COLOR                              0x2000002c   Data           2  lcd.o(.data)
    BACK_COLOR                               0x2000002e   Data           2  lcd.o(.data)
    timeCnt                                  0x20000030   Data           4  lcd.o(.data)
    __stdout                                 0x20000034   Data           4  stdout.o(.data)
    UTC                                      0x20000092   Data          30  main.o(.bss)
    LatLongInfo                              0x200000b0   Data          30  main.o(.bss)
    PositingInfo                             0x200000ce   Data          30  main.o(.bss)
    GroundSpeedInfo                          0x200000ec   Data          30  main.o(.bss)
    GroundCourseinfo                         0x2000010a   Data          30  main.o(.bss)
    htim3                                    0x20000128   Data          64  tim.o(.bss)
    htim5                                    0x20000168   Data          64  tim.o(.bss)
    RevRxDataBuffer                          0x200001a8   Data         256  usart.o(.bss)
    huart1                                   0x200002a8   Data          64  usart.o(.bss)
    huart2                                   0x200002e8   Data          64  usart.o(.bss)
    hdma_usart1_rx                           0x20000328   Data          68  usart.o(.bss)
    hdma_usart2_rx                           0x2000036c   Data          68  usart.o(.bss)
    temp                                     0x200003b0   Data          11  stm32f1xx_it.o(.bss)
    gMPU6050_Info                            0x200003bc   Data          44  mpu6050.o(.bss)
    a                                        0x200003e8   Data          12  mpu6050.o(.bss)
    w                                        0x200003f4   Data          12  mpu6050.o(.bss)
    angle                                    0x20000400   Data          12  mpu6050.o(.bss)
    Re_buf                                   0x2000040c   Data          11  mpu6050.o(.bss)
    Save_Data                                0x20000422   Data         261  gps.o(.bss)
    GPGSABUffer                              0x20000527   Data          65  gps.o(.bss)
    GPGSVBuffer                              0x20000568   Data         210  gps.o(.bss)
    lcddev                                   0x2000063a   Data          14  lcd.o(.bss)
    __initial_sp                             0x20000a48   Data           0  startup_stm32f103xe.o(STACK)



==============================================================================

Memory Map of the image

  Image Entry point : 0x08000131

  Load Region LR_IROM1 (Base: 0x08000000, Size: 0x000092bc, Max: 0x00040000, ABSOLUTE)

    Execution Region ER_IROM1 (Exec base: 0x08000000, Load base: 0x08000000, Size: 0x00009284, Max: 0x00040000, ABSOLUTE)

    Exec Addr    Load Addr    Size         Type   Attr      Idx    E Section Name        Object

    0x08000000   0x08000000   0x00000130   Data   RO            3    RESET               startup_stm32f103xe.o
    0x08000130   0x08000130   0x00000000   Code   RO         2932  * .ARM.Collect$$$$00000000  mc_w.l(entry.o)
    0x08000130   0x08000130   0x00000004   Code   RO         3224    .ARM.Collect$$$$00000001  mc_w.l(entry2.o)
    0x08000134   0x08000134   0x00000004   Code   RO         3227    .ARM.Collect$$$$00000004  mc_w.l(entry5.o)
    0x08000138   0x08000138   0x00000000   Code   RO         3229    .ARM.Collect$$$$00000008  mc_w.l(entry7b.o)
    0x08000138   0x08000138   0x00000000   Code   RO         3231    .ARM.Collect$$$$0000000A  mc_w.l(entry8b.o)
    0x08000138   0x08000138   0x00000008   Code   RO         3232    .ARM.Collect$$$$0000000B  mc_w.l(entry9a.o)
    0x08000140   0x08000140   0x00000000   Code   RO         3234    .ARM.Collect$$$$0000000D  mc_w.l(entry10a.o)
    0x08000140   0x08000140   0x00000000   Code   RO         3236    .ARM.Collect$$$$0000000F  mc_w.l(entry11a.o)
    0x08000140   0x08000140   0x00000004   Code   RO         3225    .ARM.Collect$$$$00002712  mc_w.l(entry2.o)
    0x08000144   0x08000144   0x00000024   Code   RO            4    .text               startup_stm32f103xe.o
    0x08000168   0x08000168   0x00000020   Code   RO         2935    .text               mc_w.l(llushr.o)
    0x08000188   0x08000188   0x00000024   Code   RO         2937    .text               mc_w.l(memcpya.o)
    0x080001ac   0x080001ac   0x00000024   Code   RO         2939    .text               mc_w.l(memseta.o)
    0x080001d0   0x080001d0   0x00000024   Code   RO         2941    .text               mc_w.l(strstr.o)
    0x080001f4   0x080001f4   0x0000014e   Code   RO         3206    .text               mf_w.l(dadd.o)
    0x08000342   0x08000342   0x000000e4   Code   RO         3208    .text               mf_w.l(dmul.o)
    0x08000426   0x08000426   0x000000de   Code   RO         3210    .text               mf_w.l(ddiv.o)
    0x08000504   0x08000504   0x0000002e   Code   RO         3212    .text               mf_w.l(dscalb.o)
    0x08000532   0x08000532   0x00000022   Code   RO         3214    .text               mf_w.l(dflti.o)
    0x08000554   0x08000554   0x0000001a   Code   RO         3216    .text               mf_w.l(dfltui.o)
    0x0800056e   0x0800056e   0x00000032   Code   RO         3218    .text               mf_w.l(dfixui.o)
    0x080005a0   0x080005a0   0x00000026   Code   RO         3220    .text               mf_w.l(f2d.o)
    0x080005c6   0x080005c6   0x00000038   Code   RO         3222    .text               mf_w.l(d2f.o)
    0x080005fe   0x080005fe   0x0000002c   Code   RO         3239    .text               mc_w.l(uidiv.o)
    0x0800062a   0x0800062a   0x00000062   Code   RO         3241    .text               mc_w.l(uldiv.o)
    0x0800068c   0x0800068c   0x0000001e   Code   RO         3243    .text               mc_w.l(llshl.o)
    0x080006aa   0x080006aa   0x00000024   Code   RO         3245    .text               mc_w.l(llsshr.o)
    0x080006ce   0x080006ce   0x00000000   Code   RO         3247    .text               mc_w.l(iusefp.o)
    0x080006ce   0x080006ce   0x0000006e   Code   RO         3248    .text               mf_w.l(fepilogue.o)
    0x0800073c   0x0800073c   0x000000ba   Code   RO         3250    .text               mf_w.l(depilogue.o)
    0x080007f6   0x080007f6   0x00000030   Code   RO         3252    .text               mf_w.l(dfixul.o)
    0x08000826   0x08000826   0x00000002   PAD
    0x08000828   0x08000828   0x00000030   Code   RO         3254    .text               mf_w.l(cdrcmple.o)
    0x08000858   0x08000858   0x00000024   Code   RO         3256    .text               mc_w.l(init.o)
    0x0800087c   0x0800087c   0x00000002   Code   RO         2513    i.BusFault_Handler  stm32f1xx_it.o
    0x0800087e   0x0800087e   0x00000002   PAD
    0x08000880   0x08000880   0x0000000c   Code   RO         2514    i.DMA1_Channel5_IRQHandler  stm32f1xx_it.o
    0x0800088c   0x0800088c   0x0000000c   Code   RO         2515    i.DMA1_Channel6_IRQHandler  stm32f1xx_it.o
    0x08000898   0x08000898   0x00000002   Code   RO         2516    i.DebugMon_Handler  stm32f1xx_it.o
    0x0800089a   0x0800089a   0x00000002   PAD
    0x0800089c   0x0800089c   0x00000294   Code   RO         2673    i.GPS_dataPrase     gps.o
    0x08000b30   0x08000b30   0x00000130   Code   RO         1129    i.HAL_DMA_Abort_IT  stm32f1xx_hal_dma.o
    0x08000c60   0x08000c60   0x00000248   Code   RO         1133    i.HAL_DMA_IRQHandler  stm32f1xx_hal_dma.o
    0x08000ea8   0x08000ea8   0x00000084   Code   RO         1134    i.HAL_DMA_Init      stm32f1xx_hal_dma.o
    0x08000f2c   0x08000f2c   0x00000024   Code   RO         1346    i.HAL_Delay         stm32f1xx_hal.o
    0x08000f50   0x08000f50   0x000001e8   Code   RO          331    i.HAL_GPIO_Init     stm32f1xx_hal_gpio.o
    0x08001138   0x08001138   0x0000000a   Code   RO          335    i.HAL_GPIO_WritePin  stm32f1xx_hal_gpio.o
    0x08001142   0x08001142   0x00000002   PAD
    0x08001144   0x08001144   0x0000000c   Code   RO         1350    i.HAL_GetTick       stm32f1xx_hal.o
    0x08001150   0x08001150   0x00000010   Code   RO         1354    i.HAL_IncTick       stm32f1xx_hal.o
    0x08001160   0x08001160   0x00000024   Code   RO         1355    i.HAL_Init          stm32f1xx_hal.o
    0x08001184   0x08001184   0x00000040   Code   RO         1356    i.HAL_InitTick      stm32f1xx_hal.o
    0x080011c4   0x080011c4   0x00000080   Code   RO         2489    i.HAL_MspInit       stm32f1xx_hal_msp.o
    0x08001244   0x08001244   0x00000016   Code   RO         1224    i.HAL_NVIC_EnableIRQ  stm32f1xx_hal_cortex.o
    0x0800125a   0x0800125a   0x00000002   PAD
    0x0800125c   0x0800125c   0x00000040   Code   RO         1230    i.HAL_NVIC_SetPriority  stm32f1xx_hal_cortex.o
    0x0800129c   0x0800129c   0x00000024   Code   RO         1231    i.HAL_NVIC_SetPriorityGrouping  stm32f1xx_hal_cortex.o
    0x080012c0   0x080012c0   0x00000154   Code   RO         1026    i.HAL_RCC_ClockConfig  stm32f1xx_hal_rcc.o
    0x08001414   0x08001414   0x0000000c   Code   RO         1031    i.HAL_RCC_GetHCLKFreq  stm32f1xx_hal_rcc.o
    0x08001420   0x08001420   0x00000020   Code   RO         1033    i.HAL_RCC_GetPCLK1Freq  stm32f1xx_hal_rcc.o
    0x08001440   0x08001440   0x00000020   Code   RO         1034    i.HAL_RCC_GetPCLK2Freq  stm32f1xx_hal_rcc.o
    0x08001460   0x08001460   0x0000006c   Code   RO         1035    i.HAL_RCC_GetSysClockFreq  stm32f1xx_hal_rcc.o
    0x080014cc   0x080014cc   0x00000304   Code   RO         1038    i.HAL_RCC_OscConfig  stm32f1xx_hal_rcc.o
    0x080017d0   0x080017d0   0x00000018   Code   RO         1233    i.HAL_SYSTICK_CLKSourceConfig  stm32f1xx_hal_cortex.o
    0x080017e8   0x080017e8   0x00000002   Code   RO         1234    i.HAL_SYSTICK_Callback  stm32f1xx_hal_cortex.o
    0x080017ea   0x080017ea   0x00000028   Code   RO         1235    i.HAL_SYSTICK_Config  stm32f1xx_hal_cortex.o
    0x08001812   0x08001812   0x00000008   Code   RO         1236    i.HAL_SYSTICK_IRQHandler  stm32f1xx_hal_cortex.o
    0x0800181a   0x0800181a   0x00000002   Code   RO           13    i.HAL_TIMEx_BreakCallback  stm32f1xx_hal_tim_ex.o
    0x0800181c   0x0800181c   0x00000002   Code   RO           14    i.HAL_TIMEx_CommutationCallback  stm32f1xx_hal_tim_ex.o
    0x0800181e   0x0800181e   0x00000050   Code   RO           30    i.HAL_TIMEx_MasterConfigSynchronization  stm32f1xx_hal_tim_ex.o
    0x0800186e   0x0800186e   0x00000036   Code   RO          396    i.HAL_TIM_Base_Init  stm32f1xx_hal_tim.o
    0x080018a4   0x080018a4   0x00000040   Code   RO         2331    i.HAL_TIM_Base_MspInit  tim.o
    0x080018e4   0x080018e4   0x00000018   Code   RO          401    i.HAL_TIM_Base_Start_IT  stm32f1xx_hal_tim.o
    0x080018fc   0x080018fc   0x0000002a   Code   RO          404    i.HAL_TIM_Base_Stop_IT  stm32f1xx_hal_tim.o
    0x08001926   0x08001926   0x000000f2   Code   RO          405    i.HAL_TIM_ConfigClockSource  stm32f1xx_hal_tim.o
    0x08001a18   0x08001a18   0x00000002   Code   RO          425    i.HAL_TIM_IC_CaptureCallback  stm32f1xx_hal_tim.o
    0x08001a1a   0x08001a1a   0x00000166   Code   RO          438    i.HAL_TIM_IRQHandler  stm32f1xx_hal_tim.o
    0x08001b80   0x08001b80   0x00000002   Code   RO          441    i.HAL_TIM_OC_DelayElapsedCallback  stm32f1xx_hal_tim.o
    0x08001b82   0x08001b82   0x00000002   Code   RO          468    i.HAL_TIM_PWM_PulseFinishedCallback  stm32f1xx_hal_tim.o
    0x08001b84   0x08001b84   0x00000044   Code   RO         2247    i.HAL_TIM_PeriodElapsedCallback  main.o
    0x08001bc8   0x08001bc8   0x00000002   Code   RO          479    i.HAL_TIM_TriggerCallback  stm32f1xx_hal_tim.o
    0x08001bca   0x08001bca   0x00000002   Code   RO         1904    i.HAL_UART_ErrorCallback  stm32f1xx_hal_uart.o
    0x08001bcc   0x08001bcc   0x00000110   Code   RO         1907    i.HAL_UART_IRQHandler  stm32f1xx_hal_uart.o
    0x08001cdc   0x08001cdc   0x00000062   Code   RO         1908    i.HAL_UART_Init     stm32f1xx_hal_uart.o
    0x08001d3e   0x08001d3e   0x00000002   PAD
    0x08001d40   0x08001d40   0x00000100   Code   RO         2403    i.HAL_UART_MspInit  usart.o
    0x08001e40   0x08001e40   0x00000002   Code   RO         1914    i.HAL_UART_RxCpltCallback  stm32f1xx_hal_uart.o
    0x08001e42   0x08001e42   0x00000002   Code   RO         1919    i.HAL_UART_TxCpltCallback  stm32f1xx_hal_uart.o
    0x08001e44   0x08001e44   0x00000002   Code   RO         2517    i.HardFault_Handler  stm32f1xx_it.o
    0x08001e46   0x08001e46   0x00000002   PAD
    0x08001e48   0x08001e48   0x00000080   Code   RO         2712    i.LCD_Clear         lcd.o
    0x08001ec8   0x08001ec8   0x00000134   Code   RO         2716    i.LCD_Display_Dir   lcd.o
    0x08001ffc   0x08001ffc   0x00000250   Code   RO         2721    i.LCD_Fast_DrawPoint  lcd.o
    0x0800224c   0x0800224c   0x00003800   Code   RO         2723    i.LCD_Init          lcd.o
    0x08005a4c   0x08005a4c   0x00000070   Code   RO         2725    i.LCD_RD_DATA       lcd.o
    0x08005abc   0x08005abc   0x0000000e   Code   RO         2727    i.LCD_ReadReg       lcd.o
    0x08005aca   0x08005aca   0x00000002   PAD
    0x08005acc   0x08005acc   0x0000009c   Code   RO         2728    i.LCD_SSD_BackLightSet  lcd.o
    0x08005b68   0x08005b68   0x00000350   Code   RO         2729    i.LCD_Scan_Dir      lcd.o
    0x08005eb8   0x08005eb8   0x0000034c   Code   RO         2730    i.LCD_SetCursor     lcd.o
    0x08006204   0x08006204   0x000000d4   Code   RO         2732    i.LCD_ShowChar      lcd.o
    0x080062d8   0x080062d8   0x00000054   Code   RO         2734    i.LCD_ShowString    lcd.o
    0x0800632c   0x0800632c   0x00000024   Code   RO         2736    i.LCD_WR_DATAX      lcd.o
    0x08006350   0x08006350   0x00000024   Code   RO         2737    i.LCD_WR_REG        lcd.o
    0x08006374   0x08006374   0x0000000c   Code   RO         2739    i.LCD_WriteRAM_Prepare  lcd.o
    0x08006380   0x08006380   0x0000002c   Code   RO         2740    i.LCD_WriteReg      lcd.o
    0x080063ac   0x080063ac   0x00000074   Code   RO         2459    i.LED_Init          gpio.o
    0x08006420   0x08006420   0x0000002c   Code   RO         2629    i.MPU6050_Init      mpu6050.o
    0x0800644c   0x0800644c   0x000001fc   Code   RO         2630    i.MPU6050_PraseData  mpu6050.o
    0x08006648   0x08006648   0x0000001c   Code   RO         2378    i.MX_DMA_Init       dma.o
    0x08006664   0x08006664   0x0000002c   Code   RO         2460    i.MX_GPIO_Init      gpio.o
    0x08006690   0x08006690   0x00000066   Code   RO         2248    i.MX_NVIC_Init      main.o
    0x080066f6   0x080066f6   0x00000002   PAD
    0x080066f8   0x080066f8   0x00000078   Code   RO         2332    i.MX_TIM3_Init      tim.o
    0x08006770   0x08006770   0x00000074   Code   RO         2333    i.MX_TIM5_Init      tim.o
    0x080067e4   0x080067e4   0x0000004c   Code   RO         2404    i.MX_USART1_UART_Init  usart.o
    0x08006830   0x08006830   0x0000004c   Code   RO         2405    i.MX_USART2_UART_Init  usart.o
    0x0800687c   0x0800687c   0x00000002   Code   RO         2518    i.MemManage_Handler  stm32f1xx_it.o
    0x0800687e   0x0800687e   0x00000002   Code   RO         2519    i.NMI_Handler       stm32f1xx_it.o
    0x08006880   0x08006880   0x00000020   Code   RO         1237    i.NVIC_SetPriority  stm32f1xx_hal_cortex.o
    0x080068a0   0x080068a0   0x00000002   Code   RO         2520    i.PendSV_Handler    stm32f1xx_it.o
    0x080068a2   0x080068a2   0x00000002   Code   RO         2521    i.SVC_Handler       stm32f1xx_it.o
    0x080068a4   0x080068a4   0x0000000e   Code   RO         2522    i.SysTick_Handler   stm32f1xx_it.o
    0x080068b2   0x080068b2   0x00000068   Code   RO         2249    i.SystemClock_Config  main.o
    0x0800691a   0x0800691a   0x00000002   PAD
    0x0800691c   0x0800691c   0x00000048   Code   RO         2210    i.SystemInit        system_stm32f1xx.o
    0x08006964   0x08006964   0x0000000c   Code   RO         2523    i.TIM3_IRQHandler   stm32f1xx_it.o
    0x08006970   0x08006970   0x0000000c   Code   RO         2524    i.TIM5_IRQHandler   stm32f1xx_it.o
    0x0800697c   0x0800697c   0x0000008c   Code   RO          480    i.TIM_Base_SetConfig  stm32f1xx_hal_tim.o
    0x08006a08   0x08006a08   0x00000014   Code   RO          487    i.TIM_ETR_SetConfig  stm32f1xx_hal_tim.o
    0x08006a1c   0x08006a1c   0x00000010   Code   RO          488    i.TIM_ITRx_SetConfig  stm32f1xx_hal_tim.o
    0x08006a2c   0x08006a2c   0x00000022   Code   RO          494    i.TIM_TI1_ConfigInputStage  stm32f1xx_hal_tim.o
    0x08006a4e   0x08006a4e   0x00000024   Code   RO          496    i.TIM_TI2_ConfigInputStage  stm32f1xx_hal_tim.o
    0x08006a72   0x08006a72   0x00000010   Code   RO         1921    i.UART_DMAAbortOnError  stm32f1xx_hal_uart.o
    0x08006a82   0x08006a82   0x0000001c   Code   RO         1931    i.UART_EndRxTransfer  stm32f1xx_hal_uart.o
    0x08006a9e   0x08006a9e   0x00000096   Code   RO         1933    i.UART_Receive_IT   stm32f1xx_hal_uart.o
    0x08006b34   0x08006b34   0x00000170   Code   RO         1934    i.UART_SetConfig    stm32f1xx_hal_uart.o
    0x08006ca4   0x08006ca4   0x00000062   Code   RO         1935    i.UART_Transmit_IT  stm32f1xx_hal_uart.o
    0x08006d06   0x08006d06   0x00000002   PAD
    0x08006d08   0x08006d08   0x00000094   Code   RO         2525    i.USART1_IRQHandler  stm32f1xx_it.o
    0x08006d9c   0x08006d9c   0x00000070   Code   RO         2526    i.USART2_IRQHandler  stm32f1xx_it.o
    0x08006e0c   0x08006e0c   0x00000002   Code   RO         2527    i.UsageFault_Handler  stm32f1xx_it.o
    0x08006e0e   0x08006e0e   0x00000002   Code   RO         2250    i._Error_Handler    main.o
    0x08006e10   0x08006e10   0x00000020   Code   RO         3178    i.__0printf         mc_w.l(printfa.o)
    0x08006e30   0x08006e30   0x00000028   Code   RO         3180    i.__0sprintf        mc_w.l(printfa.o)
    0x08006e58   0x08006e58   0x0000000e   Code   RO         3260    i.__scatterload_copy  mc_w.l(handlers.o)
    0x08006e66   0x08006e66   0x00000002   Code   RO         3261    i.__scatterload_null  mc_w.l(handlers.o)
    0x08006e68   0x08006e68   0x0000000e   Code   RO         3262    i.__scatterload_zeroinit  mc_w.l(handlers.o)
    0x08006e76   0x08006e76   0x00000002   PAD
    0x08006e78   0x08006e78   0x00000184   Code   RO         3185    i._fp_digits        mc_w.l(printfa.o)
    0x08006ffc   0x08006ffc   0x000006dc   Code   RO         3186    i._printf_core      mc_w.l(printfa.o)
    0x080076d8   0x080076d8   0x00000024   Code   RO         3187    i._printf_post_padding  mc_w.l(printfa.o)
    0x080076fc   0x080076fc   0x0000002e   Code   RO         3188    i._printf_pre_padding  mc_w.l(printfa.o)
    0x0800772a   0x0800772a   0x0000000a   Code   RO         3190    i._sputc            mc_w.l(printfa.o)
    0x08007734   0x08007734   0x00000054   Code   RO         2674    i.clrStruct         gps.o
    0x08007788   0x08007788   0x00000028   Code   RO         2741    i.delay_us          lcd.o
    0x080077b0   0x080077b0   0x00000018   Code   RO         2406    i.fputc             usart.o
    0x080077c8   0x080077c8   0x000002c4   Code   RO         2251    i.main              main.o
    0x08007a8c   0x08007a8c   0x00000010   Data   RO         2211    .constdata          system_stm32f1xx.o
    0x08007a9c   0x08007a9c   0x00000008   Data   RO         2212    .constdata          system_stm32f1xx.o
    0x08007aa4   0x08007aa4   0x000017c0   Data   RO         2744    .constdata          lcd.o
    0x08009264   0x08009264   0x00000020   Data   RO         3258    Region$$Table       anon$$obj.o


    Execution Region RW_IRAM1 (Exec base: 0x20000000, Load base: 0x08009284, Size: 0x00000a48, Max: 0x0000c000, ABSOLUTE)

    Exec Addr    Load Addr    Size         Type   Attr      Idx    E Section Name        Object

    0x20000000   0x08009284   0x0000000c   Data   RW         1362    .data               stm32f1xx_hal.o
    0x2000000c   0x08009290   0x00000004   Data   RW         2213    .data               system_stm32f1xx.o
    0x20000010   0x08009294   0x00000004   Data   RW         2253    .data               main.o
    0x20000014   0x08009298   0x00000002   Data   RW         2409    .data               usart.o
    0x20000016   0x0800929a   0x00000001   Data   RW         2410    .data               usart.o
    0x20000017   0x0800929b   0x00000001   PAD
    0x20000018   0x0800929c   0x00000008   Data   RW         2633    .data               mpu6050.o
    0x20000020   0x080092a4   0x00000009   Data   RW         2676    .data               gps.o
    0x20000029   0x080092ad   0x00000003   PAD
    0x2000002c   0x080092b0   0x00000008   Data   RW         2745    .data               lcd.o
    0x20000034   0x080092b8   0x00000004   Data   RW         3238    .data               mc_w.l(stdout.o)
    0x20000038        -       0x000000f0   Zero   RW         2252    .bss                main.o
    0x20000128        -       0x00000080   Zero   RW         2334    .bss                tim.o
    0x200001a8        -       0x00000100   Zero   RW         2407    .bss                usart.o
    0x200002a8        -       0x00000108   Zero   RW         2408    .bss                usart.o
    0x200003b0        -       0x0000000b   Zero   RW         2528    .bss                stm32f1xx_it.o
    0x200003bb   0x080092bc   0x00000001   PAD
    0x200003bc        -       0x00000066   Zero   RW         2631    .bss                mpu6050.o
    0x20000422        -       0x00000218   Zero   RW         2675    .bss                gps.o
    0x2000063a        -       0x0000000e   Zero   RW         2743    .bss                lcd.o
    0x20000648        -       0x00000400   Zero   RW            1    STACK               startup_stm32f103xe.o


==============================================================================

Image component sizes


      Code (inc. data)   RO Data    RW Data    ZI Data      Debug   Object Name

        28          6          0          0          0        714   dma.o
       160         20          0          0          0       1354   gpio.o
       744        118          0          9        536       4064   gps.o
     17802        216       6080          8         14      22217   lcd.o
       984        120          0          4        240       3880   main.o
       552         32          0          8        102       2495   mpu6050.o
        36          8        304          0       1024        804   startup_stm32f103xe.o
       164         28          0         12          0       3841   stm32f1xx_hal.o
       228         14          0          0          0      27385   stm32f1xx_hal_cortex.o
      1020         52          0          0          0       2859   stm32f1xx_hal_dma.o
       498         42          0          0          0       2892   stm32f1xx_hal_gpio.o
       128         10          0          0          0        870   stm32f1xx_hal_msp.o
      1296        104          0          0          0       5640   stm32f1xx_hal_rcc.o
       974         20          0          0          0      10046   stm32f1xx_hal_tim.o
        84          0          0          0          0     481366   stm32f1xx_hal_tim_ex.o
      1036         10          0          0          0       7051   stm32f1xx_hal_uart.o
       338         70          0          0         11       7663   stm32f1xx_it.o
        72         16         24          4          0       1163   system_stm32f1xx.o
       300         60          0          0        128       2223   tim.o
       432         94          0          3        520       3033   usart.o

    ----------------------------------------------------------------------
     26896       1040       6440         52       2576     591560   Object Totals
         0          0         32          0          0          0   (incl. Generated)
        20          0          0          4          1          0   (incl. Padding)

    ----------------------------------------------------------------------

      Code (inc. data)   RO Data    RW Data    ZI Data      Debug   Library Member Name

         0          0          0          0          0          0   entry.o
         0          0          0          0          0          0   entry10a.o
         0          0          0          0          0          0   entry11a.o
         8          4          0          0          0          0   entry2.o
         4          0          0          0          0          0   entry5.o
         0          0          0          0          0          0   entry7b.o
         0          0          0          0          0          0   entry8b.o
         8          4          0          0          0          0   entry9a.o
        30          0          0          0          0          0   handlers.o
        36          8          0          0          0         68   init.o
         0          0          0          0          0          0   iusefp.o
        30          0          0          0          0         68   llshl.o
        36          0          0          0          0         68   llsshr.o
        32          0          0          0          0         68   llushr.o
        36          0          0          0          0         68   memcpya.o
        36          0          0          0          0        108   memseta.o
      2308         96          0          0          0        604   printfa.o
         0          0          0          4          0          0   stdout.o
        36          0          0          0          0         80   strstr.o
        44          0          0          0          0         80   uidiv.o
        98          0          0          0          0         92   uldiv.o
        48          0          0          0          0         68   cdrcmple.o
        56          0          0          0          0         88   d2f.o
       334          0          0          0          0        148   dadd.o
       222          0          0          0          0        100   ddiv.o
       186          0          0          0          0        176   depilogue.o
        50          0          0          0          0         76   dfixui.o
        48          0          0          0          0         68   dfixul.o
        34          0          0          0          0         76   dflti.o
        26          0          0          0          0         76   dfltui.o
       228          0          0          0          0         96   dmul.o
        46          0          0          0          0         80   dscalb.o
        38          0          0          0          0         68   f2d.o
       110          0          0          0          0        168   fepilogue.o

    ----------------------------------------------------------------------
      4172        112          0          4          0       2592   Library Totals
         4          0          0          0          0          0   (incl. Padding)

    ----------------------------------------------------------------------

      Code (inc. data)   RO Data    RW Data    ZI Data      Debug   Library Name

      2742        112          0          4          0       1304   mc_w.l
      1426          0          0          0          0       1288   mf_w.l

    ----------------------------------------------------------------------
      4172        112          0          4          0       2592   Library Totals

    ----------------------------------------------------------------------

==============================================================================


      Code (inc. data)   RO Data    RW Data    ZI Data      Debug   

     31068       1152       6440         56       2576     587752   Grand Totals
     31068       1152       6440         56       2576     587752   ELF Image Totals
     31068       1152       6440         56          0          0   ROM Totals

==============================================================================

    Total RO  Size (Code + RO Data)                37508 (  36.63kB)
    Total RW  Size (RW Data + ZI Data)              2632 (   2.57kB)
    Total ROM Size (Code + RO Data + RW Data)      37564 (  36.68kB)

==============================================================================

